Archive member included to satisfy reference by file (symbol)

C:/Users/KauanFarias/.pico-sdk/toolchain/13_3_Rel1/bin/../lib/gcc/arm-none-eabi/13.3.1/thumb/v6-m/nofp\libgcc.a(_dvmd_tls.o)
                              CMakeFiles/Tarefa_1.dir/C_/Users/KauanFarias/.pico-sdk/sdk/2.1.0/src/rp2_common/pico_divider/divider_hardware.S.obj (__aeabi_idiv0)
C:/Users/KauanFarias/.pico-sdk/toolchain/13_3_Rel1/bin/../lib/gcc/arm-none-eabi/13.3.1/thumb/v6-m/nofp\libg.a(libc_a-calloc.o)
                              CMakeFiles/Tarefa_1.dir/C_/Users/KauanFarias/.pico-sdk/sdk/2.1.0/src/rp2_common/pico_malloc/malloc.c.obj (calloc)
C:/Users/KauanFarias/.pico-sdk/toolchain/13_3_Rel1/bin/../lib/gcc/arm-none-eabi/13.3.1/thumb/v6-m/nofp\libg.a(libc_a-callocr.o)
                              C:/Users/KauanFarias/.pico-sdk/toolchain/13_3_Rel1/bin/../lib/gcc/arm-none-eabi/13.3.1/thumb/v6-m/nofp\libg.a(libc_a-calloc.o) (_calloc_r)
C:/Users/KauanFarias/.pico-sdk/toolchain/13_3_Rel1/bin/../lib/gcc/arm-none-eabi/13.3.1/thumb/v6-m/nofp\libg.a(libc_a-malloc.o)
                              CMakeFiles/Tarefa_1.dir/C_/Users/KauanFarias/.pico-sdk/sdk/2.1.0/src/rp2_common/pico_malloc/malloc.c.obj (malloc)
C:/Users/KauanFarias/.pico-sdk/toolchain/13_3_Rel1/bin/../lib/gcc/arm-none-eabi/13.3.1/thumb/v6-m/nofp\libg.a(libc_a-mallocr.o)
                              C:/Users/KauanFarias/.pico-sdk/toolchain/13_3_Rel1/bin/../lib/gcc/arm-none-eabi/13.3.1/thumb/v6-m/nofp\libg.a(libc_a-callocr.o) (_malloc_r)
C:/Users/KauanFarias/.pico-sdk/toolchain/13_3_Rel1/bin/../lib/gcc/arm-none-eabi/13.3.1/thumb/v6-m/nofp\libg.a(libc_a-mlock.o)
                              C:/Users/KauanFarias/.pico-sdk/toolchain/13_3_Rel1/bin/../lib/gcc/arm-none-eabi/13.3.1/thumb/v6-m/nofp\libg.a(libc_a-mallocr.o) (__malloc_lock)
C:/Users/KauanFarias/.pico-sdk/toolchain/13_3_Rel1/bin/../lib/gcc/arm-none-eabi/13.3.1/thumb/v6-m/nofp\libg.a(libc_a-realloc.o)
                              CMakeFiles/Tarefa_1.dir/C_/Users/KauanFarias/.pico-sdk/sdk/2.1.0/src/rp2_common/pico_malloc/malloc.c.obj (realloc)
C:/Users/KauanFarias/.pico-sdk/toolchain/13_3_Rel1/bin/../lib/gcc/arm-none-eabi/13.3.1/thumb/v6-m/nofp\libg.a(libc_a-reallocr.o)
                              C:/Users/KauanFarias/.pico-sdk/toolchain/13_3_Rel1/bin/../lib/gcc/arm-none-eabi/13.3.1/thumb/v6-m/nofp\libg.a(libc_a-realloc.o) (_realloc_r)
C:/Users/KauanFarias/.pico-sdk/toolchain/13_3_Rel1/bin/../lib/gcc/arm-none-eabi/13.3.1/thumb/v6-m/nofp\libg.a(libc_a-memcmp.o)
                              CMakeFiles/Tarefa_1.dir/C_/Users/KauanFarias/.pico-sdk/sdk/2.1.0/src/rp2_common/pico_atomic/atomic.c.obj (memcmp)
C:/Users/KauanFarias/.pico-sdk/toolchain/13_3_Rel1/bin/../lib/gcc/arm-none-eabi/13.3.1/thumb/v6-m/nofp\libg.a(libc_a-memmove.o)
                              C:/Users/KauanFarias/.pico-sdk/toolchain/13_3_Rel1/bin/../lib/gcc/arm-none-eabi/13.3.1/thumb/v6-m/nofp\libg.a(libc_a-reallocr.o) (memmove)
C:/Users/KauanFarias/.pico-sdk/toolchain/13_3_Rel1/bin/../lib/gcc/arm-none-eabi/13.3.1/thumb/v6-m/nofp\libg.a(libc_a-lcltime_r.o)
                              CMakeFiles/Tarefa_1.dir/C_/Users/KauanFarias/.pico-sdk/sdk/2.1.0/src/common/pico_util/datetime.c.obj (localtime_r)
C:/Users/KauanFarias/.pico-sdk/toolchain/13_3_Rel1/bin/../lib/gcc/arm-none-eabi/13.3.1/thumb/v6-m/nofp\libg.a(libc_a-mktime.o)
                              CMakeFiles/Tarefa_1.dir/C_/Users/KauanFarias/.pico-sdk/sdk/2.1.0/src/common/pico_util/datetime.c.obj (mktime)
C:/Users/KauanFarias/.pico-sdk/toolchain/13_3_Rel1/bin/../lib/gcc/arm-none-eabi/13.3.1/thumb/v6-m/nofp\libg.a(libc_a-month_lengths.o)
                              C:/Users/KauanFarias/.pico-sdk/toolchain/13_3_Rel1/bin/../lib/gcc/arm-none-eabi/13.3.1/thumb/v6-m/nofp\libg.a(libc_a-lcltime_r.o) (__month_lengths)
C:/Users/KauanFarias/.pico-sdk/toolchain/13_3_Rel1/bin/../lib/gcc/arm-none-eabi/13.3.1/thumb/v6-m/nofp\libg.a(libc_a-tzcalc_limits.o)
                              C:/Users/KauanFarias/.pico-sdk/toolchain/13_3_Rel1/bin/../lib/gcc/arm-none-eabi/13.3.1/thumb/v6-m/nofp\libg.a(libc_a-lcltime_r.o) (__tzcalc_limits)
C:/Users/KauanFarias/.pico-sdk/toolchain/13_3_Rel1/bin/../lib/gcc/arm-none-eabi/13.3.1/thumb/v6-m/nofp\libg.a(libc_a-tzlock.o)
                              C:/Users/KauanFarias/.pico-sdk/toolchain/13_3_Rel1/bin/../lib/gcc/arm-none-eabi/13.3.1/thumb/v6-m/nofp\libg.a(libc_a-lcltime_r.o) (__tz_lock)
C:/Users/KauanFarias/.pico-sdk/toolchain/13_3_Rel1/bin/../lib/gcc/arm-none-eabi/13.3.1/thumb/v6-m/nofp\libg.a(libc_a-tzset.o)
                              C:/Users/KauanFarias/.pico-sdk/toolchain/13_3_Rel1/bin/../lib/gcc/arm-none-eabi/13.3.1/thumb/v6-m/nofp\libg.a(libc_a-lcltime_r.o) (_tzset_unlocked)
C:/Users/KauanFarias/.pico-sdk/toolchain/13_3_Rel1/bin/../lib/gcc/arm-none-eabi/13.3.1/thumb/v6-m/nofp\libg.a(libc_a-tzset_r.o)
[...]
Memory Configuration

Name             Origin             Length             Attributes
FLASH            0x10000000         0x00200000         xr
RAM              0x20000000         0x00040000         xrw
SCRATCH_X        0x20040000         0x00001000         xrw
SCRATCH_Y        0x20041000         0x00001000         xrw
*default*        0x00000000         0xffffffff

Linker script and memory map

LOAD C:/Users/KauanFarias/.pico-sdk/toolchain/13_3_Rel1/bin/../lib/gcc/arm-none-eabi/13.3.1/thumb/v6-m/nofp/crti.o
LOAD C:/Users/KauanFarias/.pico-sdk/toolchain/13_3_Rel1/bin/../lib/gcc/arm-none-eabi/13.3.1/thumb/v6-m/nofp/crtbegin.o
LOAD C:/Users/KauanFarias/.pico-sdk/toolchain/13_3_Rel1/bin/../lib/gcc/arm-none-eabi/13.3.1/thumb/v6-m/nofp/crt0.o

.flash_begin    0x10000000        0x0
                0x10000000                        __flash_binary_start = .

.boot2          0x10000000      0x100
                0x10000000                        __boot2_start__ = .
 *(.boot2)
 .boot2         0x10000000      0x100 pico-sdk/src/rp2040/boot_stage2/CMakeFiles/bs2_default_library.dir/./bs2_default_padded_checksummed.S.obj
                0x10000100                        __boot2_end__ = .
                0x00000001                        ASSERT (((__boot2_end__ - __boot2_start__) == 0x100), ERROR: Pico second stage bootloader must be 256 bytes in size)

.text           0x10000100     0x1e68
                0x10000100                        __logical_binary_start = .
 *(.vectors)
 .vectors       0x10000100       0xd4 CMakeFiles/Tarefa_1.dir/C_/Users/KauanFarias/.pico-sdk/sdk/2.1.0/src/rp2_common/pico_crt0/crt0.S.obj
                0x10000100                __VECTOR_TABLE
                0x10000100                __vectors
                0x100001c0                isr_invalid
                0x100001c0                __default_isrs_start
                0x100001c2                isr_nmi
                0x100001c4                isr_hardfault
                0x100001c6                isr_svcall
                0x100001c8                isr_pendsv
                0x100001ca                isr_systick
                0x100001cc                isr_irq23
                0x100001cc                isr_irq18
                0x100001cc                isr_irq11
                0x100001cc                isr_irq28
                0x100001cc                isr_irq19
                0x100001cc                isr_irq0
                0x100001cc                isr_irq6
                0x100001cc                isr_irq5
                0x100001cc                isr_irq12
                0x100001cc                isr_irq22
                0x100001cc                isr_irq31
                0x100001cc                isr_irq17
                0x100001cc                isr_irq27
                0x100001cc                isr_irq30
                0x100001cc                isr_irq2
                0x100001cc                isr_irq10
                0x100001cc                isr_irq8
                0x100001cc                isr_irq24
                0x100001cc                isr_irq1
                0x100001cc                isr_irq7
                0x100001cc                isr_irq21
                0x100001cc                isr_irq20
                0x100001cc                isr_irq15
                0x100001cc                isr_irq25
                0x100001cc                isr_irq13
                0x100001cc                __unhandled_user_irq
                0x100001cc                isr_irq4
                0x100001cc                isr_irq16
                0x100001cc                isr_irq29
                0x100001cc                isr_irq26
                0x100001cc                __default_isrs_end
                0x100001cc                isr_irq3
                0x100001cc                isr_irq14
                0x100001cc                isr_irq9
                0x100001d2                unhandled_user_irq_num_in_r0
 *(.binary_info_header)
 .binary_info_header
                0x100001d4       0x14 CMakeFiles/Tarefa_1.dir/C_/Users/KauanFarias/.pico-sdk/sdk/2.1.0/src/rp2_common/pico_crt0/crt0.S.obj
                0x100001e8                        __binary_info_header_end = .
 *(.embedded_block)
                0x100001e8                        __embedded_block_end = .
 *(.reset)
 .reset         0x100001e8       0x9c CMakeFiles/Tarefa_1.dir/C_/Users/KauanFarias/.pico-sdk/sdk/2.1.0/src/rp2_common/pico_crt0/crt0.S.obj
                0x100001e8                _entry_point
 *(.init)
 .init          0x10000284        0x4 C:/Users/KauanFarias/.pico-sdk/toolchain/13_3_Rel1/bin/../lib/gcc/arm-none-eabi/13.3.1/thumb/v6-m/nofp/crti.o
                0x10000284                _init
 *(EXCLUDE_FILE(*libm.a: *libc.a:*lib_a-mem*.o *libgcc.a:) .text*)
 .text.register_tm_clones
                0x10000288       0x28 C:/Users/KauanFarias/.pico-sdk/toolchain/13_3_Rel1/bin/../lib/gcc/arm-none-eabi/13.3.1/thumb/v6-m/nofp/crtbegin.o
 .text.frame_dummy
                0x100002b0       0x24 C:/Users/KauanFarias/.pico-sdk/toolchain/13_3_Rel1/bin/../lib/gcc/arm-none-eabi/13.3.1/thumb/v6-m/nofp/crtbegin.o
 .text.repeating_timer_callback
                0x100002d4       0x44 CMakeFiles/Tarefa_1.dir/Tarefa_1.c.obj
                0x100002d4                repeating_timer_callback
 .text.startup.main
                0x10000318       0x68 CMakeFiles/Tarefa_1.dir/Tarefa_1.c.obj
                0x10000318                main
 .text.gpio_set_function
                0x10000380       0x34 CMakeFiles/Tarefa_1.dir/C_/Users/KauanFarias/.pico-sdk/sdk/2.1.0/src/rp2_common/hardware_gpio/gpio.c.obj
                0x10000380                gpio_set_function
 .text.gpio_init
                0x100003b4       0x40 CMakeFiles/Tarefa_1.dir/C_/Users/KauanFarias/.pico-sdk/sdk/2.1.0/src/rp2_common/hardware_gpio/gpio.c.obj
                0x100003b4                gpio_init
 .text.panic    0x100003f4       0x30 CMakeFiles/Tarefa_1.dir/C_/Users/KauanFarias/.pico-sdk/sdk/2.1.0/src/rp2_common/pico_platform_panic/panic.c.obj
                0x100003f4                panic
 .text.hw_claim_or_assert
                0x10000424       0x44 CMakeFiles/Tarefa_1.dir/C_/Users/KauanFarias/.pico-sdk/sdk/2.1.0/src/common/hardware_claim/claim.c.obj
                0x10000424                hw_claim_or_assert
 .text.next_striped_spin_lock_num
                0x10000468       0x18 CMakeFiles/Tarefa_1.dir/C_/Users/KauanFarias/.pico-sdk/sdk/2.1.0/src/rp2_common/hardware_sync/sync.c.obj
                0x10000468                next_striped_spin_lock_num
 .text.spin_locks_reset
                0x10000480       0x1c CMakeFiles/Tarefa_1.dir/C_/Users/KauanFarias/.pico-sdk/sdk/2.1.0/src/rp2_common/hardware_sync_spin_lock/sync_spin_lock.c.obj
                0x10000480                spin_locks_reset
 .text.runtime_init_per_core_irq_priorities
                0x1000049c       0x24 CMakeFiles/Tarefa_1.dir/C_/Users/KauanFarias/.pico-sdk/sdk/2.1.0/src/rp2_common/hardware_irq/irq.c.obj
                0x1000049c                runtime_init_per_core_irq_priorities
 .text.irq_set_enabled
                0x100004c0       0x24 CMakeFiles/Tarefa_1.dir/C_/Users/KauanFarias/.pico-sdk/sdk/2.1.0/src/rp2_common/hardware_irq/irq.c.obj
                0x100004c0                irq_set_enabled
 .text.irq_set_exclusive_handler
                0x100004e4       0x54 CMakeFiles/Tarefa_1.dir/C_/Users/KauanFarias/.pico-sdk/sdk/2.1.0/src/rp2_common/hardware_irq/irq.c.obj
                0x100004e4                irq_set_exclusive_handler
 .text.irq_remove_handler
                0x10000538      0x1d4 CMakeFiles/Tarefa_1.dir/C_/Users/KauanFarias/.pico-sdk/sdk/2.1.0/src/rp2_common/hardware_irq/irq.c.obj
                0x10000538                irq_remove_handler
 .text.irq_add_tail_to_free_list
                0x1000070c       0xb4 CMakeFiles/Tarefa_1.dir/C_/Users/KauanFarias/.pico-sdk/sdk/2.1.0/src/rp2_common/hardware_irq/irq.c.obj
                0x1000070c                irq_add_tail_to_free_list
 .text.lock_init
                0x100007c0       0x10 CMakeFiles/Tarefa_1.dir/C_/Users/KauanFarias/.pico-sdk/sdk/2.1.0/src/common/pico_sync/lock_core.c.obj
                0x100007c0                lock_init
 .text.runtime_init_mutex
                0x100007d0       0x50 CMakeFiles/Tarefa_1.dir/C_/Users/KauanFarias/.pico-sdk/sdk/2.1.0/src/common/pico_sync/mutex.c.obj
                0x100007d0                runtime_init_mutex
 .text.sleep_until_callback
                0x10000820       0x30 CMakeFiles/Tarefa_1.dir/C_/Users/KauanFarias/.pico-sdk/sdk/2.1.0/src/common/pico_time/time.c.obj
 .text.alarm_pool_irq_handler
                0x10000850      0x2fc CMakeFiles/Tarefa_1.dir/C_/Users/KauanFarias/.pico-sdk/sdk/2.1.0/src/common/pico_time/time.c.obj
 .text.runtime_init_default_alarm_pool
                0x10000b4c       0xdc CMakeFiles/Tarefa_1.dir/C_/Users/KauanFarias/.pico-sdk/sdk/2.1.0/src/common/pico_time/time.c.obj
                0x10000b4c                runtime_init_default_alarm_pool
 .text.alarm_pool_get_default
                0x10000c28        0x8 CMakeFiles/Tarefa_1.dir/C_/Users/KauanFarias/.pico-sdk/sdk/2.1.0/src/common/pico_time/time.c.obj
                0x10000c28                alarm_pool_get_default
 .text.alarm_pool_add_alarm_at_force_in_context
                0x10000c30       0xb0 CMakeFiles/Tarefa_1.dir/C_/Users/KauanFarias/.pico-sdk/sdk/2.1.0/src/common/pico_time/time.c.obj
                0x10000c30                alarm_pool_add_alarm_at_force_in_context
 .text.alarm_pool_cancel_alarm
                0x10000ce0       0x74 CMakeFiles/Tarefa_1.dir/C_/Users/KauanFarias/.pico-sdk/sdk/2.1.0/src/common/pico_time/time.c.obj
                0x10000ce0                alarm_pool_cancel_alarm
 .text.sleep_until
                0x10000d54       0xd8 CMakeFiles/Tarefa_1.dir/C_/Users/KauanFarias/.pico-sdk/sdk/2.1.0/src/common/pico_time/time.c.obj
                0x10000d54                sleep_until
 .text.sleep_ms
                0x10000e2c       0x38 CMakeFiles/Tarefa_1.dir/C_/Users/KauanFarias/.pico-sdk/sdk/2.1.0/src/common/pico_time/time.c.obj
                0x10000e2c                sleep_ms
 .text.best_effort_wfe_or_timeout
                0x10000e64       0xe0 CMakeFiles/Tarefa_1.dir/C_/Users/KauanFarias/.pico-sdk/sdk/2.1.0/src/common/pico_time/time.c.obj
                0x10000e64                best_effort_wfe_or_timeout
 .text.alarm_pool_add_repeating_timer_us
                0x10000f44      0x128 CMakeFiles/Tarefa_1.dir/C_/Users/KauanFarias/.pico-sdk/sdk/2.1.0/src/common/pico_time/time.c.obj
                0x10000f44                alarm_pool_add_repeating_timer_us
 .text.timer_hardware_alarm_claim
                0x1000106c       0x14 CMakeFiles/Tarefa_1.dir/C_/Users/KauanFarias/.pico-sdk/sdk/2.1.0/src/rp2_common/hardware_timer/timer.c.obj
                0x1000106c                timer_hardware_alarm_claim
 .text.timer_time_us_64
                0x10001080       0x10 CMakeFiles/Tarefa_1.dir/C_/Users/KauanFarias/.pico-sdk/sdk/2.1.0/src/rp2_common/hardware_timer/timer.c.obj
                0x10001080                timer_time_us_64
 .text.time_us_64
                0x10001090       0x14 CMakeFiles/Tarefa_1.dir/C_/Users/KauanFarias/.pico-sdk/sdk/2.1.0/src/rp2_common/hardware_timer/timer.c.obj
                0x10001090                time_us_64
 .text.busy_wait_us
                0x100010a4       0x68 CMakeFiles/Tarefa_1.dir/C_/Users/KauanFarias/.pico-sdk/sdk/2.1.0/src/rp2_common/hardware_timer/timer.c.obj
                0x100010a4                busy_wait_us
 .text.busy_wait_until
                0x1000110c       0x20 CMakeFiles/Tarefa_1.dir/C_/Users/KauanFarias/.pico-sdk/sdk/2.1.0/src/rp2_common/hardware_timer/timer.c.obj
                0x1000110c                busy_wait_until
 .text.uart_init
                0x1000112c      0x120 CMakeFiles/Tarefa_1.dir/C_/Users/KauanFarias/.pico-sdk/sdk/2.1.0/src/rp2_common/hardware_uart/uart.c.obj
                0x1000112c                uart_init
 .text.clock_configure_int_divider
                0x1000124c       0xf4 CMakeFiles/Tarefa_1.dir/C_/Users/KauanFarias/.pico-sdk/sdk/2.1.0/src/rp2_common/hardware_clocks/clocks.c.obj
                0x1000124c                clock_configure_int_divider
 .text.clock_configure_undivided
                0x10001340       0xe8 CMakeFiles/Tarefa_1.dir/C_/Users/KauanFarias/.pico-sdk/sdk/2.1.0/src/rp2_common/hardware_clocks/clocks.c.obj
                0x10001340                clock_configure_undivided
 .text.clock_get_hz
                0x10001428        0xc CMakeFiles/Tarefa_1.dir/C_/Users/KauanFarias/.pico-sdk/sdk/2.1.0/src/rp2_common/hardware_clocks/clocks.c.obj
                0x10001428                clock_get_hz
 .text.pll_init
                0x10001434       0xa4 CMakeFiles/Tarefa_1.dir/C_/Users/KauanFarias/.pico-sdk/sdk/2.1.0/src/rp2_common/hardware_pll/pll.c.obj
                0x10001434                pll_init
 .text.tick_start
                0x100014d8       0x10 CMakeFiles/Tarefa_1.dir/C_/Users/KauanFarias/.pico-sdk/sdk/2.1.0/src/rp2_common/hardware_ticks/ticks.c.obj
                0x100014d8                tick_start
 .text.rom_func_lookup
                0x100014e8       0x10 CMakeFiles/Tarefa_1.dir/C_/Users/KauanFarias/.pico-sdk/sdk/2.1.0/src/rp2_common/pico_bootrom/bootrom.c.obj
                0x100014e8                rom_func_lookup
 .text.rom_data_lookup
                0x100014f8       0x10 CMakeFiles/Tarefa_1.dir/C_/Users/KauanFarias/.pico-sdk/sdk/2.1.0/src/rp2_common/pico_bootrom/bootrom.c.obj
                0x100014f8                rom_data_lookup
 .text.rom_funcs_lookup
                0x10001508       0x44 CMakeFiles/Tarefa_1.dir/C_/Users/KauanFarias/.pico-sdk/sdk/2.1.0/src/rp2_common/pico_bootrom/bootrom.c.obj
                0x10001508                rom_funcs_lookup
 .text.xosc_init
                0x1000154c       0x28 CMakeFiles/Tarefa_1.dir/C_/Users/KauanFarias/.pico-sdk/sdk/2.1.0/src/rp2_common/hardware_xosc/xosc.c.obj
                0x1000154c                xosc_init
 .text.first_per_core_initializer
                0x10001574        0x4 CMakeFiles/Tarefa_1.dir/C_/Users/KauanFarias/.pico-sdk/sdk/2.1.0/src/rp2_common/pico_runtime/runtime.c.obj
 .text.hard_assertion_failure
                0x10001578        0xc CMakeFiles/Tarefa_1.dir/C_/Users/KauanFarias/.pico-sdk/sdk/2.1.0/src/rp2_common/pico_runtime/runtime.c.obj
                0x10001578                hard_assertion_failure
 .text.runtime_run_initializers
                0x10001584       0x28 CMakeFiles/Tarefa_1.dir/C_/Users/KauanFarias/.pico-sdk/sdk/2.1.0/src/rp2_common/pico_runtime/runtime.c.obj
                0x10001584                runtime_run_initializers
 .text.runtime_init_early_resets
                0x100015ac       0x2c CMakeFiles/Tarefa_1.dir/C_/Users/KauanFarias/.pico-sdk/sdk/2.1.0/src/rp2_common/pico_runtime_init/runtime_init.c.obj
                0x100015ac                runtime_init_early_resets
 .text.runtime_init_usb_power_down
                0x100015d8       0x1c CMakeFiles/Tarefa_1.dir/C_/Users/KauanFarias/.pico-sdk/sdk/2.1.0/src/rp2_common/pico_runtime_init/runtime_init.c.obj
                0x100015d8                runtime_init_usb_power_down
 .text.runtime_init_post_clock_resets
                0x100015f4       0x20 CMakeFiles/Tarefa_1.dir/C_/Users/KauanFarias/.pico-sdk/sdk/2.1.0/src/rp2_common/pico_runtime_init/runtime_init.c.obj
                0x100015f4                runtime_init_post_clock_resets
 .text.runtime_init_rp2040_gpio_ie_disable
                0x10001614       0x14 CMakeFiles/Tarefa_1.dir/C_/Users/KauanFarias/.pico-sdk/sdk/2.1.0/src/rp2_common/pico_runtime_init/runtime_init.c.obj
                0x10001614                runtime_init_rp2040_gpio_ie_disable
 .text.runtime_init_spin_locks_reset
                0x10001628        0x8 CMakeFiles/Tarefa_1.dir/C_/Users/KauanFarias/.pico-sdk/sdk/2.1.0/src/rp2_common/pico_runtime_init/runtime_init.c.obj
                0x10001628                runtime_init_spin_locks_reset
 .text.runtime_init_install_ram_vector_table
                0x10001630       0x1c CMakeFiles/Tarefa_1.dir/C_/Users/KauanFarias/.pico-sdk/sdk/2.1.0/src/rp2_common/pico_runtime_init/runtime_init.c.obj
                0x10001630                runtime_init_install_ram_vector_table
 .text.runtime_init_clocks
                0x1000164c       0xd8 CMakeFiles/Tarefa_1.dir/C_/Users/KauanFarias/.pico-sdk/sdk/2.1.0/src/rp2_common/pico_runtime_init/runtime_init_clocks.c.obj
                0x1000164c                runtime_init_clocks
 .text          0x10001724       0x10 CMakeFiles/Tarefa_1.dir/C_/Users/KauanFarias/.pico-sdk/sdk/2.1.0/src/rp2_common/pico_bit_ops/bit_ops_aeabi.S.obj
 .text.__wrap___aeabi_idiv
                0x10001734       0x50 CMakeFiles/Tarefa_1.dir/C_/Users/KauanFarias/.pico-sdk/sdk/2.1.0/src/rp2_common/pico_divider/divider_hardware.S.obj
                0x10001734                __wrap___aeabi_idivmod
                0x10001734                divmod_s32s32
                0x10001734                div_s32s32
                0x10001734                __wrap___aeabi_idiv
                0x1000173c                divmod_s32s32_unsafe
                0x10001768                divmod_s32s32_savestate
 .text.__wrap___aeabi_uidiv
                0x10001784       0x4c CMakeFiles/Tarefa_1.dir/C_/Users/KauanFarias/.pico-sdk/sdk/2.1.0/src/rp2_common/pico_divider/divider_hardware.S.obj
                0x10001784                __wrap___aeabi_uidiv
                0x10001784                __wrap___aeabi_uidivmod
                0x10001784                div_u32u32
                0x10001784                divmod_u32u32
                0x1000178c                divmod_u32u32_unsafe
                0x100017b4                divmod_u32u32_savestate
 .text.__aeabi_double_init
                0x100017d0       0xa4 CMakeFiles/Tarefa_1.dir/C_/Users/KauanFarias/.pico-sdk/sdk/2.1.0/src/rp2_common/pico_double/double_init_rom_rp2040.c.obj
                0x100017d0                __aeabi_double_init
 .text.double_table_shim_on_use_helper
                0x10001874       0x2c CMakeFiles/Tarefa_1.dir/C_/Users/KauanFarias/.pico-sdk/sdk/2.1.0/src/rp2_common/pico_double/double_v1_rom_shim_rp2040.S.obj
                0x10001874                double_table_shim_on_use_helper
 .text.__aeabi_lmul
                0x100018a0       0x32 CMakeFiles/Tarefa_1.dir/C_/Users/KauanFarias/.pico-sdk/sdk/2.1.0/src/rp2_common/pico_int64_ops/pico_int64_ops_aeabi.S.obj
                0x100018a0                __wrap___aeabi_lmul
 *fill*         0x100018d2        0x2 
 .text.__aeabi_float_init
                0x100018d4       0x64 CMakeFiles/Tarefa_1.dir/C_/Users/KauanFarias/.pico-sdk/sdk/2.1.0/src/rp2_common/pico_float/float_init_rom_rp2040.c.obj
                0x100018d4                __aeabi_float_init
 .text.float_table_shim_on_use_helper
                0x10001938       0x2c CMakeFiles/Tarefa_1.dir/C_/Users/KauanFarias/.pico-sdk/sdk/2.1.0/src/rp2_common/pico_float/float_v1_rom_shim_rp2040.S.obj
                0x10001938                float_table_shim_on_use_helper
 .text          0x10001964       0x10 CMakeFiles/Tarefa_1.dir/C_/Users/KauanFarias/.pico-sdk/sdk/2.1.0/src/rp2_common/pico_mem_ops/mem_ops_aeabi.S.obj
                0x10001964                __aeabi_mem_init
 .text.memcpy   0x10001974        0xc CMakeFiles/Tarefa_1.dir/C_/Users/KauanFarias/.pico-sdk/sdk/2.1.0/src/rp2_common/pico_mem_ops/mem_ops_aeabi.S.obj
                0x10001974                __wrap_memcpy
                0x10001974                __wrap___aeabi_memcpy
 .text._out_char
                0x10001980       0x10 CMakeFiles/Tarefa_1.dir/C_/Users/KauanFarias/.pico-sdk/sdk/2.1.0/src/rp2_common/pico_printf/printf.c.obj
 .text.weak_raw_vprintf
                0x10001990       0x30 CMakeFiles/Tarefa_1.dir/C_/Users/KauanFarias/.pico-sdk/sdk/2.1.0/src/rp2_common/pico_printf/printf.c.obj
                0x10001990                weak_raw_vprintf
 .text._exit    0x100019c0        0x4 CMakeFiles/Tarefa_1.dir/C_/Users/KauanFarias/.pico-sdk/sdk/2.1.0/src/rp2_common/pico_clib_interface/newlib_interface.c.obj
                0x100019c0                _exit
 .text.exit     0x100019c4        0x8 CMakeFiles/Tarefa_1.dir/C_/Users/KauanFarias/.pico-sdk/sdk/2.1.0/src/rp2_common/pico_clib_interface/newlib_interface.c.obj
                0x100019c4                exit
 .text.runtime_init
                0x100019cc       0x2c CMakeFiles/Tarefa_1.dir/C_/Users/KauanFarias/.pico-sdk/sdk/2.1.0/src/rp2_common/pico_clib_interface/newlib_interface.c.obj
                0x100019cc                runtime_init
 .text.stdio_out_chars_no_crlf
                0x100019f8       0x10 CMakeFiles/Tarefa_1.dir/C_/Users/KauanFarias/.pico-sdk/sdk/2.1.0/src/rp2_common/pico_stdio/stdio.c.obj
 .text.stdio_out_chars_crlf
                0x10001a08       0x94 CMakeFiles/Tarefa_1.dir/C_/Users/KauanFarias/.pico-sdk/sdk/2.1.0/src/rp2_common/pico_stdio/stdio.c.obj
 .text.stdio_put_string
                0x10001a9c      0x100 CMakeFiles/Tarefa_1.dir/C_/Users/KauanFarias/.pico-sdk/sdk/2.1.0/src/rp2_common/pico_stdio/stdio.c.obj
                0x10001a9c                stdio_put_string
 .text.stdio_set_driver_enabled
                0x10001b9c       0x30 CMakeFiles/Tarefa_1.dir/C_/Users/KauanFarias/.pico-sdk/sdk/2.1.0/src/rp2_common/pico_stdio/stdio.c.obj
                0x10001b9c                stdio_set_driver_enabled
 .text.stdio_init_all
                0x10001bcc        0xc CMakeFiles/Tarefa_1.dir/C_/Users/KauanFarias/.pico-sdk/sdk/2.1.0/src/rp2_common/pico_stdio/stdio.c.obj
                0x10001bcc                stdio_init_all
 .text.__wrap_putchar
                0x10001bd8       0x98 CMakeFiles/Tarefa_1.dir/C_/Users/KauanFarias/.pico-sdk/sdk/2.1.0/src/rp2_common/pico_stdio/stdio.c.obj
                0x10001bd8                __wrap_putchar
                0x10001bd8                stdio_putchar
 .text.__wrap_puts
                0x10001c70       0x3c CMakeFiles/Tarefa_1.dir/C_/Users/KauanFarias/.pico-sdk/sdk/2.1.0/src/rp2_common/pico_stdio/stdio.c.obj
                0x10001c70                stdio_puts
                0x10001c70                __wrap_puts
 .text.stdio_uart_out_chars
                0x10001cac       0x4c CMakeFiles/Tarefa_1.dir/C_/Users/KauanFarias/.pico-sdk/sdk/2.1.0/src/rp2_common/pico_stdio_uart/stdio_uart.c.obj
 .text.stdio_uart_in_chars
                0x10001cf8       0x90 CMakeFiles/Tarefa_1.dir/C_/Users/KauanFarias/.pico-sdk/sdk/2.1.0/src/rp2_common/pico_stdio_uart/stdio_uart.c.obj
                0x10001cf8                stdio_uart_in_chars
 .text.on_uart_rx
                0x10001d88       0x28 CMakeFiles/Tarefa_1.dir/C_/Users/KauanFarias/.pico-sdk/sdk/2.1.0/src/rp2_common/pico_stdio_uart/stdio_uart.c.obj
 .text.stdio_uart_out_flush
                0x10001db0       0x14 CMakeFiles/Tarefa_1.dir/C_/Users/KauanFarias/.pico-sdk/sdk/2.1.0/src/rp2_common/pico_stdio_uart/stdio_uart.c.obj
 .text.stdio_uart_set_chars_available_callback
                0x10001dc4       0x84 CMakeFiles/Tarefa_1.dir/C_/Users/KauanFarias/.pico-sdk/sdk/2.1.0/src/rp2_common/pico_stdio_uart/stdio_uart.c.obj
 .text.stdio_uart_init
                0x10001e48       0x50 CMakeFiles/Tarefa_1.dir/C_/Users/KauanFarias/.pico-sdk/sdk/2.1.0/src/rp2_common/pico_stdio_uart/stdio_uart.c.obj
                0x10001e48                stdio_uart_init
 .text.strlen   0x10001e98       0x5c C:/Users/KauanFarias/.pico-sdk/toolchain/13_3_Rel1/bin/../lib/gcc/arm-none-eabi/13.3.1/thumb/v6-m/nofp\libg.a(libc_a-strlen-stub.o)
                0x10001e98                strlen
 *(.fini)
 .fini          0x10001ef4        0x4 C:/Users/KauanFarias/.pico-sdk/toolchain/13_3_Rel1/bin/../lib/gcc/arm-none-eabi/13.3.1/thumb/v6-m/nofp/crti.o
                0x10001ef4                _fini
 .fini.__stub   0x10001ef8       0x30 linker stubs
 *crtbegin.o(.ctors)
 *crtbegin?.o(.ctors)
 *(EXCLUDE_FILE(*crtend.o *crtend?.o) .ctors)
 *(SORT_BY_NAME(.ctors.*))
 *(.ctors)
 *crtbegin.o(.dtors)
 *crtbegin?.o(.dtors)
 *(EXCLUDE_FILE(*crtend.o *crtend?.o) .dtors)
 *(SORT_BY_NAME(.dtors.*))
 *(.dtors)
                0x10001f28                        . = ALIGN (0x4)
                0x10001f28                        PROVIDE (__preinit_array_start = .)
 *(SORT_BY_NAME(.preinit_array.*))
 .preinit_array.00100
                0x10001f28        0x4 CMakeFiles/Tarefa_1.dir/C_/Users/KauanFarias/.pico-sdk/sdk/2.1.0/src/rp2_common/pico_runtime_init/runtime_init.c.obj
                0x10001f28                __pre_init_runtime_init_early_resets
 .preinit_array.00101
                0x10001f2c        0x4 CMakeFiles/Tarefa_1.dir/C_/Users/KauanFarias/.pico-sdk/sdk/2.1.0/src/rp2_common/pico_runtime_init/runtime_init.c.obj
                0x10001f2c                __pre_init_runtime_init_usb_power_down
 .preinit_array.00275
                0x10001f30        0x4 CMakeFiles/Tarefa_1.dir/C_/Users/KauanFarias/.pico-sdk/sdk/2.1.0/src/rp2_common/pico_bit_ops/bit_ops_aeabi.S.obj
 .preinit_array.00300
                0x10001f34        0x4 CMakeFiles/Tarefa_1.dir/C_/Users/KauanFarias/.pico-sdk/sdk/2.1.0/src/rp2_common/pico_mem_ops/mem_ops_aeabi.S.obj
 .preinit_array.00350
                0x10001f38        0x4 CMakeFiles/Tarefa_1.dir/C_/Users/KauanFarias/.pico-sdk/sdk/2.1.0/src/rp2_common/pico_double/double_aeabi_rp2040.S.obj
 .preinit_array.00350
                0x10001f3c        0x4 CMakeFiles/Tarefa_1.dir/C_/Users/KauanFarias/.pico-sdk/sdk/2.1.0/src/rp2_common/pico_float/float_aeabi_rp2040.S.obj
 .preinit_array.00500
                0x10001f40        0x4 CMakeFiles/Tarefa_1.dir/C_/Users/KauanFarias/.pico-sdk/sdk/2.1.0/src/rp2_common/pico_runtime_init/runtime_init.c.obj
                0x10001f40                __pre_init_runtime_init_clocks
 .preinit_array.00600
                0x10001f44        0x4 CMakeFiles/Tarefa_1.dir/C_/Users/KauanFarias/.pico-sdk/sdk/2.1.0/src/rp2_common/pico_runtime_init/runtime_init.c.obj
                0x10001f44                __pre_init_runtime_init_post_clock_resets
 .preinit_array.00700
                0x10001f48        0x4 CMakeFiles/Tarefa_1.dir/C_/Users/KauanFarias/.pico-sdk/sdk/2.1.0/src/rp2_common/pico_runtime_init/runtime_init.c.obj
                0x10001f48                __pre_init_runtime_init_rp2040_gpio_ie_disable
 .preinit_array.01000
                0x10001f4c        0x4 CMakeFiles/Tarefa_1.dir/C_/Users/KauanFarias/.pico-sdk/sdk/2.1.0/src/rp2_common/pico_runtime_init/runtime_init.c.obj
                0x10001f4c                __pre_init_runtime_init_spin_locks_reset
 .preinit_array.01100
                0x10001f50        0x4 CMakeFiles/Tarefa_1.dir/C_/Users/KauanFarias/.pico-sdk/sdk/2.1.0/src/common/pico_sync/mutex.c.obj
                0x10001f50                __pre_init_runtime_init_mutex
 .preinit_array.10080
                0x10001f54        0x4 CMakeFiles/Tarefa_1.dir/C_/Users/KauanFarias/.pico-sdk/sdk/2.1.0/src/rp2_common/pico_runtime_init/runtime_init.c.obj
                0x10001f54                __pre_init_runtime_init_install_ram_vector_table
 .preinit_array.11000
                0x10001f58        0x4 CMakeFiles/Tarefa_1.dir/C_/Users/KauanFarias/.pico-sdk/sdk/2.1.0/src/common/pico_time/time.c.obj
                0x10001f58                __pre_init_runtime_init_default_alarm_pool
 .preinit_array.YYYYY
                0x10001f5c        0x4 CMakeFiles/Tarefa_1.dir/C_/Users/KauanFarias/.pico-sdk/sdk/2.1.0/src/rp2_common/pico_runtime/runtime.c.obj
                0x10001f5c                __pre_init_first_per_core_initializer
 .preinit_array.ZZZZZ.01200
                0x10001f60        0x4 CMakeFiles/Tarefa_1.dir/C_/Users/KauanFarias/.pico-sdk/sdk/2.1.0/src/rp2_common/hardware_irq/irq.c.obj
                0x10001f60                __pre_init_runtime_init_per_core_irq_priorities
 *(.preinit_array)
                0x10001f64                        PROVIDE (__preinit_array_end = .)
                0x10001f64                        . = ALIGN (0x4)
                0x10001f64                        PROVIDE (__init_array_start = .)
 *(SORT_BY_NAME(.init_array.*))
 *(.init_array)
 .init_array    0x10001f64        0x4 C:/Users/KauanFarias/.pico-sdk/toolchain/13_3_Rel1/bin/../lib/gcc/arm-none-eabi/13.3.1/thumb/v6-m/nofp/crtbegin.o
                0x10001f68                        PROVIDE (__init_array_end = .)
                0x10001f68                        . = ALIGN (0x4)
                [!provide]                        PROVIDE (__fini_array_start = .)
 *(SORT_BY_NAME(.fini_array.*))
 *(.fini_array)
                [!provide]                        PROVIDE (__fini_array_end = .)
 *(.eh_frame*)
 .eh_frame      0x10001f68        0x0 C:/Users/KauanFarias/.pico-sdk/toolchain/13_3_Rel1/bin/../lib/gcc/arm-none-eabi/13.3.1/thumb/v6-m/nofp/crtbegin.o
                0x10001f68                        . = ALIGN (0x4)

.glue_7         0x10001f68        0x0
 .glue_7        0x10001f68        0x0 linker stubs

.glue_7t        0x10001f68        0x0
 .glue_7t       0x10001f68        0x0 linker stubs

.vfp11_veneer   0x10001f68        0x0
 .vfp11_veneer  0x10001f68        0x0 linker stubs

.v4_bx          0x10001f68        0x0
 .v4_bx         0x10001f68        0x0 linker stubs

.iplt           0x10001f68        0x0
 .iplt          0x10001f68        0x0 C:/Users/KauanFarias/.pico-sdk/toolchain/13_3_Rel1/bin/../lib/gcc/arm-none-eabi/13.3.1/thumb/v6-m/nofp/crtbegin.o

.rodata         0x10001f68      0x150
 *(EXCLUDE_FILE(*libm.a: *libc.a:*lib_a-mem*.o *libgcc.a:) .rodata*)
 .rodata.main.str1.4
                0x10001f68       0xd0 CMakeFiles/Tarefa_1.dir/Tarefa_1.c.obj
                                 0x19 (size before relaxing)
 .rodata.panic.str1.4
                0x10002038       0x12 CMakeFiles/Tarefa_1.dir/C_/Users/KauanFarias/.pico-sdk/sdk/2.1.0/src/rp2_common/pico_platform_panic/panic.c.obj
 .rodata.timer_hardware_alarm_claim.str1.4
                0x10002038       0x22 CMakeFiles/Tarefa_1.dir/C_/Users/KauanFarias/.pico-sdk/sdk/2.1.0/src/rp2_common/hardware_timer/timer.c.obj
 .rodata.hard_assertion_failure.str1.4
                0x10002038        0xc CMakeFiles/Tarefa_1.dir/C_/Users/KauanFarias/.pico-sdk/sdk/2.1.0/src/rp2_common/pico_runtime/runtime.c.obj
 .rodata.str1.4
                0x10002038       0x44 CMakeFiles/Tarefa_1.dir/C_/Users/KauanFarias/.pico-sdk/sdk/2.1.0/src/rp2_common/pico_standard_binary_info/standard_binary_info.c.obj
 .rodata.__bi_84
                0x10002038        0xc CMakeFiles/Tarefa_1.dir/C_/Users/KauanFarias/.pico-sdk/sdk/2.1.0/src/rp2_common/pico_standard_binary_info/standard_binary_info.c.obj
 .rodata.__bi_78
                0x10002044        0xc CMakeFiles/Tarefa_1.dir/C_/Users/KauanFarias/.pico-sdk/sdk/2.1.0/src/rp2_common/pico_standard_binary_info/standard_binary_info.c.obj
 .rodata.__bi_60
                0x10002050        0xc CMakeFiles/Tarefa_1.dir/C_/Users/KauanFarias/.pico-sdk/sdk/2.1.0/src/rp2_common/pico_standard_binary_info/standard_binary_info.c.obj
 .rodata.__bi_54
                0x1000205c        0xc CMakeFiles/Tarefa_1.dir/C_/Users/KauanFarias/.pico-sdk/sdk/2.1.0/src/rp2_common/pico_standard_binary_info/standard_binary_info.c.obj
 .rodata.__bi_48
                0x10002068        0xc CMakeFiles/Tarefa_1.dir/C_/Users/KauanFarias/.pico-sdk/sdk/2.1.0/src/rp2_common/pico_standard_binary_info/standard_binary_info.c.obj
 .rodata.__bi_42
                0x10002074        0xc CMakeFiles/Tarefa_1.dir/C_/Users/KauanFarias/.pico-sdk/sdk/2.1.0/src/rp2_common/pico_standard_binary_info/standard_binary_info.c.obj
 .rodata.__bi_34
                0x10002080        0xc CMakeFiles/Tarefa_1.dir/C_/Users/KauanFarias/.pico-sdk/sdk/2.1.0/src/rp2_common/pico_standard_binary_info/standard_binary_info.c.obj
 .rodata.__bi_26
                0x1000208c        0xc CMakeFiles/Tarefa_1.dir/C_/Users/KauanFarias/.pico-sdk/sdk/2.1.0/src/rp2_common/pico_standard_binary_info/standard_binary_info.c.obj
 .rodata.crlf_str.0
                0x10002098        0x2 CMakeFiles/Tarefa_1.dir/C_/Users/KauanFarias/.pico-sdk/sdk/2.1.0/src/rp2_common/pico_stdio/stdio.c.obj
 .rodata.str1.4
                0x1000209a       0x2c CMakeFiles/Tarefa_1.dir/C_/Users/KauanFarias/.pico-sdk/sdk/2.1.0/src/rp2_common/pico_stdio_uart/stdio_uart.c.obj
 *fill*         0x1000209a        0x2 
 .rodata.__bi_45.4
                0x1000209c        0xc CMakeFiles/Tarefa_1.dir/C_/Users/KauanFarias/.pico-sdk/sdk/2.1.0/src/rp2_common/pico_stdio_uart/stdio_uart.c.obj
 .rodata.__bi_49.5
                0x100020a8        0x8 CMakeFiles/Tarefa_1.dir/C_/Users/KauanFarias/.pico-sdk/sdk/2.1.0/src/rp2_common/pico_stdio_uart/stdio_uart.c.obj
 .rodata.__bi_50.6
                0x100020b0        0x8 CMakeFiles/Tarefa_1.dir/C_/Users/KauanFarias/.pico-sdk/sdk/2.1.0/src/rp2_common/pico_stdio_uart/stdio_uart.c.obj
                0x100020b8                        . = ALIGN (0x4)
 *(SORT_BY_ALIGNMENT(SORT_BY_NAME(.flashdata*)))
                0x100020b8                        . = ALIGN (0x4)

.ARM.extab
 *(.ARM.extab* .gnu.linkonce.armextab.*)
                0x100020b8                        __exidx_start = .

.ARM.exidx
 *(.ARM.exidx* .gnu.linkonce.armexidx.*)
                0x100020b8                        __exidx_end = .
                0x100020b8                        . = ALIGN (0x4)
                0x100020b8                        __binary_info_start = .

.binary_info    0x100020b8       0x2c
 *(.binary_info.keep.*)
 .binary_info.keep.__bi_ptr84
                0x100020b8        0x4 CMakeFiles/Tarefa_1.dir/C_/Users/KauanFarias/.pico-sdk/sdk/2.1.0/src/rp2_common/pico_standard_binary_info/standard_binary_info.c.obj
 .binary_info.keep.__bi_ptr78
                0x100020bc        0x4 CMakeFiles/Tarefa_1.dir/C_/Users/KauanFarias/.pico-sdk/sdk/2.1.0/src/rp2_common/pico_standard_binary_info/standard_binary_info.c.obj
 .binary_info.keep.__bi_ptr60
                0x100020c0        0x4 CMakeFiles/Tarefa_1.dir/C_/Users/KauanFarias/.pico-sdk/sdk/2.1.0/src/rp2_common/pico_standard_binary_info/standard_binary_info.c.obj
 .binary_info.keep.__bi_ptr54
                0x100020c4        0x4 CMakeFiles/Tarefa_1.dir/C_/Users/KauanFarias/.pico-sdk/sdk/2.1.0/src/rp2_common/pico_standard_binary_info/standard_binary_info.c.obj
 .binary_info.keep.__bi_ptr48
                0x100020c8        0x4 CMakeFiles/Tarefa_1.dir/C_/Users/KauanFarias/.pico-sdk/sdk/2.1.0/src/rp2_common/pico_standard_binary_info/standard_binary_info.c.obj
 .binary_info.keep.__bi_ptr42
                0x100020cc        0x4 CMakeFiles/Tarefa_1.dir/C_/Users/KauanFarias/.pico-sdk/sdk/2.1.0/src/rp2_common/pico_standard_binary_info/standard_binary_info.c.obj
 .binary_info.keep.__bi_ptr34
                0x100020d0        0x4 CMakeFiles/Tarefa_1.dir/C_/Users/KauanFarias/.pico-sdk/sdk/2.1.0/src/rp2_common/pico_standard_binary_info/standard_binary_info.c.obj
 .binary_info.keep.__bi_ptr26
                0x100020d4        0x4 CMakeFiles/Tarefa_1.dir/C_/Users/KauanFarias/.pico-sdk/sdk/2.1.0/src/rp2_common/pico_standard_binary_info/standard_binary_info.c.obj
 *(.binary_info.*)
 .binary_info.__bi_ptr50
                0x100020d8        0x4 CMakeFiles/Tarefa_1.dir/C_/Users/KauanFarias/.pico-sdk/sdk/2.1.0/src/rp2_common/pico_stdio_uart/stdio_uart.c.obj
 .binary_info.__bi_ptr49
                0x100020dc        0x4 CMakeFiles/Tarefa_1.dir/C_/Users/KauanFarias/.pico-sdk/sdk/2.1.0/src/rp2_common/pico_stdio_uart/stdio_uart.c.obj
 .binary_info.__bi_ptr45
                0x100020e0        0x4 CMakeFiles/Tarefa_1.dir/C_/Users/KauanFarias/.pico-sdk/sdk/2.1.0/src/rp2_common/pico_stdio_uart/stdio_uart.c.obj
                0x100020e4                        __binary_info_end = .

.rel.dyn        0x100020e4        0x0
 .rel.iplt      0x100020e4        0x0 C:/Users/KauanFarias/.pico-sdk/toolchain/13_3_Rel1/bin/../lib/gcc/arm-none-eabi/13.3.1/thumb/v6-m/nofp/crtbegin.o
                0x100020e4                        . = ALIGN (0x4)

.ram_vector_table
                0x20000000       0xc0
 *(.ram_vector_table)
 .ram_vector_table
                0x20000000       0xc0 CMakeFiles/Tarefa_1.dir/C_/Users/KauanFarias/.pico-sdk/sdk/2.1.0/src/rp2_common/pico_runtime_init/runtime_init.c.obj
                0x20000000                ram_vector_table

.uninitialized_data
                0x200000c0        0x0
                0x200000c0                        . = ALIGN (0x4)
 *(.uninitialized_data*)

.data           0x200000c0      0x180 load address 0x100020e4
                0x200000c0                        __data_start__ = .
 *(vtable)
 *(.time_critical*)
 .time_critical.mutex_try_enter_block_until
                0x200000c0       0x9c CMakeFiles/Tarefa_1.dir/C_/Users/KauanFarias/.pico-sdk/sdk/2.1.0/src/common/pico_sync/mutex.c.obj
                0x200000c0                mutex_try_enter_block_until
 .time_critical.mutex_exit
                0x2000015c       0x28 CMakeFiles/Tarefa_1.dir/C_/Users/KauanFarias/.pico-sdk/sdk/2.1.0/src/common/pico_sync/mutex.c.obj
                0x2000015c                mutex_exit
 *(.text*)
 .text          0x20000184        0x4 C:/Users/KauanFarias/.pico-sdk/toolchain/13_3_Rel1/bin/../lib/gcc/arm-none-eabi/13.3.1/thumb/v6-m/nofp\libgcc.a(_dvmd_tls.o)
                0x20000184                __aeabi_idiv0
                0x20000184                __aeabi_ldiv0
 .text.__stub   0x20000188       0x10 linker stubs
                0x20000198                        . = ALIGN (0x4)
 *(.rodata*)
                0x20000198                        . = ALIGN (0x4)
 *(.data*)
 .data.striped_spin_lock_num
                0x20000198        0x1 CMakeFiles/Tarefa_1.dir/C_/Users/KauanFarias/.pico-sdk/sdk/2.1.0/src/rp2_common/hardware_sync/sync.c.obj
 *fill*         0x20000199        0x3 
 .data          0x2000019c       0x48 CMakeFiles/Tarefa_1.dir/C_/Users/KauanFarias/.pico-sdk/sdk/2.1.0/src/rp2_common/hardware_irq/irq_handler_chain.S.obj
                0x2000019c                irq_handler_chain_slots
                0x200001cc                irq_handler_chain_first_slot
                0x200001d6                irq_handler_chain_remove_tail
 .data.default_alarm_pool
                0x200001e4       0x18 CMakeFiles/Tarefa_1.dir/C_/Users/KauanFarias/.pico-sdk/sdk/2.1.0/src/common/pico_time/time.c.obj
 *fill*         0x200001fc        0x4 
 .data.aeabi_bits_funcs
                0x20000200       0x10 CMakeFiles/Tarefa_1.dir/C_/Users/KauanFarias/.pico-sdk/sdk/2.1.0/src/rp2_common/pico_bit_ops/bit_ops_aeabi.S.obj
                0x20000200                aeabi_bits_funcs
                0x20000210                aeabi_bits_funcs_end
 .data.aeabi_mem_funcs
                0x20000210       0x10 CMakeFiles/Tarefa_1.dir/C_/Users/KauanFarias/.pico-sdk/sdk/2.1.0/src/rp2_common/pico_mem_ops/mem_ops_aeabi.S.obj
                0x20000210                aeabi_mem_funcs
                0x20000220                aeabi_mem_funcs_end
 .data.stdio_uart
                0x20000220       0x18 CMakeFiles/Tarefa_1.dir/C_/Users/KauanFarias/.pico-sdk/sdk/2.1.0/src/rp2_common/pico_stdio_uart/stdio_uart.c.obj
                0x20000220                stdio_uart
                0x20000238                        . = ALIGN (0x4)
 *(.after_data.*)
                0x20000238                        . = ALIGN (0x4)
                0x20000238                        PROVIDE (__mutex_array_start = .)
 *(SORT_BY_NAME(.mutex_array.*))
 *(.mutex_array)
 .mutex_array   0x20000238        0x8 CMakeFiles/Tarefa_1.dir/C_/Users/KauanFarias/.pico-sdk/sdk/2.1.0/src/rp2_common/pico_stdio/stdio.c.obj
                0x20000240                        PROVIDE (__mutex_array_end = .)
                0x20000240                        . = ALIGN (0x4)
 *(.jcr)
                0x20000240                        . = ALIGN (0x4)

.tm_clone_table
                0x20000240        0x0 load address 0x10002264
 .tm_clone_table
                0x20000240        0x0 C:/Users/KauanFarias/.pico-sdk/toolchain/13_3_Rel1/bin/../lib/gcc/arm-none-eabi/13.3.1/thumb/v6-m/nofp/crtbegin.o
 .tm_clone_table
                0x20000240        0x0 C:/Users/KauanFarias/.pico-sdk/toolchain/13_3_Rel1/bin/../lib/gcc/arm-none-eabi/13.3.1/thumb/v6-m/nofp/crtend.o

.igot.plt       0x20000240        0x0 load address 0x10002264
 .igot.plt      0x20000240        0x0 C:/Users/KauanFarias/.pico-sdk/toolchain/13_3_Rel1/bin/../lib/gcc/arm-none-eabi/13.3.1/thumb/v6-m/nofp/crtbegin.o

.tdata          0x20000240        0x0 load address 0x10002264
                0x20000240                        . = ALIGN (0x4)
 *(.tdata .tdata.* .gnu.linkonce.td.*)
                0x20000240                        __tdata_end = .
                0x20000240                        PROVIDE (__data_end__ = .)
                0x100020e4                        __etext = LOADADDR (.data)

.tbss           0x20000240        0x0 load address 0x10002264
                0x20000240                        . = ALIGN (0x4)
                0x20000240                        __bss_start__ = .
                0x20000240                        __tls_base = .
 *(.tbss .tbss.* .gnu.linkonce.tb.*)
 *(.tcommon)
                0x20000240                        __tls_end = .

.bss            0x20000240      0x400 load address 0x10002264
                0x20000240                        . = ALIGN (0x4)
                0x20000240                        __tbss_end = .
 *(SORT_BY_ALIGNMENT(SORT_BY_NAME(.bss*)))
 .bss.default_alarm_pool_entries
                0x20000240      0x180 CMakeFiles/Tarefa_1.dir/C_/Users/KauanFarias/.pico-sdk/sdk/2.1.0/src/common/pico_time/time.c.obj
 .bss.sd_table  0x200003c0      0x100 CMakeFiles/Tarefa_1.dir/C_/Users/KauanFarias/.pico-sdk/sdk/2.1.0/src/rp2_common/pico_double/double_init_rom_rp2040.c.obj
                0x200003c0                sd_table
 .bss.sf_table  0x200004c0      0x100 CMakeFiles/Tarefa_1.dir/C_/Users/KauanFarias/.pico-sdk/sdk/2.1.0/src/rp2_common/pico_float/float_init_rom_rp2040.c.obj
                0x200004c0                sf_table
 .bss.chars_available_callback
                0x200005c0        0x4 CMakeFiles/Tarefa_1.dir/C_/Users/KauanFarias/.pico-sdk/sdk/2.1.0/src/rp2_common/pico_stdio_uart/stdio_uart.c.obj
 .bss.chars_available_param
                0x200005c4        0x4 CMakeFiles/Tarefa_1.dir/C_/Users/KauanFarias/.pico-sdk/sdk/2.1.0/src/rp2_common/pico_stdio_uart/stdio_uart.c.obj
 .bss.claimed   0x200005c8        0x1 CMakeFiles/Tarefa_1.dir/C_/Users/KauanFarias/.pico-sdk/sdk/2.1.0/src/rp2_common/hardware_timer/timer.c.obj
 *fill*         0x200005c9        0x3 
 .bss.configured_freq
                0x200005cc       0x28 CMakeFiles/Tarefa_1.dir/C_/Users/KauanFarias/.pico-sdk/sdk/2.1.0/src/rp2_common/hardware_clocks/clocks.c.obj
 .bss.drivers   0x200005f4        0x4 CMakeFiles/Tarefa_1.dir/C_/Users/KauanFarias/.pico-sdk/sdk/2.1.0/src/rp2_common/pico_stdio/stdio.c.obj
 .bss.filter    0x200005f8        0x4 CMakeFiles/Tarefa_1.dir/C_/Users/KauanFarias/.pico-sdk/sdk/2.1.0/src/rp2_common/pico_stdio/stdio.c.obj
 .bss.lazy_vsnprintf
                0x200005fc        0x4 CMakeFiles/Tarefa_1.dir/C_/Users/KauanFarias/.pico-sdk/sdk/2.1.0/src/rp2_common/pico_printf/printf.c.obj
 .bss.object.0  0x20000600       0x18 C:/Users/KauanFarias/.pico-sdk/toolchain/13_3_Rel1/bin/../lib/gcc/arm-none-eabi/13.3.1/thumb/v6-m/nofp/crtbegin.o
 .bss.pools     0x20000618       0x10 CMakeFiles/Tarefa_1.dir/C_/Users/KauanFarias/.pico-sdk/sdk/2.1.0/src/common/pico_time/time.c.obj
 .bss.sf_clz_func
                0x20000628        0x4 CMakeFiles/Tarefa_1.dir/C_/Users/KauanFarias/.pico-sdk/sdk/2.1.0/src/rp2_common/pico_double/double_init_rom_rp2040.c.obj
                0x20000628                sf_clz_func
 .bss.sleep_notifier
                0x2000062c        0x4 CMakeFiles/Tarefa_1.dir/C_/Users/KauanFarias/.pico-sdk/sdk/2.1.0/src/common/pico_time/time.c.obj
 .bss.state     0x20000630        0x4 CMakeFiles/Tarefa_1.dir/Tarefa_1.c.obj
                0x20000630                state
 .bss.uart_char_to_line_feed
                0x20000634        0x4 CMakeFiles/Tarefa_1.dir/C_/Users/KauanFarias/.pico-sdk/sdk/2.1.0/src/rp2_common/hardware_uart/uart.c.obj
                0x20000634                uart_char_to_line_feed
 .bss.uart_instance
                0x20000638        0x4 CMakeFiles/Tarefa_1.dir/C_/Users/KauanFarias/.pico-sdk/sdk/2.1.0/src/rp2_common/pico_stdio_uart/stdio_uart.c.obj
 .bss.irq_handler_chain_free_slot_head
                0x2000063c        0x1 CMakeFiles/Tarefa_1.dir/C_/Users/KauanFarias/.pico-sdk/sdk/2.1.0/src/rp2_common/hardware_irq/irq.c.obj
 *(COMMON)
                0x20000640                        . = ALIGN (0x4)
 *fill*         0x2000063d        0x3 
                0x20000640                        __bss_end__ = .

.heap           0x20000640      0x800 load address 0x10002264
                0x20000640                        __end__ = .
                0x20000640                        end = __end__
 *(.heap*)
 .heap          0x20000640      0x800 CMakeFiles/Tarefa_1.dir/C_/Users/KauanFarias/.pico-sdk/sdk/2.1.0/src/rp2_common/pico_crt0/crt0.S.obj
                0x20040000                        __HeapLimit = (ORIGIN (RAM) + LENGTH (RAM))

.scratch_x      0x20040000        0x0 load address 0x10002264
                0x20040000                        __scratch_x_start__ = .
 *(.scratch_x.*)
                0x20040000                        . = ALIGN (0x4)
                0x20040000                        __scratch_x_end__ = .
                0x10002264                        __scratch_x_source__ = LOADADDR (.scratch_x)

.scratch_y      0x20041000        0x0 load address 0x10002264
                0x20041000                        __scratch_y_start__ = .
 *(.scratch_y.*)
                0x20041000                        . = ALIGN (0x4)
                0x20041000                        __scratch_y_end__ = .
                0x10002264                        __scratch_y_source__ = LOADADDR (.scratch_y)

.stack1_dummy
 *(.stack1*)

.stack_dummy    0x20041000      0x800
 *(.stack*)
 .stack         0x20041000      0x800 CMakeFiles/Tarefa_1.dir/C_/Users/KauanFarias/.pico-sdk/sdk/2.1.0/src/rp2_common/pico_crt0/crt0.S.obj

.flash_end      0x10002264        0x0
 *(.embedded_end_block*)
                0x10002264                        PROVIDE (__flash_binary_end = .)
                0x20040000                        __StackLimit = (ORIGIN (RAM) + LENGTH (RAM))
                0x20041000                        __StackOneTop = (ORIGIN (SCRATCH_X) + LENGTH (SCRATCH_X))
                0x20042000                        __StackTop = (ORIGIN (SCRATCH_Y) + LENGTH (SCRATCH_Y))
                0x20041000                        __StackOneBottom = (__StackOneTop - SIZEOF (.stack1_dummy))
                0x20041800                        __StackBottom = (__StackTop - SIZEOF (.stack_dummy))
                0x20042000                        PROVIDE (__stack = __StackTop)
                [!provide]                        PROVIDE (__heap_start = __end__)
                [!provide]                        PROVIDE (__heap_end = __HeapLimit)
                [!provide]                        PROVIDE (__tls_align = MAX (ALIGNOF (.tdata), ALIGNOF (.tbss)))
                [!provide]                        PROVIDE (__tls_size_align = (((__tls_size + __tls_align) - 0x1) & ~ ((__tls_align - 0x1))))
                [!provide]                        PROVIDE (__arm32_tls_tcb_offset = MAX (0x8, __tls_align))
                [!provide]                        PROVIDE (_end = __end__)
                [!provide]                        PROVIDE (__llvm_libc_heap_limit = __HeapLimit)
                0x00000001                        ASSERT ((__StackLimit >= __HeapLimit), region RAM overflowed)
                0x00000001                        ASSERT (((__binary_info_header_end - __logical_binary_start) <= 0x100), Binary info must be in first 256 bytes of the binary)
LOAD CMakeFiles/Tarefa_1.dir/Tarefa_1.c.obj
LOAD CMakeFiles/Tarefa_1.dir/C_/Users/KauanFarias/.pico-sdk/sdk/2.1.0/src/rp2_common/pico_stdlib/stdlib.c.obj
LOAD CMakeFiles/Tarefa_1.dir/C_/Users/KauanFarias/.pico-sdk/sdk/2.1.0/src/rp2_common/hardware_gpio/gpio.c.obj
LOAD CMakeFiles/Tarefa_1.dir/C_/Users/KauanFarias/.pico-sdk/sdk/2.1.0/src/rp2040/pico_platform/platform.c.obj
LOAD CMakeFiles/Tarefa_1.dir/C_/Users/KauanFarias/.pico-sdk/sdk/2.1.0/src/rp2_common/pico_platform_panic/panic.c.obj
LOAD CMakeFiles/Tarefa_1.dir/C_/Users/KauanFarias/.pico-sdk/sdk/2.1.0/src/common/hardware_claim/claim.c.obj
LOAD CMakeFiles/Tarefa_1.dir/C_/Users/KauanFarias/.pico-sdk/sdk/2.1.0/src/rp2_common/hardware_sync/sync.c.obj
LOAD CMakeFiles/Tarefa_1.dir/C_/Users/KauanFarias/.pico-sdk/sdk/2.1.0/src/rp2_common/hardware_sync_spin_lock/sync_spin_lock.c.obj
LOAD CMakeFiles/Tarefa_1.dir/C_/Users/KauanFarias/.pico-sdk/sdk/2.1.0/src/rp2_common/hardware_irq/irq.c.obj
LOAD CMakeFiles/Tarefa_1.dir/C_/Users/KauanFarias/.pico-sdk/sdk/2.1.0/src/rp2_common/hardware_irq/irq_handler_chain.S.obj
LOAD CMakeFiles/Tarefa_1.dir/C_/Users/KauanFarias/.pico-sdk/sdk/2.1.0/src/common/pico_sync/sem.c.obj
LOAD CMakeFiles/Tarefa_1.dir/C_/Users/KauanFarias/.pico-sdk/sdk/2.1.0/src/common/pico_sync/lock_core.c.obj
LOAD CMakeFiles/Tarefa_1.dir/C_/Users/KauanFarias/.pico-sdk/sdk/2.1.0/src/common/pico_sync/mutex.c.obj
LOAD CMakeFiles/Tarefa_1.dir/C_/Users/KauanFarias/.pico-sdk/sdk/2.1.0/src/common/pico_sync/critical_section.c.obj
LOAD CMakeFiles/Tarefa_1.dir/C_/Users/KauanFarias/.pico-sdk/sdk/2.1.0/src/common/pico_time/time.c.obj
LOAD CMakeFiles/Tarefa_1.dir/C_/Users/KauanFarias/.pico-sdk/sdk/2.1.0/src/common/pico_time/timeout_helper.c.obj
LOAD CMakeFiles/Tarefa_1.dir/C_/Users/KauanFarias/.pico-sdk/sdk/2.1.0/src/rp2_common/hardware_timer/timer.c.obj
LOAD CMakeFiles/Tarefa_1.dir/C_/Users/KauanFarias/.pico-sdk/sdk/2.1.0/src/common/pico_util/datetime.c.obj
LOAD CMakeFiles/Tarefa_1.dir/C_/Users/KauanFarias/.pico-sdk/sdk/2.1.0/src/common/pico_util/pheap.c.obj
LOAD CMakeFiles/Tarefa_1.dir/C_/Users/KauanFarias/.pico-sdk/sdk/2.1.0/src/common/pico_util/queue.c.obj
LOAD CMakeFiles/Tarefa_1.dir/C_/Users/KauanFarias/.pico-sdk/sdk/2.1.0/src/rp2_common/hardware_uart/uart.c.obj
LOAD CMakeFiles/Tarefa_1.dir/C_/Users/KauanFarias/.pico-sdk/sdk/2.1.0/src/rp2_common/hardware_clocks/clocks.c.obj
LOAD CMakeFiles/Tarefa_1.dir/C_/Users/KauanFarias/.pico-sdk/sdk/2.1.0/src/rp2_common/hardware_pll/pll.c.obj
LOAD CMakeFiles/Tarefa_1.dir/C_/Users/KauanFarias/.pico-sdk/sdk/2.1.0/src/rp2_common/hardware_vreg/vreg.c.obj
LOAD CMakeFiles/Tarefa_1.dir/C_/Users/KauanFarias/.pico-sdk/sdk/2.1.0/src/rp2_common/hardware_watchdog/watchdog.c.obj
LOAD CMakeFiles/Tarefa_1.dir/C_/Users/KauanFarias/.pico-sdk/sdk/2.1.0/src/rp2_common/hardware_ticks/ticks.c.obj
LOAD CMakeFiles/Tarefa_1.dir/C_/Users/KauanFarias/.pico-sdk/sdk/2.1.0/src/rp2_common/pico_bootrom/bootrom.c.obj
LOAD CMakeFiles/Tarefa_1.dir/C_/Users/KauanFarias/.pico-sdk/sdk/2.1.0/src/rp2_common/pico_bootrom/bootrom_lock.c.obj
LOAD CMakeFiles/Tarefa_1.dir/C_/Users/KauanFarias/.pico-sdk/sdk/2.1.0/src/rp2_common/hardware_boot_lock/boot_lock.c.obj
LOAD CMakeFiles/Tarefa_1.dir/C_/Users/KauanFarias/.pico-sdk/sdk/2.1.0/src/rp2_common/pico_flash/flash.c.obj
LOAD CMakeFiles/Tarefa_1.dir/C_/Users/KauanFarias/.pico-sdk/sdk/2.1.0/src/rp2_common/hardware_xosc/xosc.c.obj
LOAD CMakeFiles/Tarefa_1.dir/C_/Users/KauanFarias/.pico-sdk/sdk/2.1.0/src/rp2_common/hardware_divider/divider.S.obj
LOAD CMakeFiles/Tarefa_1.dir/C_/Users/KauanFarias/.pico-sdk/sdk/2.1.0/src/rp2_common/pico_runtime/runtime.c.obj
LOAD CMakeFiles/Tarefa_1.dir/C_/Users/KauanFarias/.pico-sdk/sdk/2.1.0/src/rp2_common/pico_runtime_init/runtime_init.c.obj
LOAD CMakeFiles/Tarefa_1.dir/C_/Users/KauanFarias/.pico-sdk/sdk/2.1.0/src/rp2_common/pico_runtime_init/runtime_init_clocks.c.obj
LOAD CMakeFiles/Tarefa_1.dir/C_/Users/KauanFarias/.pico-sdk/sdk/2.1.0/src/rp2_common/pico_runtime_init/runtime_init_stack_guard.c.obj
LOAD CMakeFiles/Tarefa_1.dir/C_/Users/KauanFarias/.pico-sdk/sdk/2.1.0/src/rp2_common/pico_bit_ops/bit_ops_aeabi.S.obj
LOAD CMakeFiles/Tarefa_1.dir/C_/Users/KauanFarias/.pico-sdk/sdk/2.1.0/src/rp2_common/pico_divider/divider_hardware.S.obj
LOAD CMakeFiles/Tarefa_1.dir/C_/Users/KauanFarias/.pico-sdk/sdk/2.1.0/src/rp2_common/pico_double/double_aeabi_rp2040.S.obj
LOAD CMakeFiles/Tarefa_1.dir/C_/Users/KauanFarias/.pico-sdk/sdk/2.1.0/src/rp2_common/pico_double/double_init_rom_rp2040.c.obj
LOAD CMakeFiles/Tarefa_1.dir/C_/Users/KauanFarias/.pico-sdk/sdk/2.1.0/src/rp2_common/pico_double/double_math.c.obj
LOAD CMakeFiles/Tarefa_1.dir/C_/Users/KauanFarias/.pico-sdk/sdk/2.1.0/src/rp2_common/pico_double/double_v1_rom_shim_rp2040.S.obj
LOAD CMakeFiles/Tarefa_1.dir/C_/Users/KauanFarias/.pico-sdk/sdk/2.1.0/src/rp2_common/pico_int64_ops/pico_int64_ops_aeabi.S.obj
LOAD CMakeFiles/Tarefa_1.dir/C_/Users/KauanFarias/.pico-sdk/sdk/2.1.0/src/rp2_common/pico_float/float_aeabi_rp2040.S.obj
LOAD CMakeFiles/Tarefa_1.dir/C_/Users/KauanFarias/.pico-sdk/sdk/2.1.0/src/rp2_common/pico_float/float_init_rom_rp2040.c.obj
LOAD CMakeFiles/Tarefa_1.dir/C_/Users/KauanFarias/.pico-sdk/sdk/2.1.0/src/rp2_common/pico_float/float_math.c.obj
LOAD CMakeFiles/Tarefa_1.dir/C_/Users/KauanFarias/.pico-sdk/sdk/2.1.0/src/rp2_common/pico_float/float_v1_rom_shim_rp2040.S.obj
LOAD CMakeFiles/Tarefa_1.dir/C_/Users/KauanFarias/.pico-sdk/sdk/2.1.0/src/rp2_common/pico_malloc/malloc.c.obj
LOAD CMakeFiles/Tarefa_1.dir/C_/Users/KauanFarias/.pico-sdk/sdk/2.1.0/src/rp2_common/pico_mem_ops/mem_ops_aeabi.S.obj
LOAD CMakeFiles/Tarefa_1.dir/C_/Users/KauanFarias/.pico-sdk/sdk/2.1.0/src/rp2_common/pico_atomic/atomic.c.obj
LOAD CMakeFiles/Tarefa_1.dir/C_/Users/KauanFarias/.pico-sdk/sdk/2.1.0/src/rp2_common/pico_cxx_options/new_delete.cpp.obj
LOAD CMakeFiles/Tarefa_1.dir/C_/Users/KauanFarias/.pico-sdk/sdk/2.1.0/src/rp2_common/pico_standard_binary_info/standard_binary_info.c.obj
LOAD CMakeFiles/Tarefa_1.dir/C_/Users/KauanFarias/.pico-sdk/sdk/2.1.0/src/rp2_common/pico_printf/printf.c.obj
LOAD CMakeFiles/Tarefa_1.dir/C_/Users/KauanFarias/.pico-sdk/sdk/2.1.0/src/rp2_common/pico_crt0/crt0.S.obj
LOAD CMakeFiles/Tarefa_1.dir/C_/Users/KauanFarias/.pico-sdk/sdk/2.1.0/src/rp2_common/pico_clib_interface/newlib_interface.c.obj
LOAD CMakeFiles/Tarefa_1.dir/C_/Users/KauanFarias/.pico-sdk/sdk/2.1.0/src/rp2_common/pico_stdio/stdio.c.obj
LOAD CMakeFiles/Tarefa_1.dir/C_/Users/KauanFarias/.pico-sdk/sdk/2.1.0/src/rp2_common/pico_stdio_uart/stdio_uart.c.obj
LOAD pico-sdk/src/rp2040/boot_stage2/CMakeFiles/bs2_default_library.dir/./bs2_default_padded_checksummed.S.obj
LOAD C:/Users/KauanFarias/.pico-sdk/toolchain/13_3_Rel1/bin/../lib/gcc/arm-none-eabi/13.3.1/thumb/v6-m/nofp\libstdc++.a
LOAD C:/Users/KauanFarias/.pico-sdk/toolchain/13_3_Rel1/bin/../lib/gcc/arm-none-eabi/13.3.1/thumb/v6-m/nofp\libm.a
START GROUP
LOAD C:/Users/KauanFarias/.pico-sdk/toolchain/13_3_Rel1/bin/../lib/gcc/arm-none-eabi/13.3.1/thumb/v6-m/nofp\libgcc.a
LOAD C:/Users/KauanFarias/.pico-sdk/toolchain/13_3_Rel1/bin/../lib/gcc/arm-none-eabi/13.3.1/thumb/v6-m/nofp\libg.a
LOAD C:/Users/KauanFarias/.pico-sdk/toolchain/13_3_Rel1/bin/../lib/gcc/arm-none-eabi/13.3.1/thumb/v6-m/nofp\libc.a
END GROUP
START GROUP
LOAD C:/Users/KauanFarias/.pico-sdk/toolchain/13_3_Rel1/bin/../lib/gcc/arm-none-eabi/13.3.1/thumb/v6-m/nofp\libgcc.a
LOAD C:/Users/KauanFarias/.pico-sdk/toolchain/13_3_Rel1/bin/../lib/gcc/arm-none-eabi/13.3.1/thumb/v6-m/nofp\libc.a
LOAD C:/Users/KauanFarias/.pico-sdk/toolchain/13_3_Rel1/bin/../lib/gcc/arm-none-eabi/13.3.1/thumb/v6-m/nofp\libnosys.a
END GROUP
LOAD C:/Users/KauanFarias/.pico-sdk/toolchain/13_3_Rel1/bin/../lib/gcc/arm-none-eabi/13.3.1/thumb/v6-m/nofp/crtend.o
LOAD C:/Users/KauanFarias/.pico-sdk/toolchain/13_3_Rel1/bin/../lib/gcc/arm-none-eabi/13.3.1/thumb/v6-m/nofp/crtn.o
OUTPUT(Tarefa_1.elf elf32-littlearm)
LOAD linker stubs

.ARM.attributes
                0x00000000       0x28
 .ARM.attributes
                0x00000000       0x1e C:/Users/KauanFarias/.pico-sdk/toolchain/13_3_Rel1/bin/../lib/gcc/arm-none-eabi/13.3.1/thumb/v6-m/nofp/crti.o
 .ARM.attributes
                0x0000001e       0x2c C:/Users/KauanFarias/.pico-sdk/toolchain/13_3_Rel1/bin/../lib/gcc/arm-none-eabi/13.3.1/thumb/v6-m/nofp/crtbegin.o
 .ARM.attributes
                0x0000004a       0x2c CMakeFiles/Tarefa_1.dir/Tarefa_1.c.obj
 .ARM.attributes
                0x00000076       0x2c CMakeFiles/Tarefa_1.dir/C_/Users/KauanFarias/.pico-sdk/sdk/2.1.0/src/rp2_common/hardware_gpio/gpio.c.obj
 .ARM.attributes
                0x000000a2       0x2c CMakeFiles/Tarefa_1.dir/C_/Users/KauanFarias/.pico-sdk/sdk/2.1.0/src/rp2_common/pico_platform_panic/panic.c.obj
 .ARM.attributes
                0x000000ce       0x2c CMakeFiles/Tarefa_1.dir/C_/Users/KauanFarias/.pico-sdk/sdk/2.1.0/src/common/hardware_claim/claim.c.obj
 .ARM.attributes
                0x000000fa       0x2c CMakeFiles/Tarefa_1.dir/C_/Users/KauanFarias/.pico-sdk/sdk/2.1.0/src/rp2_common/hardware_sync/sync.c.obj
 .ARM.attributes
                0x00000126       0x2c CMakeFiles/Tarefa_1.dir/C_/Users/KauanFarias/.pico-sdk/sdk/2.1.0/src/rp2_common/hardware_sync_spin_lock/sync_spin_lock.c.obj
 .ARM.attributes
                0x00000152       0x2c CMakeFiles/Tarefa_1.dir/C_/Users/KauanFarias/.pico-sdk/sdk/2.1.0/src/rp2_common/hardware_irq/irq.c.obj
 .ARM.attributes
                0x0000017e       0x22 CMakeFiles/Tarefa_1.dir/C_/Users/KauanFarias/.pico-sdk/sdk/2.1.0/src/rp2_common/hardware_irq/irq_handler_chain.S.obj
 .ARM.attributes
                0x000001a0       0x2c CMakeFiles/Tarefa_1.dir/C_/Users/KauanFarias/.pico-sdk/sdk/2.1.0/src/common/pico_sync/lock_core.c.obj
 .ARM.attributes
                0x000001cc       0x2c CMakeFiles/Tarefa_1.dir/C_/Users/KauanFarias/.pico-sdk/sdk/2.1.0/src/common/pico_sync/mutex.c.obj
 .ARM.attributes
                0x000001f8       0x2c CMakeFiles/Tarefa_1.dir/C_/Users/KauanFarias/.pico-sdk/sdk/2.1.0/src/common/pico_time/time.c.obj
 .ARM.attributes
                0x00000224       0x2c CMakeFiles/Tarefa_1.dir/C_/Users/KauanFarias/.pico-sdk/sdk/2.1.0/src/rp2_common/hardware_timer/timer.c.obj
 .ARM.attributes
                0x00000250       0x2c CMakeFiles/Tarefa_1.dir/C_/Users/KauanFarias/.pico-sdk/sdk/2.1.0/src/rp2_common/hardware_uart/uart.c.obj
 .ARM.attributes
                0x0000027c       0x2c CMakeFiles/Tarefa_1.dir/C_/Users/KauanFarias/.pico-sdk/sdk/2.1.0/src/rp2_common/hardware_clocks/clocks.c.obj
 .ARM.attributes
                0x000002a8       0x2c CMakeFiles/Tarefa_1.dir/C_/Users/KauanFarias/.pico-sdk/sdk/2.1.0/src/rp2_common/hardware_pll/pll.c.obj
 .ARM.attributes
                0x000002d4       0x2c CMakeFiles/Tarefa_1.dir/C_/Users/KauanFarias/.pico-sdk/sdk/2.1.0/src/rp2_common/hardware_ticks/ticks.c.obj
 .ARM.attributes
                0x00000300       0x2c CMakeFiles/Tarefa_1.dir/C_/Users/KauanFarias/.pico-sdk/sdk/2.1.0/src/rp2_common/pico_bootrom/bootrom.c.obj
 .ARM.attributes
                0x0000032c       0x2c CMakeFiles/Tarefa_1.dir/C_/Users/KauanFarias/.pico-sdk/sdk/2.1.0/src/rp2_common/hardware_xosc/xosc.c.obj
 .ARM.attributes
                0x00000358       0x2c CMakeFiles/Tarefa_1.dir/C_/Users/KauanFarias/.pico-sdk/sdk/2.1.0/src/rp2_common/pico_runtime/runtime.c.obj
 .ARM.attributes
                0x00000384       0x2c CMakeFiles/Tarefa_1.dir/C_/Users/KauanFarias/.pico-sdk/sdk/2.1.0/src/rp2_common/pico_runtime_init/runtime_init.c.obj
 .ARM.attributes
                0x000003b0       0x2c CMakeFiles/Tarefa_1.dir/C_/Users/KauanFarias/.pico-sdk/sdk/2.1.0/src/rp2_common/pico_runtime_init/runtime_init_clocks.c.obj
 .ARM.attributes
                0x000003dc       0x22 CMakeFiles/Tarefa_1.dir/C_/Users/KauanFarias/.pico-sdk/sdk/2.1.0/src/rp2_common/pico_bit_ops/bit_ops_aeabi.S.obj
 .ARM.attributes
                0x000003fe       0x22 CMakeFiles/Tarefa_1.dir/C_/Users/KauanFarias/.pico-sdk/sdk/2.1.0/src/rp2_common/pico_divider/divider_hardware.S.obj
 .ARM.attributes
                0x00000420       0x22 CMakeFiles/Tarefa_1.dir/C_/Users/KauanFarias/.pico-sdk/sdk/2.1.0/src/rp2_common/pico_double/double_aeabi_rp2040.S.obj
 .ARM.attributes
                0x00000442       0x2c CMakeFiles/Tarefa_1.dir/C_/Users/KauanFarias/.pico-sdk/sdk/2.1.0/src/rp2_common/pico_double/double_init_rom_rp2040.c.obj
 .ARM.attributes
                0x0000046e       0x22 CMakeFiles/Tarefa_1.dir/C_/Users/KauanFarias/.pico-sdk/sdk/2.1.0/src/rp2_common/pico_double/double_v1_rom_shim_rp2040.S.obj
 .ARM.attributes
                0x00000490       0x22 CMakeFiles/Tarefa_1.dir/C_/Users/KauanFarias/.pico-sdk/sdk/2.1.0/src/rp2_common/pico_int64_ops/pico_int64_ops_aeabi.S.obj
 .ARM.attributes
                0x000004b2       0x22 CMakeFiles/Tarefa_1.dir/C_/Users/KauanFarias/.pico-sdk/sdk/2.1.0/src/rp2_common/pico_float/float_aeabi_rp2040.S.obj
 .ARM.attributes
                0x000004d4       0x2c CMakeFiles/Tarefa_1.dir/C_/Users/KauanFarias/.pico-sdk/sdk/2.1.0/src/rp2_common/pico_float/float_init_rom_rp2040.c.obj
 .ARM.attributes
                0x00000500       0x22 CMakeFiles/Tarefa_1.dir/C_/Users/KauanFarias/.pico-sdk/sdk/2.1.0/src/rp2_common/pico_float/float_v1_rom_shim_rp2040.S.obj
 .ARM.attributes
                0x00000522       0x22 CMakeFiles/Tarefa_1.dir/C_/Users/KauanFarias/.pico-sdk/sdk/2.1.0/src/rp2_common/pico_mem_ops/mem_ops_aeabi.S.obj
 .ARM.attributes
                0x00000544       0x2c CMakeFiles/Tarefa_1.dir/C_/Users/KauanFarias/.pico-sdk/sdk/2.1.0/src/rp2_common/pico_standard_binary_info/standard_binary_info.c.obj
 .ARM.attributes
                0x00000570       0x2c CMakeFiles/Tarefa_1.dir/C_/Users/KauanFarias/.pico-sdk/sdk/2.1.0/src/rp2_common/pico_printf/printf.c.obj
 .ARM.attributes
                0x0000059c       0x22 CMakeFiles/Tarefa_1.dir/C_/Users/KauanFarias/.pico-sdk/sdk/2.1.0/src/rp2_common/pico_crt0/crt0.S.obj
 .ARM.attributes
                0x000005be       0x2c CMakeFiles/Tarefa_1.dir/C_/Users/KauanFarias/.pico-sdk/sdk/2.1.0/src/rp2_common/pico_clib_interface/newlib_interface.c.obj
 .ARM.attributes
                0x000005ea       0x2c CMakeFiles/Tarefa_1.dir/C_/Users/KauanFarias/.pico-sdk/sdk/2.1.0/src/rp2_common/pico_stdio/stdio.c.obj
 .ARM.attributes
                0x00000616       0x2c CMakeFiles/Tarefa_1.dir/C_/Users/KauanFarias/.pico-sdk/sdk/2.1.0/src/rp2_common/pico_stdio_uart/stdio_uart.c.obj
 .ARM.attributes
                0x00000642       0x22 pico-sdk/src/rp2040/boot_stage2/CMakeFiles/bs2_default_library.dir/./bs2_default_padded_checksummed.S.obj
 .ARM.attributes
                0x00000664       0x1e C:/Users/KauanFarias/.pico-sdk/toolchain/13_3_Rel1/bin/../lib/gcc/arm-none-eabi/13.3.1/thumb/v6-m/nofp\libgcc.a(_dvmd_tls.o)
 .ARM.attributes
                0x00000682       0x2c C:/Users/KauanFarias/.pico-sdk/toolchain/13_3_Rel1/bin/../lib/gcc/arm-none-eabi/13.3.1/thumb/v6-m/nofp\libg.a(libc_a-strlen-stub.o)
 .ARM.attributes
                0x000006ae       0x2c C:/Users/KauanFarias/.pico-sdk/toolchain/13_3_Rel1/bin/../lib/gcc/arm-none-eabi/13.3.1/thumb/v6-m/nofp/crtend.o

.comment        0x00000000       0x45
 .comment       0x00000000       0x45 CMakeFiles/Tarefa_1.dir/Tarefa_1.c.obj
                                 0x46 (size before relaxing)
 .comment       0x00000045       0x46 CMakeFiles/Tarefa_1.dir/C_/Users/KauanFarias/.pico-sdk/sdk/2.1.0/src/rp2_common/hardware_gpio/gpio.c.obj
 .comment       0x00000045       0x46 CMakeFiles/Tarefa_1.dir/C_/Users/KauanFarias/.pico-sdk/sdk/2.1.0/src/rp2_common/pico_platform_panic/panic.c.obj
 .comment       0x00000045       0x46 CMakeFiles/Tarefa_1.dir/C_/Users/KauanFarias/.pico-sdk/sdk/2.1.0/src/common/hardware_claim/claim.c.obj
 .comment       0x00000045       0x46 CMakeFiles/Tarefa_1.dir/C_/Users/KauanFarias/.pico-sdk/sdk/2.1.0/src/rp2_common/hardware_sync/sync.c.obj
 .comment       0x00000045       0x46 CMakeFiles/Tarefa_1.dir/C_/Users/KauanFarias/.pico-sdk/sdk/2.1.0/src/rp2_common/hardware_sync_spin_lock/sync_spin_lock.c.obj
 .comment       0x00000045       0x46 CMakeFiles/Tarefa_1.dir/C_/Users/KauanFarias/.pico-sdk/sdk/2.1.0/src/rp2_common/hardware_irq/irq.c.obj
 .comment       0x00000045       0x46 CMakeFiles/Tarefa_1.dir/C_/Users/KauanFarias/.pico-sdk/sdk/2.1.0/src/common/pico_sync/lock_core.c.obj
 .comment       0x00000045       0x46 CMakeFiles/Tarefa_1.dir/C_/Users/KauanFarias/.pico-sdk/sdk/2.1.0/src/common/pico_sync/mutex.c.obj
 .comment       0x00000045       0x46 CMakeFiles/Tarefa_1.dir/C_/Users/KauanFarias/.pico-sdk/sdk/2.1.0/src/common/pico_time/time.c.obj
 .comment       0x00000045       0x46 CMakeFiles/Tarefa_1.dir/C_/Users/KauanFarias/.pico-sdk/sdk/2.1.0/src/rp2_common/hardware_timer/timer.c.obj
 .comment       0x00000045       0x46 CMakeFiles/Tarefa_1.dir/C_/Users/KauanFarias/.pico-sdk/sdk/2.1.0/src/rp2_common/hardware_uart/uart.c.obj
 .comment       0x00000045       0x46 CMakeFiles/Tarefa_1.dir/C_/Users/KauanFarias/.pico-sdk/sdk/2.1.0/src/rp2_common/hardware_clocks/clocks.c.obj
 .comment       0x00000045       0x46 CMakeFiles/Tarefa_1.dir/C_/Users/KauanFarias/.pico-sdk/sdk/2.1.0/src/rp2_common/hardware_pll/pll.c.obj
 .comment       0x00000045       0x46 CMakeFiles/Tarefa_1.dir/C_/Users/KauanFarias/.pico-sdk/sdk/2.1.0/src/rp2_common/hardware_ticks/ticks.c.obj
 .comment       0x00000045       0x46 CMakeFiles/Tarefa_1.dir/C_/Users/KauanFarias/.pico-sdk/sdk/2.1.0/src/rp2_common/pico_bootrom/bootrom.c.obj
 .comment       0x00000045       0x46 CMakeFiles/Tarefa_1.dir/C_/Users/KauanFarias/.pico-sdk/sdk/2.1.0/src/rp2_common/hardware_xosc/xosc.c.obj
 .comment       0x00000045       0x46 CMakeFiles/Tarefa_1.dir/C_/Users/KauanFarias/.pico-sdk/sdk/2.1.0/src/rp2_common/pico_runtime/runtime.c.obj
 .comment       0x00000045       0x46 CMakeFiles/Tarefa_1.dir/C_/Users/KauanFarias/.pico-sdk/sdk/2.1.0/src/rp2_common/pico_runtime_init/runtime_init.c.obj
 .comment       0x00000045       0x46 CMakeFiles/Tarefa_1.dir/C_/Users/KauanFarias/.pico-sdk/sdk/2.1.0/src/rp2_common/pico_runtime_init/runtime_init_clocks.c.obj
 .comment       0x00000045       0x46 CMakeFiles/Tarefa_1.dir/C_/Users/KauanFarias/.pico-sdk/sdk/2.1.0/src/rp2_common/pico_double/double_init_rom_rp2040.c.obj
 .comment       0x00000045       0x46 CMakeFiles/Tarefa_1.dir/C_/Users/KauanFarias/.pico-sdk/sdk/2.1.0/src/rp2_common/pico_float/float_init_rom_rp2040.c.obj
 .comment       0x00000045       0x46 CMakeFiles/Tarefa_1.dir/C_/Users/KauanFarias/.pico-sdk/sdk/2.1.0/src/rp2_common/pico_standard_binary_info/standard_binary_info.c.obj
 .comment       0x00000045       0x46 CMakeFiles/Tarefa_1.dir/C_/Users/KauanFarias/.pico-sdk/sdk/2.1.0/src/rp2_common/pico_printf/printf.c.obj
 .comment       0x00000045       0x46 CMakeFiles/Tarefa_1.dir/C_/Users/KauanFarias/.pico-sdk/sdk/2.1.0/src/rp2_common/pico_clib_interface/newlib_interface.c.obj
 .comment       0x00000045       0x46 CMakeFiles/Tarefa_1.dir/C_/Users/KauanFarias/.pico-sdk/sdk/2.1.0/src/rp2_common/pico_stdio/stdio.c.obj
 .comment       0x00000045       0x46 CMakeFiles/Tarefa_1.dir/C_/Users/KauanFarias/.pico-sdk/sdk/2.1.0/src/rp2_common/pico_stdio_uart/stdio_uart.c.obj

.debug_info     0x00000000    0x1cb81
 .debug_info    0x00000000      0xc8d CMakeFiles/Tarefa_1.dir/Tarefa_1.c.obj
 .debug_info    0x00000c8d     0x2437 CMakeFiles/Tarefa_1.dir/C_/Users/KauanFarias/.pico-sdk/sdk/2.1.0/src/rp2_common/hardware_gpio/gpio.c.obj
 .debug_info    0x000030c4      0x1bf CMakeFiles/Tarefa_1.dir/C_/Users/KauanFarias/.pico-sdk/sdk/2.1.0/src/rp2_common/pico_platform_panic/panic.c.obj
 .debug_info    0x00003283      0x995 CMakeFiles/Tarefa_1.dir/C_/Users/KauanFarias/.pico-sdk/sdk/2.1.0/src/common/hardware_claim/claim.c.obj
 .debug_info    0x00003c18      0x458 CMakeFiles/Tarefa_1.dir/C_/Users/KauanFarias/.pico-sdk/sdk/2.1.0/src/rp2_common/hardware_sync/sync.c.obj
 .debug_info    0x00004070      0x245 CMakeFiles/Tarefa_1.dir/C_/Users/KauanFarias/.pico-sdk/sdk/2.1.0/src/rp2_common/hardware_sync_spin_lock/sync_spin_lock.c.obj
 .debug_info    0x000042b5     0x21a8 CMakeFiles/Tarefa_1.dir/C_/Users/KauanFarias/.pico-sdk/sdk/2.1.0/src/rp2_common/hardware_irq/irq.c.obj
 .debug_info    0x0000645d      0x15f CMakeFiles/Tarefa_1.dir/C_/Users/KauanFarias/.pico-sdk/sdk/2.1.0/src/common/pico_sync/lock_core.c.obj
 .debug_info    0x000065bc     0x2803 CMakeFiles/Tarefa_1.dir/C_/Users/KauanFarias/.pico-sdk/sdk/2.1.0/src/common/pico_sync/mutex.c.obj
 .debug_info    0x00008dbf     0x485e CMakeFiles/Tarefa_1.dir/C_/Users/KauanFarias/.pico-sdk/sdk/2.1.0/src/common/pico_time/time.c.obj
 .debug_info    0x0000d61d     0x2b11 CMakeFiles/Tarefa_1.dir/C_/Users/KauanFarias/.pico-sdk/sdk/2.1.0/src/rp2_common/hardware_timer/timer.c.obj
 .debug_info    0x0001012e     0x195f CMakeFiles/Tarefa_1.dir/C_/Users/KauanFarias/.pico-sdk/sdk/2.1.0/src/rp2_common/hardware_uart/uart.c.obj
 .debug_info    0x00011a8d     0x2935 CMakeFiles/Tarefa_1.dir/C_/Users/KauanFarias/.pico-sdk/sdk/2.1.0/src/rp2_common/hardware_clocks/clocks.c.obj
 .debug_info    0x000143c2      0x4e5 CMakeFiles/Tarefa_1.dir/C_/Users/KauanFarias/.pico-sdk/sdk/2.1.0/src/rp2_common/hardware_pll/pll.c.obj
 .debug_info    0x000148a7      0x248 CMakeFiles/Tarefa_1.dir/C_/Users/KauanFarias/.pico-sdk/sdk/2.1.0/src/rp2_common/hardware_ticks/ticks.c.obj
 .debug_info    0x00014aef      0x633 CMakeFiles/Tarefa_1.dir/C_/Users/KauanFarias/.pico-sdk/sdk/2.1.0/src/rp2_common/pico_bootrom/bootrom.c.obj
 .debug_info    0x00015122      0x1cc CMakeFiles/Tarefa_1.dir/C_/Users/KauanFarias/.pico-sdk/sdk/2.1.0/src/rp2_common/hardware_xosc/xosc.c.obj
 .debug_info    0x000152ee      0x21a CMakeFiles/Tarefa_1.dir/C_/Users/KauanFarias/.pico-sdk/sdk/2.1.0/src/rp2_common/pico_runtime/runtime.c.obj
 .debug_info    0x00015508      0x795 CMakeFiles/Tarefa_1.dir/C_/Users/KauanFarias/.pico-sdk/sdk/2.1.0/src/rp2_common/pico_runtime_init/runtime_init.c.obj
 .debug_info    0x00015c9d      0x780 CMakeFiles/Tarefa_1.dir/C_/Users/KauanFarias/.pico-sdk/sdk/2.1.0/src/rp2_common/pico_runtime_init/runtime_init_clocks.c.obj
 .debug_info    0x0001641d       0x23 CMakeFiles/Tarefa_1.dir/C_/Users/KauanFarias/.pico-sdk/sdk/2.1.0/src/rp2_common/pico_bit_ops/bit_ops_aeabi.S.obj
 .debug_info    0x00016440       0x23 CMakeFiles/Tarefa_1.dir/C_/Users/KauanFarias/.pico-sdk/sdk/2.1.0/src/rp2_common/pico_divider/divider_hardware.S.obj
 .debug_info    0x00016463       0x23 CMakeFiles/Tarefa_1.dir/C_/Users/KauanFarias/.pico-sdk/sdk/2.1.0/src/rp2_common/pico_double/double_aeabi_rp2040.S.obj
 .debug_info    0x00016486      0x28a CMakeFiles/Tarefa_1.dir/C_/Users/KauanFarias/.pico-sdk/sdk/2.1.0/src/rp2_common/pico_double/double_init_rom_rp2040.c.obj
 .debug_info    0x00016710       0x23 CMakeFiles/Tarefa_1.dir/C_/Users/KauanFarias/.pico-sdk/sdk/2.1.0/src/rp2_common/pico_double/double_v1_rom_shim_rp2040.S.obj
 .debug_info    0x00016733       0x24 CMakeFiles/Tarefa_1.dir/C_/Users/KauanFarias/.pico-sdk/sdk/2.1.0/src/rp2_common/pico_int64_ops/pico_int64_ops_aeabi.S.obj
 .debug_info    0x00016757       0x23 CMakeFiles/Tarefa_1.dir/C_/Users/KauanFarias/.pico-sdk/sdk/2.1.0/src/rp2_common/pico_float/float_aeabi_rp2040.S.obj
 .debug_info    0x0001677a      0x28a CMakeFiles/Tarefa_1.dir/C_/Users/KauanFarias/.pico-sdk/sdk/2.1.0/src/rp2_common/pico_float/float_init_rom_rp2040.c.obj
 .debug_info    0x00016a04       0x23 CMakeFiles/Tarefa_1.dir/C_/Users/KauanFarias/.pico-sdk/sdk/2.1.0/src/rp2_common/pico_float/float_v1_rom_shim_rp2040.S.obj
 .debug_info    0x00016a27       0x23 CMakeFiles/Tarefa_1.dir/C_/Users/KauanFarias/.pico-sdk/sdk/2.1.0/src/rp2_common/pico_mem_ops/mem_ops_aeabi.S.obj
 .debug_info    0x00016a4a      0x2e2 CMakeFiles/Tarefa_1.dir/C_/Users/KauanFarias/.pico-sdk/sdk/2.1.0/src/rp2_common/pico_standard_binary_info/standard_binary_info.c.obj
 .debug_info    0x00016d2c     0x211a CMakeFiles/Tarefa_1.dir/C_/Users/KauanFarias/.pico-sdk/sdk/2.1.0/src/rp2_common/pico_printf/printf.c.obj
 .debug_info    0x00018e46       0x23 CMakeFiles/Tarefa_1.dir/C_/Users/KauanFarias/.pico-sdk/sdk/2.1.0/src/rp2_common/pico_crt0/crt0.S.obj
 .debug_info    0x00018e69      0xb54 CMakeFiles/Tarefa_1.dir/C_/Users/KauanFarias/.pico-sdk/sdk/2.1.0/src/rp2_common/pico_clib_interface/newlib_interface.c.obj
 .debug_info    0x000199bd     0x1cdd CMakeFiles/Tarefa_1.dir/C_/Users/KauanFarias/.pico-sdk/sdk/2.1.0/src/rp2_common/pico_stdio/stdio.c.obj
 .debug_info    0x0001b69a     0x14e7 CMakeFiles/Tarefa_1.dir/C_/Users/KauanFarias/.pico-sdk/sdk/2.1.0/src/rp2_common/pico_stdio_uart/stdio_uart.c.obj

.debug_abbrev   0x00000000     0x52ed
 .debug_abbrev  0x00000000      0x315 CMakeFiles/Tarefa_1.dir/Tarefa_1.c.obj
 .debug_abbrev  0x00000315      0x4f9 CMakeFiles/Tarefa_1.dir/C_/Users/KauanFarias/.pico-sdk/sdk/2.1.0/src/rp2_common/hardware_gpio/gpio.c.obj
 .debug_abbrev  0x0000080e      0x12b CMakeFiles/Tarefa_1.dir/C_/Users/KauanFarias/.pico-sdk/sdk/2.1.0/src/rp2_common/pico_platform_panic/panic.c.obj
 .debug_abbrev  0x00000939      0x33b CMakeFiles/Tarefa_1.dir/C_/Users/KauanFarias/.pico-sdk/sdk/2.1.0/src/common/hardware_claim/claim.c.obj
 .debug_abbrev  0x00000c74      0x20d CMakeFiles/Tarefa_1.dir/C_/Users/KauanFarias/.pico-sdk/sdk/2.1.0/src/rp2_common/hardware_sync/sync.c.obj
 .debug_abbrev  0x00000e81      0x1bb CMakeFiles/Tarefa_1.dir/C_/Users/KauanFarias/.pico-sdk/sdk/2.1.0/src/rp2_common/hardware_sync_spin_lock/sync_spin_lock.c.obj
 .debug_abbrev  0x0000103c      0x5ff CMakeFiles/Tarefa_1.dir/C_/Users/KauanFarias/.pico-sdk/sdk/2.1.0/src/rp2_common/hardware_irq/irq.c.obj
 .debug_abbrev  0x0000163b       0xee CMakeFiles/Tarefa_1.dir/C_/Users/KauanFarias/.pico-sdk/sdk/2.1.0/src/common/pico_sync/lock_core.c.obj
 .debug_abbrev  0x00001729      0x48c CMakeFiles/Tarefa_1.dir/C_/Users/KauanFarias/.pico-sdk/sdk/2.1.0/src/common/pico_sync/mutex.c.obj
 .debug_abbrev  0x00001bb5      0x67b CMakeFiles/Tarefa_1.dir/C_/Users/KauanFarias/.pico-sdk/sdk/2.1.0/src/common/pico_time/time.c.obj
 .debug_abbrev  0x00002230      0x4f2 CMakeFiles/Tarefa_1.dir/C_/Users/KauanFarias/.pico-sdk/sdk/2.1.0/src/rp2_common/hardware_timer/timer.c.obj
 .debug_abbrev  0x00002722      0x365 CMakeFiles/Tarefa_1.dir/C_/Users/KauanFarias/.pico-sdk/sdk/2.1.0/src/rp2_common/hardware_uart/uart.c.obj
 .debug_abbrev  0x00002a87      0x4e2 CMakeFiles/Tarefa_1.dir/C_/Users/KauanFarias/.pico-sdk/sdk/2.1.0/src/rp2_common/hardware_clocks/clocks.c.obj
 .debug_abbrev  0x00002f69      0x1d2 CMakeFiles/Tarefa_1.dir/C_/Users/KauanFarias/.pico-sdk/sdk/2.1.0/src/rp2_common/hardware_pll/pll.c.obj
 .debug_abbrev  0x0000313b      0x145 CMakeFiles/Tarefa_1.dir/C_/Users/KauanFarias/.pico-sdk/sdk/2.1.0/src/rp2_common/hardware_ticks/ticks.c.obj
 .debug_abbrev  0x00003280      0x1d7 CMakeFiles/Tarefa_1.dir/C_/Users/KauanFarias/.pico-sdk/sdk/2.1.0/src/rp2_common/pico_bootrom/bootrom.c.obj
 .debug_abbrev  0x00003457      0x11b CMakeFiles/Tarefa_1.dir/C_/Users/KauanFarias/.pico-sdk/sdk/2.1.0/src/rp2_common/hardware_xosc/xosc.c.obj
 .debug_abbrev  0x00003572      0x182 CMakeFiles/Tarefa_1.dir/C_/Users/KauanFarias/.pico-sdk/sdk/2.1.0/src/rp2_common/pico_runtime/runtime.c.obj
 .debug_abbrev  0x000036f4      0x222 CMakeFiles/Tarefa_1.dir/C_/Users/KauanFarias/.pico-sdk/sdk/2.1.0/src/rp2_common/pico_runtime_init/runtime_init.c.obj
 .debug_abbrev  0x00003916      0x294 CMakeFiles/Tarefa_1.dir/C_/Users/KauanFarias/.pico-sdk/sdk/2.1.0/src/rp2_common/pico_runtime_init/runtime_init_clocks.c.obj
 .debug_abbrev  0x00003baa       0x12 CMakeFiles/Tarefa_1.dir/C_/Users/KauanFarias/.pico-sdk/sdk/2.1.0/src/rp2_common/pico_bit_ops/bit_ops_aeabi.S.obj
 .debug_abbrev  0x00003bbc       0x12 CMakeFiles/Tarefa_1.dir/C_/Users/KauanFarias/.pico-sdk/sdk/2.1.0/src/rp2_common/pico_divider/divider_hardware.S.obj
 .debug_abbrev  0x00003bce       0x12 CMakeFiles/Tarefa_1.dir/C_/Users/KauanFarias/.pico-sdk/sdk/2.1.0/src/rp2_common/pico_double/double_aeabi_rp2040.S.obj
 .debug_abbrev  0x00003be0      0x17a CMakeFiles/Tarefa_1.dir/C_/Users/KauanFarias/.pico-sdk/sdk/2.1.0/src/rp2_common/pico_double/double_init_rom_rp2040.c.obj
 .debug_abbrev  0x00003d5a       0x12 CMakeFiles/Tarefa_1.dir/C_/Users/KauanFarias/.pico-sdk/sdk/2.1.0/src/rp2_common/pico_double/double_v1_rom_shim_rp2040.S.obj
 .debug_abbrev  0x00003d6c       0x14 CMakeFiles/Tarefa_1.dir/C_/Users/KauanFarias/.pico-sdk/sdk/2.1.0/src/rp2_common/pico_int64_ops/pico_int64_ops_aeabi.S.obj
 .debug_abbrev  0x00003d80       0x12 CMakeFiles/Tarefa_1.dir/C_/Users/KauanFarias/.pico-sdk/sdk/2.1.0/src/rp2_common/pico_float/float_aeabi_rp2040.S.obj
 .debug_abbrev  0x00003d92      0x173 CMakeFiles/Tarefa_1.dir/C_/Users/KauanFarias/.pico-sdk/sdk/2.1.0/src/rp2_common/pico_float/float_init_rom_rp2040.c.obj
 .debug_abbrev  0x00003f05       0x12 CMakeFiles/Tarefa_1.dir/C_/Users/KauanFarias/.pico-sdk/sdk/2.1.0/src/rp2_common/pico_float/float_v1_rom_shim_rp2040.S.obj
 .debug_abbrev  0x00003f17       0x12 CMakeFiles/Tarefa_1.dir/C_/Users/KauanFarias/.pico-sdk/sdk/2.1.0/src/rp2_common/pico_mem_ops/mem_ops_aeabi.S.obj
 .debug_abbrev  0x00003f29       0xb8 CMakeFiles/Tarefa_1.dir/C_/Users/KauanFarias/.pico-sdk/sdk/2.1.0/src/rp2_common/pico_standard_binary_info/standard_binary_info.c.obj
 .debug_abbrev  0x00003fe1      0x525 CMakeFiles/Tarefa_1.dir/C_/Users/KauanFarias/.pico-sdk/sdk/2.1.0/src/rp2_common/pico_printf/printf.c.obj
 .debug_abbrev  0x00004506       0x12 CMakeFiles/Tarefa_1.dir/C_/Users/KauanFarias/.pico-sdk/sdk/2.1.0/src/rp2_common/pico_crt0/crt0.S.obj
 .debug_abbrev  0x00004518      0x352 CMakeFiles/Tarefa_1.dir/C_/Users/KauanFarias/.pico-sdk/sdk/2.1.0/src/rp2_common/pico_clib_interface/newlib_interface.c.obj
 .debug_abbrev  0x0000486a      0x5eb CMakeFiles/Tarefa_1.dir/C_/Users/KauanFarias/.pico-sdk/sdk/2.1.0/src/rp2_common/pico_stdio/stdio.c.obj
 .debug_abbrev  0x00004e55      0x498 CMakeFiles/Tarefa_1.dir/C_/Users/KauanFarias/.pico-sdk/sdk/2.1.0/src/rp2_common/pico_stdio_uart/stdio_uart.c.obj

.debug_loclists
                0x00000000    0x1039b
 .debug_loclists
                0x00000000      0x23e CMakeFiles/Tarefa_1.dir/Tarefa_1.c.obj
 .debug_loclists
                0x0000023e     0x1a03 CMakeFiles/Tarefa_1.dir/C_/Users/KauanFarias/.pico-sdk/sdk/2.1.0/src/rp2_common/hardware_gpio/gpio.c.obj
 .debug_loclists
                0x00001c41      0x36e CMakeFiles/Tarefa_1.dir/C_/Users/KauanFarias/.pico-sdk/sdk/2.1.0/src/common/hardware_claim/claim.c.obj
 .debug_loclists
                0x00001faf       0xf1 CMakeFiles/Tarefa_1.dir/C_/Users/KauanFarias/.pico-sdk/sdk/2.1.0/src/rp2_common/hardware_sync/sync.c.obj
 .debug_loclists
                0x000020a0       0x7d CMakeFiles/Tarefa_1.dir/C_/Users/KauanFarias/.pico-sdk/sdk/2.1.0/src/rp2_common/hardware_sync_spin_lock/sync_spin_lock.c.obj
 .debug_loclists
                0x0000211d     0x116f CMakeFiles/Tarefa_1.dir/C_/Users/KauanFarias/.pico-sdk/sdk/2.1.0/src/rp2_common/hardware_irq/irq.c.obj
 .debug_loclists
                0x0000328c       0x41 CMakeFiles/Tarefa_1.dir/C_/Users/KauanFarias/.pico-sdk/sdk/2.1.0/src/common/pico_sync/lock_core.c.obj
 .debug_loclists
                0x000032cd      0xafa CMakeFiles/Tarefa_1.dir/C_/Users/KauanFarias/.pico-sdk/sdk/2.1.0/src/common/pico_sync/mutex.c.obj
 .debug_loclists
                0x00003dc7     0x24bd CMakeFiles/Tarefa_1.dir/C_/Users/KauanFarias/.pico-sdk/sdk/2.1.0/src/common/pico_time/time.c.obj
 .debug_loclists
                0x00006284     0x1a12 CMakeFiles/Tarefa_1.dir/C_/Users/KauanFarias/.pico-sdk/sdk/2.1.0/src/rp2_common/hardware_timer/timer.c.obj
 .debug_loclists
                0x00007c96      0xc90 CMakeFiles/Tarefa_1.dir/C_/Users/KauanFarias/.pico-sdk/sdk/2.1.0/src/rp2_common/hardware_uart/uart.c.obj
 .debug_loclists
                0x00008926     0x28a5 CMakeFiles/Tarefa_1.dir/C_/Users/KauanFarias/.pico-sdk/sdk/2.1.0/src/rp2_common/hardware_clocks/clocks.c.obj
 .debug_loclists
                0x0000b1cb      0x1e0 CMakeFiles/Tarefa_1.dir/C_/Users/KauanFarias/.pico-sdk/sdk/2.1.0/src/rp2_common/hardware_pll/pll.c.obj
 .debug_loclists
                0x0000b3ab       0x47 CMakeFiles/Tarefa_1.dir/C_/Users/KauanFarias/.pico-sdk/sdk/2.1.0/src/rp2_common/hardware_ticks/ticks.c.obj
 .debug_loclists
                0x0000b3f2      0x38a CMakeFiles/Tarefa_1.dir/C_/Users/KauanFarias/.pico-sdk/sdk/2.1.0/src/rp2_common/pico_bootrom/bootrom.c.obj
 .debug_loclists
                0x0000b77c       0x48 CMakeFiles/Tarefa_1.dir/C_/Users/KauanFarias/.pico-sdk/sdk/2.1.0/src/rp2_common/hardware_xosc/xosc.c.obj
 .debug_loclists
                0x0000b7c4       0x7e CMakeFiles/Tarefa_1.dir/C_/Users/KauanFarias/.pico-sdk/sdk/2.1.0/src/rp2_common/pico_runtime/runtime.c.obj
 .debug_loclists
                0x0000b842       0xba CMakeFiles/Tarefa_1.dir/C_/Users/KauanFarias/.pico-sdk/sdk/2.1.0/src/rp2_common/pico_runtime_init/runtime_init.c.obj
 .debug_loclists
                0x0000b8fc       0x74 CMakeFiles/Tarefa_1.dir/C_/Users/KauanFarias/.pico-sdk/sdk/2.1.0/src/rp2_common/pico_runtime_init/runtime_init_clocks.c.obj
 .debug_loclists
                0x0000b970       0x3d CMakeFiles/Tarefa_1.dir/C_/Users/KauanFarias/.pico-sdk/sdk/2.1.0/src/rp2_common/pico_double/double_init_rom_rp2040.c.obj
 .debug_loclists
                0x0000b9ad       0x59 CMakeFiles/Tarefa_1.dir/C_/Users/KauanFarias/.pico-sdk/sdk/2.1.0/src/rp2_common/pico_float/float_init_rom_rp2040.c.obj
 .debug_loclists
                0x0000ba06     0x2f65 CMakeFiles/Tarefa_1.dir/C_/Users/KauanFarias/.pico-sdk/sdk/2.1.0/src/rp2_common/pico_printf/printf.c.obj
 .debug_loclists
                0x0000e96b      0x431 CMakeFiles/Tarefa_1.dir/C_/Users/KauanFarias/.pico-sdk/sdk/2.1.0/src/rp2_common/pico_clib_interface/newlib_interface.c.obj
 .debug_loclists
                0x0000ed9c      0xeab CMakeFiles/Tarefa_1.dir/C_/Users/KauanFarias/.pico-sdk/sdk/2.1.0/src/rp2_common/pico_stdio/stdio.c.obj
 .debug_loclists
                0x0000fc47      0x754 CMakeFiles/Tarefa_1.dir/C_/Users/KauanFarias/.pico-sdk/sdk/2.1.0/src/rp2_common/pico_stdio_uart/stdio_uart.c.obj

.debug_aranges  0x00000000      0xf28
 .debug_aranges
                0x00000000       0x28 CMakeFiles/Tarefa_1.dir/Tarefa_1.c.obj
 .debug_aranges
                0x00000028      0x120 CMakeFiles/Tarefa_1.dir/C_/Users/KauanFarias/.pico-sdk/sdk/2.1.0/src/rp2_common/hardware_gpio/gpio.c.obj
 .debug_aranges
                0x00000148       0x28 CMakeFiles/Tarefa_1.dir/C_/Users/KauanFarias/.pico-sdk/sdk/2.1.0/src/rp2_common/pico_platform_panic/panic.c.obj
 .debug_aranges
                0x00000170       0x48 CMakeFiles/Tarefa_1.dir/C_/Users/KauanFarias/.pico-sdk/sdk/2.1.0/src/common/hardware_claim/claim.c.obj
 .debug_aranges
                0x000001b8       0x48 CMakeFiles/Tarefa_1.dir/C_/Users/KauanFarias/.pico-sdk/sdk/2.1.0/src/rp2_common/hardware_sync/sync.c.obj
 .debug_aranges
                0x00000200       0x28 CMakeFiles/Tarefa_1.dir/C_/Users/KauanFarias/.pico-sdk/sdk/2.1.0/src/rp2_common/hardware_sync_spin_lock/sync_spin_lock.c.obj
 .debug_aranges
                0x00000228       0xb0 CMakeFiles/Tarefa_1.dir/C_/Users/KauanFarias/.pico-sdk/sdk/2.1.0/src/rp2_common/hardware_irq/irq.c.obj
 .debug_aranges
                0x000002d8       0x20 CMakeFiles/Tarefa_1.dir/C_/Users/KauanFarias/.pico-sdk/sdk/2.1.0/src/common/pico_sync/lock_core.c.obj
 .debug_aranges
                0x000002f8       0x98 CMakeFiles/Tarefa_1.dir/C_/Users/KauanFarias/.pico-sdk/sdk/2.1.0/src/common/pico_sync/mutex.c.obj
 .debug_aranges
                0x00000390       0xe0 CMakeFiles/Tarefa_1.dir/C_/Users/KauanFarias/.pico-sdk/sdk/2.1.0/src/common/pico_time/time.c.obj
 .debug_aranges
                0x00000470       0xf0 CMakeFiles/Tarefa_1.dir/C_/Users/KauanFarias/.pico-sdk/sdk/2.1.0/src/rp2_common/hardware_timer/timer.c.obj
 .debug_aranges
                0x00000560       0x58 CMakeFiles/Tarefa_1.dir/C_/Users/KauanFarias/.pico-sdk/sdk/2.1.0/src/rp2_common/hardware_uart/uart.c.obj
 .debug_aranges
                0x000005b8       0x90 CMakeFiles/Tarefa_1.dir/C_/Users/KauanFarias/.pico-sdk/sdk/2.1.0/src/rp2_common/hardware_clocks/clocks.c.obj
 .debug_aranges
                0x00000648       0x28 CMakeFiles/Tarefa_1.dir/C_/Users/KauanFarias/.pico-sdk/sdk/2.1.0/src/rp2_common/hardware_pll/pll.c.obj
 .debug_aranges
                0x00000670       0x30 CMakeFiles/Tarefa_1.dir/C_/Users/KauanFarias/.pico-sdk/sdk/2.1.0/src/rp2_common/hardware_ticks/ticks.c.obj
 .debug_aranges
                0x000006a0       0x40 CMakeFiles/Tarefa_1.dir/C_/Users/KauanFarias/.pico-sdk/sdk/2.1.0/src/rp2_common/pico_bootrom/bootrom.c.obj
 .debug_aranges
                0x000006e0       0x30 CMakeFiles/Tarefa_1.dir/C_/Users/KauanFarias/.pico-sdk/sdk/2.1.0/src/rp2_common/hardware_xosc/xosc.c.obj
 .debug_aranges
                0x00000710       0x38 CMakeFiles/Tarefa_1.dir/C_/Users/KauanFarias/.pico-sdk/sdk/2.1.0/src/rp2_common/pico_runtime/runtime.c.obj
 .debug_aranges
                0x00000748       0x48 CMakeFiles/Tarefa_1.dir/C_/Users/KauanFarias/.pico-sdk/sdk/2.1.0/src/rp2_common/pico_runtime_init/runtime_init.c.obj
 .debug_aranges
                0x00000790       0x20 CMakeFiles/Tarefa_1.dir/C_/Users/KauanFarias/.pico-sdk/sdk/2.1.0/src/rp2_common/pico_runtime_init/runtime_init_clocks.c.obj
 .debug_aranges
                0x000007b0       0x60 CMakeFiles/Tarefa_1.dir/C_/Users/KauanFarias/.pico-sdk/sdk/2.1.0/src/rp2_common/pico_bit_ops/bit_ops_aeabi.S.obj
 .debug_aranges
                0x00000810       0x40 CMakeFiles/Tarefa_1.dir/C_/Users/KauanFarias/.pico-sdk/sdk/2.1.0/src/rp2_common/pico_divider/divider_hardware.S.obj
 .debug_aranges
                0x00000850      0x140 CMakeFiles/Tarefa_1.dir/C_/Users/KauanFarias/.pico-sdk/sdk/2.1.0/src/rp2_common/pico_double/double_aeabi_rp2040.S.obj
 .debug_aranges
                0x00000990       0x20 CMakeFiles/Tarefa_1.dir/C_/Users/KauanFarias/.pico-sdk/sdk/2.1.0/src/rp2_common/pico_double/double_init_rom_rp2040.c.obj
 .debug_aranges
                0x000009b0       0xc8 CMakeFiles/Tarefa_1.dir/C_/Users/KauanFarias/.pico-sdk/sdk/2.1.0/src/rp2_common/pico_double/double_v1_rom_shim_rp2040.S.obj
 .debug_aranges
                0x00000a78       0x20 CMakeFiles/Tarefa_1.dir/C_/Users/KauanFarias/.pico-sdk/sdk/2.1.0/src/rp2_common/pico_int64_ops/pico_int64_ops_aeabi.S.obj
 .debug_aranges
                0x00000a98      0x130 CMakeFiles/Tarefa_1.dir/C_/Users/KauanFarias/.pico-sdk/sdk/2.1.0/src/rp2_common/pico_float/float_aeabi_rp2040.S.obj
 .debug_aranges
                0x00000bc8       0x20 CMakeFiles/Tarefa_1.dir/C_/Users/KauanFarias/.pico-sdk/sdk/2.1.0/src/rp2_common/pico_float/float_init_rom_rp2040.c.obj
 .debug_aranges
                0x00000be8       0x50 CMakeFiles/Tarefa_1.dir/C_/Users/KauanFarias/.pico-sdk/sdk/2.1.0/src/rp2_common/pico_float/float_v1_rom_shim_rp2040.S.obj
 .debug_aranges
                0x00000c38       0x38 CMakeFiles/Tarefa_1.dir/C_/Users/KauanFarias/.pico-sdk/sdk/2.1.0/src/rp2_common/pico_mem_ops/mem_ops_aeabi.S.obj
 .debug_aranges
                0x00000c70       0x18 CMakeFiles/Tarefa_1.dir/C_/Users/KauanFarias/.pico-sdk/sdk/2.1.0/src/rp2_common/pico_standard_binary_info/standard_binary_info.c.obj
 .debug_aranges
                0x00000c88       0x90 CMakeFiles/Tarefa_1.dir/C_/Users/KauanFarias/.pico-sdk/sdk/2.1.0/src/rp2_common/pico_printf/printf.c.obj
 .debug_aranges
                0x00000d18       0x28 CMakeFiles/Tarefa_1.dir/C_/Users/KauanFarias/.pico-sdk/sdk/2.1.0/src/rp2_common/pico_crt0/crt0.S.obj
 .debug_aranges
                0x00000d40       0xa0 CMakeFiles/Tarefa_1.dir/C_/Users/KauanFarias/.pico-sdk/sdk/2.1.0/src/rp2_common/pico_clib_interface/newlib_interface.c.obj
 .debug_aranges
                0x00000de0       0xc8 CMakeFiles/Tarefa_1.dir/C_/Users/KauanFarias/.pico-sdk/sdk/2.1.0/src/rp2_common/pico_stdio/stdio.c.obj
 .debug_aranges
                0x00000ea8       0x80 CMakeFiles/Tarefa_1.dir/C_/Users/KauanFarias/.pico-sdk/sdk/2.1.0/src/rp2_common/pico_stdio_uart/stdio_uart.c.obj

.debug_rnglists
                0x00000000     0x2cb1
 .debug_rnglists
                0x00000000       0x49 CMakeFiles/Tarefa_1.dir/Tarefa_1.c.obj
 .debug_rnglists
                0x00000049      0x5c7 CMakeFiles/Tarefa_1.dir/C_/Users/KauanFarias/.pico-sdk/sdk/2.1.0/src/rp2_common/hardware_gpio/gpio.c.obj
 .debug_rnglists
                0x00000610       0x19 CMakeFiles/Tarefa_1.dir/C_/Users/KauanFarias/.pico-sdk/sdk/2.1.0/src/rp2_common/pico_platform_panic/panic.c.obj
 .debug_rnglists
                0x00000629       0xc5 CMakeFiles/Tarefa_1.dir/C_/Users/KauanFarias/.pico-sdk/sdk/2.1.0/src/common/hardware_claim/claim.c.obj
 .debug_rnglists
                0x000006ee       0x67 CMakeFiles/Tarefa_1.dir/C_/Users/KauanFarias/.pico-sdk/sdk/2.1.0/src/rp2_common/hardware_sync/sync.c.obj
 .debug_rnglists
                0x00000755       0x3d CMakeFiles/Tarefa_1.dir/C_/Users/KauanFarias/.pico-sdk/sdk/2.1.0/src/rp2_common/hardware_sync_spin_lock/sync_spin_lock.c.obj
 .debug_rnglists
                0x00000792      0x355 CMakeFiles/Tarefa_1.dir/C_/Users/KauanFarias/.pico-sdk/sdk/2.1.0/src/rp2_common/hardware_irq/irq.c.obj
 .debug_rnglists
                0x00000ae7       0x1f CMakeFiles/Tarefa_1.dir/C_/Users/KauanFarias/.pico-sdk/sdk/2.1.0/src/common/pico_sync/lock_core.c.obj
 .debug_rnglists
                0x00000b06      0x32c CMakeFiles/Tarefa_1.dir/C_/Users/KauanFarias/.pico-sdk/sdk/2.1.0/src/common/pico_sync/mutex.c.obj
 .debug_rnglists
                0x00000e32      0x77c CMakeFiles/Tarefa_1.dir/C_/Users/KauanFarias/.pico-sdk/sdk/2.1.0/src/common/pico_time/time.c.obj
 .debug_rnglists
                0x000015ae      0x2c6 CMakeFiles/Tarefa_1.dir/C_/Users/KauanFarias/.pico-sdk/sdk/2.1.0/src/rp2_common/hardware_timer/timer.c.obj
 .debug_rnglists
                0x00001874      0x259 CMakeFiles/Tarefa_1.dir/C_/Users/KauanFarias/.pico-sdk/sdk/2.1.0/src/rp2_common/hardware_uart/uart.c.obj
 .debug_rnglists
                0x00001acd      0x4ad CMakeFiles/Tarefa_1.dir/C_/Users/KauanFarias/.pico-sdk/sdk/2.1.0/src/rp2_common/hardware_clocks/clocks.c.obj
 .debug_rnglists
                0x00001f7a       0x5c CMakeFiles/Tarefa_1.dir/C_/Users/KauanFarias/.pico-sdk/sdk/2.1.0/src/rp2_common/hardware_pll/pll.c.obj
 .debug_rnglists
                0x00001fd6       0x2b CMakeFiles/Tarefa_1.dir/C_/Users/KauanFarias/.pico-sdk/sdk/2.1.0/src/rp2_common/hardware_ticks/ticks.c.obj
 .debug_rnglists
                0x00002001      0x10c CMakeFiles/Tarefa_1.dir/C_/Users/KauanFarias/.pico-sdk/sdk/2.1.0/src/rp2_common/pico_bootrom/bootrom.c.obj
 .debug_rnglists
                0x0000210d       0x2b CMakeFiles/Tarefa_1.dir/C_/Users/KauanFarias/.pico-sdk/sdk/2.1.0/src/rp2_common/hardware_xosc/xosc.c.obj
 .debug_rnglists
                0x00002138       0x3d CMakeFiles/Tarefa_1.dir/C_/Users/KauanFarias/.pico-sdk/sdk/2.1.0/src/rp2_common/pico_runtime/runtime.c.obj
 .debug_rnglists
                0x00002175       0x49 CMakeFiles/Tarefa_1.dir/C_/Users/KauanFarias/.pico-sdk/sdk/2.1.0/src/rp2_common/pico_runtime_init/runtime_init.c.obj
 .debug_rnglists
                0x000021be       0x20 CMakeFiles/Tarefa_1.dir/C_/Users/KauanFarias/.pico-sdk/sdk/2.1.0/src/rp2_common/pico_runtime_init/runtime_init_clocks.c.obj
 .debug_rnglists
                0x000021de       0x43 CMakeFiles/Tarefa_1.dir/C_/Users/KauanFarias/.pico-sdk/sdk/2.1.0/src/rp2_common/pico_bit_ops/bit_ops_aeabi.S.obj
 .debug_rnglists
                0x00002221       0x2c CMakeFiles/Tarefa_1.dir/C_/Users/KauanFarias/.pico-sdk/sdk/2.1.0/src/rp2_common/pico_divider/divider_hardware.S.obj
 .debug_rnglists
                0x0000224d       0xed CMakeFiles/Tarefa_1.dir/C_/Users/KauanFarias/.pico-sdk/sdk/2.1.0/src/rp2_common/pico_double/double_aeabi_rp2040.S.obj
 .debug_rnglists
                0x0000233a       0x14 CMakeFiles/Tarefa_1.dir/C_/Users/KauanFarias/.pico-sdk/sdk/2.1.0/src/rp2_common/pico_double/double_init_rom_rp2040.c.obj
 .debug_rnglists
                0x0000234e       0x99 CMakeFiles/Tarefa_1.dir/C_/Users/KauanFarias/.pico-sdk/sdk/2.1.0/src/rp2_common/pico_double/double_v1_rom_shim_rp2040.S.obj
 .debug_rnglists
                0x000023e7       0xdf CMakeFiles/Tarefa_1.dir/C_/Users/KauanFarias/.pico-sdk/sdk/2.1.0/src/rp2_common/pico_float/float_aeabi_rp2040.S.obj
 .debug_rnglists
                0x000024c6       0x13 CMakeFiles/Tarefa_1.dir/C_/Users/KauanFarias/.pico-sdk/sdk/2.1.0/src/rp2_common/pico_float/float_init_rom_rp2040.c.obj
 .debug_rnglists
                0x000024d9       0x38 CMakeFiles/Tarefa_1.dir/C_/Users/KauanFarias/.pico-sdk/sdk/2.1.0/src/rp2_common/pico_float/float_v1_rom_shim_rp2040.S.obj
 .debug_rnglists
                0x00002511       0x25 CMakeFiles/Tarefa_1.dir/C_/Users/KauanFarias/.pico-sdk/sdk/2.1.0/src/rp2_common/pico_mem_ops/mem_ops_aeabi.S.obj
 .debug_rnglists
                0x00002536      0x27c CMakeFiles/Tarefa_1.dir/C_/Users/KauanFarias/.pico-sdk/sdk/2.1.0/src/rp2_common/pico_printf/printf.c.obj
 .debug_rnglists
                0x000027b2       0x1b CMakeFiles/Tarefa_1.dir/C_/Users/KauanFarias/.pico-sdk/sdk/2.1.0/src/rp2_common/pico_crt0/crt0.S.obj
 .debug_rnglists
                0x000027cd       0x7f CMakeFiles/Tarefa_1.dir/C_/Users/KauanFarias/.pico-sdk/sdk/2.1.0/src/rp2_common/pico_clib_interface/newlib_interface.c.obj
 .debug_rnglists
                0x0000284c      0x297 CMakeFiles/Tarefa_1.dir/C_/Users/KauanFarias/.pico-sdk/sdk/2.1.0/src/rp2_common/pico_stdio/stdio.c.obj
 .debug_rnglists
                0x00002ae3      0x1ce CMakeFiles/Tarefa_1.dir/C_/Users/KauanFarias/.pico-sdk/sdk/2.1.0/src/rp2_common/pico_stdio_uart/stdio_uart.c.obj

.debug_line     0x00000000    0x172fb
 .debug_line    0x00000000      0x60f CMakeFiles/Tarefa_1.dir/Tarefa_1.c.obj
 .debug_line    0x0000060f     0x1cd3 CMakeFiles/Tarefa_1.dir/C_/Users/KauanFarias/.pico-sdk/sdk/2.1.0/src/rp2_common/hardware_gpio/gpio.c.obj
 .debug_line    0x000022e2      0x2ae CMakeFiles/Tarefa_1.dir/C_/Users/KauanFarias/.pico-sdk/sdk/2.1.0/src/rp2_common/pico_platform_panic/panic.c.obj
 .debug_line    0x00002590      0x96c CMakeFiles/Tarefa_1.dir/C_/Users/KauanFarias/.pico-sdk/sdk/2.1.0/src/common/hardware_claim/claim.c.obj