Archive member included to satisfy reference by file (symbol)

C:/Users/KauanFarias/.pico-sdk/toolchain/13_3_Rel1/bin/../lib/gcc/arm-none-eabi/13.3.1/thumb/v6-m/nofp\libgcc.a(_dvmd_tls.o)
                              CMakeFiles/Tarefa_2.dir/C_/Users/KauanFarias/.pico-sdk/sdk/2.1.0/src/rp2_common/pico_divider/divider_hardware.S.obj (__aeabi_idiv0)
C:/Users/KauanFarias/.pico-sdk/toolchain/13_3_Rel1/bin/../lib/gcc/arm-none-eabi/13.3.1/thumb/v6-m/nofp\libg.a(libc_a-calloc.o)
                              CMakeFiles/Tarefa_2.dir/C_/Users/KauanFarias/.pico-sdk/sdk/2.1.0/src/rp2_common/pico_malloc/malloc.c.obj (calloc)
C:/Users/KauanFarias/.pico-sdk/toolchain/13_3_Rel1/bin/../lib/gcc/arm-none-eabi/13.3.1/thumb/v6-m/nofp\libg.a(libc_a-callocr.o)
                              C:/Users/KauanFarias/.pico-sdk/toolchain/13_3_Rel1/bin/../lib/gcc/arm-none-eabi/13.3.1/thumb/v6-m/nofp\libg.a(libc_a-calloc.o) (_calloc_r)
C:/Users/KauanFarias/.pico-sdk/toolchain/13_3_Rel1/bin/../lib/gcc/arm-none-eabi/13.3.1/thumb/v6-m/nofp\libg.a(libc_a-malloc.o)
                              CMakeFiles/Tarefa_2.dir/C_/Users/KauanFarias/.pico-sdk/sdk/2.1.0/src/rp2_common/pico_malloc/malloc.c.obj (malloc)
C:/Users/KauanFarias/.pico-sdk/toolchain/13_3_Rel1/bin/../lib/gcc/arm-none-eabi/13.3.1/thumb/v6-m/nofp\libg.a(libc_a-mallocr.o)
                              C:/Users/KauanFarias/.pico-sdk/toolchain/13_3_Rel1/bin/../lib/gcc/arm-none-eabi/13.3.1/thumb/v6-m/nofp\libg.a(libc_a-callocr.o) (_malloc_r)
C:/Users/KauanFarias/.pico-sdk/toolchain/13_3_Rel1/bin/../lib/gcc/arm-none-eabi/13.3.1/thumb/v6-m/nofp\libg.a(libc_a-mlock.o)
                              C:/Users/KauanFarias/.pico-sdk/toolchain/13_3_Rel1/bin/../lib/gcc/arm-none-eabi/13.3.1/thumb/v6-m/nofp\libg.a(libc_a-mallocr.o) (__malloc_lock)
C:/Users/KauanFarias/.pico-sdk/toolchain/13_3_Rel1/bin/../lib/gcc/arm-none-eabi/13.3.1/thumb/v6-m/nofp\libg.a(libc_a-realloc.o)
                              CMakeFiles/Tarefa_2.dir/C_/Users/KauanFarias/.pico-sdk/sdk/2.1.0/src/rp2_common/pico_malloc/malloc.c.obj (realloc)
C:/Users/KauanFarias/.pico-sdk/toolchain/13_3_Rel1/bin/../lib/gcc/arm-none-eabi/13.3.1/thumb/v6-m/nofp\libg.a(libc_a-reallocr.o)
                              C:/Users/KauanFarias/.pico-sdk/toolchain/13_3_Rel1/bin/../lib/gcc/arm-none-eabi/13.3.1/thumb/v6-m/nofp\libg.a(libc_a-realloc.o) (_realloc_r)
C:/Users/KauanFarias/.pico-sdk/toolchain/13_3_Rel1/bin/../lib/gcc/arm-none-eabi/13.3.1/thumb/v6-m/nofp\libg.a(libc_a-memcmp.o)
                              CMakeFiles/Tarefa_2.dir/C_/Users/KauanFarias/.pico-sdk/sdk/2.1.0/src/rp2_common/pico_atomic/atomic.c.obj (memcmp)
C:/Users/KauanFarias/.pico-sdk/toolchain/13_3_Rel1/bin/../lib/gcc/arm-none-eabi/13.3.1/thumb/v6-m/nofp\libg.a(libc_a-memmove.o)
                              C:/Users/KauanFarias/.pico-sdk/toolchain/13_3_Rel1/bin/../lib/gcc/arm-none-eabi/13.3.1/thumb/v6-m/nofp\libg.a(libc_a-reallocr.o) (memmove)
C:/Users/KauanFarias/.pico-sdk/toolchain/13_3_Rel1/bin/../lib/gcc/arm-none-eabi/13.3.1/thumb/v6-m/nofp\libg.a(libc_a-lcltime_r.o)
                              CMakeFiles/Tarefa_2.dir/C_/Users/KauanFarias/.pico-sdk/sdk/2.1.0/src/common/pico_util/datetime.c.obj (localtime_r)
C:/Users/KauanFarias/.pico-sdk/toolchain/13_3_Rel1/bin/../lib/gcc/arm-none-eabi/13.3.1/thumb/v6-m/nofp\libg.a(libc_a-mktime.o)
                              CMakeFiles/Tarefa_2.dir/C_/Users/KauanFarias/.pico-sdk/sdk/2.1.0/src/common/pico_util/datetime.c.obj (mktime)
C:/Users/KauanFarias/.pico-sdk/toolchain/13_3_Rel1/bin/../lib/gcc/arm-none-eabi/13.3.1/thumb/v6-m/nofp\libg.a(libc_a-month_lengths.o)
                              C:/Users/KauanFarias/.pico-sdk/toolchain/13_3_Rel1/bin/../lib/gcc/arm-none-eabi/13.3.1/thumb/v6-m/nofp\libg.a(libc_a-lcltime_r.o) (__month_lengths)
C:/Users/KauanFarias/.pico-sdk/toolchain/13_3_Rel1/bin/../lib/gcc/arm-none-eabi/13.3.1/thumb/v6-m/nofp\libg.a(libc_a-tzcalc_limits.o)
                              C:/Users/KauanFarias/.pico-sdk/toolchain/13_3_Rel1/bin/../lib/gcc/arm-none-eabi/13.3.1/thumb/v6-m/nofp\libg.a(libc_a-lcltime_r.o) (__tzcalc_limits)
C:/Users/KauanFarias/.pico-sdk/toolchain/13_3_Rel1/bin/../lib/gcc/arm-none-eabi/13.3.1/thumb/v6-m/nofp\libg.a(libc_a-tzlock.o)
                              C:/Users/KauanFarias/.pico-sdk/toolchain/13_3_Rel1/bin/../lib/gcc/arm-none-eabi/13.3.1/thumb/v6-m/nofp\libg.a(libc_a-lcltime_r.o) (__tz_lock)
C:/Users/KauanFarias/.pico-sdk/toolchain/13_3_Rel1/bin/../lib/gcc/arm-none-eabi/13.3.1/thumb/v6-m/nofp\libg.a(libc_a-tzset.o)
                              C:/Users/KauanFarias/.pico-sdk/toolchain/13_3_Rel1/bin/../lib/gcc/arm-none-eabi/13.3.1/thumb/v6-m/nofp\libg.a(libc_a-lcltime_r.o) (_tzset_unlocked)
C:/Users/KauanFarias/.pico-sdk/toolchain/13_3_Rel1/bin/../lib/gcc/arm-none-eabi/13.3.1/thumb/v6-m/nofp\libg.a(libc_a-tzset_r.o)
[...]
Memory Configuration

Name             Origin             Length             Attributes
FLASH            0x10000000         0x00200000         xr
RAM              0x20000000         0x00040000         xrw
SCRATCH_X        0x20040000         0x00001000         xrw
SCRATCH_Y        0x20041000         0x00001000         xrw
*default*        0x00000000         0xffffffff

Linker script and memory map

LOAD C:/Users/KauanFarias/.pico-sdk/toolchain/13_3_Rel1/bin/../lib/gcc/arm-none-eabi/13.3.1/thumb/v6-m/nofp/crti.o
LOAD C:/Users/KauanFarias/.pico-sdk/toolchain/13_3_Rel1/bin/../lib/gcc/arm-none-eabi/13.3.1/thumb/v6-m/nofp/crtbegin.o
LOAD C:/Users/KauanFarias/.pico-sdk/toolchain/13_3_Rel1/bin/../lib/gcc/arm-none-eabi/13.3.1/thumb/v6-m/nofp/crt0.o

.flash_begin    0x10000000        0x0
                0x10000000                        __flash_binary_start = .

.boot2          0x10000000      0x100
                0x10000000                        __boot2_start__ = .
 *(.boot2)
 .boot2         0x10000000      0x100 pico-sdk/src/rp2040/boot_stage2/CMakeFiles/bs2_default_library.dir/./bs2_default_padded_checksummed.S.obj
                0x10000100                        __boot2_end__ = .
                0x00000001                        ASSERT (((__boot2_end__ - __boot2_start__) == 0x100), ERROR: Pico second stage bootloader must be 256 bytes in size)

.text           0x10000100     0x2408
                0x10000100                        __logical_binary_start = .
 *(.vectors)
 .vectors       0x10000100       0xd4 CMakeFiles/Tarefa_2.dir/C_/Users/KauanFarias/.pico-sdk/sdk/2.1.0/src/rp2_common/pico_crt0/crt0.S.obj
                0x10000100                __VECTOR_TABLE
                0x10000100                __vectors
                0x100001c0                isr_invalid
                0x100001c0                __default_isrs_start
                0x100001c2                isr_nmi
                0x100001c4                isr_hardfault
                0x100001c6                isr_svcall
                0x100001c8                isr_pendsv
                0x100001ca                isr_systick
                0x100001cc                isr_irq23
                0x100001cc                isr_irq18
                0x100001cc                isr_irq11
                0x100001cc                isr_irq28
                0x100001cc                isr_irq19
                0x100001cc                isr_irq0
                0x100001cc                isr_irq6
                0x100001cc                isr_irq5
                0x100001cc                isr_irq12
                0x100001cc                isr_irq22
                0x100001cc                isr_irq31
                0x100001cc                isr_irq17
                0x100001cc                isr_irq27
                0x100001cc                isr_irq30
                0x100001cc                isr_irq2
                0x100001cc                isr_irq10
                0x100001cc                isr_irq8
                0x100001cc                isr_irq24
                0x100001cc                isr_irq1
                0x100001cc                isr_irq7
                0x100001cc                isr_irq21
                0x100001cc                isr_irq20
                0x100001cc                isr_irq15
                0x100001cc                isr_irq25
                0x100001cc                isr_irq13
                0x100001cc                __unhandled_user_irq
                0x100001cc                isr_irq4
                0x100001cc                isr_irq16
                0x100001cc                isr_irq29
                0x100001cc                isr_irq26
                0x100001cc                __default_isrs_end
                0x100001cc                isr_irq3
                0x100001cc                isr_irq14
                0x100001cc                isr_irq9
                0x100001d2                unhandled_user_irq_num_in_r0
 *(.binary_info_header)
 .binary_info_header
                0x100001d4       0x14 CMakeFiles/Tarefa_2.dir/C_/Users/KauanFarias/.pico-sdk/sdk/2.1.0/src/rp2_common/pico_crt0/crt0.S.obj
                0x100001e8                        __binary_info_header_end = .
 *(.embedded_block)
                0x100001e8                        __embedded_block_end = .
 *(.reset)
 .reset         0x100001e8       0x9c CMakeFiles/Tarefa_2.dir/C_/Users/KauanFarias/.pico-sdk/sdk/2.1.0/src/rp2_common/pico_crt0/crt0.S.obj
                0x100001e8                _entry_point
 *(.init)
 .init          0x10000284        0x4 C:/Users/KauanFarias/.pico-sdk/toolchain/13_3_Rel1/bin/../lib/gcc/arm-none-eabi/13.3.1/thumb/v6-m/nofp/crti.o
                0x10000284                _init
 *(EXCLUDE_FILE(*libm.a: *libc.a:*lib_a-mem*.o *libgcc.a:) .text*)
 .text.register_tm_clones
                0x10000288       0x28 C:/Users/KauanFarias/.pico-sdk/toolchain/13_3_Rel1/bin/../lib/gcc/arm-none-eabi/13.3.1/thumb/v6-m/nofp/crtbegin.o
 .text.frame_dummy
                0x100002b0       0x24 C:/Users/KauanFarias/.pico-sdk/toolchain/13_3_Rel1/bin/../lib/gcc/arm-none-eabi/13.3.1/thumb/v6-m/nofp/crtbegin.o
 .text.turn_off_green
                0x100002d4       0x1c CMakeFiles/Tarefa_2.dir/Tarefa_2.c.obj
                0x100002d4                turn_off_green
 .text.button_callback
                0x100002f0       0x6c CMakeFiles/Tarefa_2.dir/Tarefa_2.c.obj
                0x100002f0                button_callback
 .text.turn_off_red
                0x1000035c       0x54 CMakeFiles/Tarefa_2.dir/Tarefa_2.c.obj
                0x1000035c                turn_off_red
 .text.turn_off_blue
                0x100003b0       0x54 CMakeFiles/Tarefa_2.dir/Tarefa_2.c.obj
                0x100003b0                turn_off_blue
 .text.startup.main
                0x10000404       0x5c CMakeFiles/Tarefa_2.dir/Tarefa_2.c.obj
                0x10000404                main
 .text.gpio_default_irq_handler
                0x10000460      0x274 CMakeFiles/Tarefa_2.dir/C_/Users/KauanFarias/.pico-sdk/sdk/2.1.0/src/rp2_common/hardware_gpio/gpio.c.obj
 .text.gpio_set_function
                0x100006d4       0x34 CMakeFiles/Tarefa_2.dir/C_/Users/KauanFarias/.pico-sdk/sdk/2.1.0/src/rp2_common/hardware_gpio/gpio.c.obj
                0x100006d4                gpio_set_function
 .text.gpio_set_pulls
                0x10000708       0x28 CMakeFiles/Tarefa_2.dir/C_/Users/KauanFarias/.pico-sdk/sdk/2.1.0/src/rp2_common/hardware_gpio/gpio.c.obj
                0x10000708                gpio_set_pulls
 .text.gpio_set_irq_enabled_with_callback
                0x10000730       0xd0 CMakeFiles/Tarefa_2.dir/C_/Users/KauanFarias/.pico-sdk/sdk/2.1.0/src/rp2_common/hardware_gpio/gpio.c.obj
                0x10000730                gpio_set_irq_enabled_with_callback
 .text.gpio_init
                0x10000800       0x40 CMakeFiles/Tarefa_2.dir/C_/Users/KauanFarias/.pico-sdk/sdk/2.1.0/src/rp2_common/hardware_gpio/gpio.c.obj
                0x10000800                gpio_init
 .text.panic    0x10000840       0x30 CMakeFiles/Tarefa_2.dir/C_/Users/KauanFarias/.pico-sdk/sdk/2.1.0/src/rp2_common/pico_platform_panic/panic.c.obj
                0x10000840                panic
 .text.hw_claim_or_assert
                0x10000870       0x44 CMakeFiles/Tarefa_2.dir/C_/Users/KauanFarias/.pico-sdk/sdk/2.1.0/src/common/hardware_claim/claim.c.obj
                0x10000870                hw_claim_or_assert
 .text.next_striped_spin_lock_num
                0x100008b4       0x18 CMakeFiles/Tarefa_2.dir/C_/Users/KauanFarias/.pico-sdk/sdk/2.1.0/src/rp2_common/hardware_sync/sync.c.obj
                0x100008b4                next_striped_spin_lock_num
 .text.spin_locks_reset
                0x100008cc       0x1c CMakeFiles/Tarefa_2.dir/C_/Users/KauanFarias/.pico-sdk/sdk/2.1.0/src/rp2_common/hardware_sync_spin_lock/sync_spin_lock.c.obj
                0x100008cc                spin_locks_reset
 .text.runtime_init_per_core_irq_priorities
                0x100008e8       0x24 CMakeFiles/Tarefa_2.dir/C_/Users/KauanFarias/.pico-sdk/sdk/2.1.0/src/rp2_common/hardware_irq/irq.c.obj
                0x100008e8                runtime_init_per_core_irq_priorities
 .text.irq_set_enabled
                0x1000090c       0x24 CMakeFiles/Tarefa_2.dir/C_/Users/KauanFarias/.pico-sdk/sdk/2.1.0/src/rp2_common/hardware_irq/irq.c.obj
                0x1000090c                irq_set_enabled
 .text.irq_set_exclusive_handler
                0x10000930       0x54 CMakeFiles/Tarefa_2.dir/C_/Users/KauanFarias/.pico-sdk/sdk/2.1.0/src/rp2_common/hardware_irq/irq.c.obj
                0x10000930                irq_set_exclusive_handler
 .text.irq_add_shared_handler
                0x10000984      0x1f4 CMakeFiles/Tarefa_2.dir/C_/Users/KauanFarias/.pico-sdk/sdk/2.1.0/src/rp2_common/hardware_irq/irq.c.obj
                0x10000984                irq_add_shared_handler
 .text.irq_remove_handler
                0x10000b78      0x1d4 CMakeFiles/Tarefa_2.dir/C_/Users/KauanFarias/.pico-sdk/sdk/2.1.0/src/rp2_common/hardware_irq/irq.c.obj
                0x10000b78                irq_remove_handler
 .text.irq_add_tail_to_free_list
                0x10000d4c       0xb4 CMakeFiles/Tarefa_2.dir/C_/Users/KauanFarias/.pico-sdk/sdk/2.1.0/src/rp2_common/hardware_irq/irq.c.obj
                0x10000d4c                irq_add_tail_to_free_list
 .text.lock_init
                0x10000e00       0x10 CMakeFiles/Tarefa_2.dir/C_/Users/KauanFarias/.pico-sdk/sdk/2.1.0/src/common/pico_sync/lock_core.c.obj
                0x10000e00                lock_init
 .text.runtime_init_mutex
                0x10000e10       0x50 CMakeFiles/Tarefa_2.dir/C_/Users/KauanFarias/.pico-sdk/sdk/2.1.0/src/common/pico_sync/mutex.c.obj
                0x10000e10                runtime_init_mutex
 .text.sleep_until_callback
                0x10000e60       0x30 CMakeFiles/Tarefa_2.dir/C_/Users/KauanFarias/.pico-sdk/sdk/2.1.0/src/common/pico_time/time.c.obj
 .text.alarm_pool_irq_handler
                0x10000e90      0x2fc CMakeFiles/Tarefa_2.dir/C_/Users/KauanFarias/.pico-sdk/sdk/2.1.0/src/common/pico_time/time.c.obj
 .text.runtime_init_default_alarm_pool
                0x1000118c       0xdc CMakeFiles/Tarefa_2.dir/C_/Users/KauanFarias/.pico-sdk/sdk/2.1.0/src/common/pico_time/time.c.obj
                0x1000118c                runtime_init_default_alarm_pool
 .text.alarm_pool_get_default
                0x10001268        0x8 CMakeFiles/Tarefa_2.dir/C_/Users/KauanFarias/.pico-sdk/sdk/2.1.0/src/common/pico_time/time.c.obj
                0x10001268                alarm_pool_get_default
 .text.alarm_pool_add_alarm_at
                0x10001270       0xd4 CMakeFiles/Tarefa_2.dir/C_/Users/KauanFarias/.pico-sdk/sdk/2.1.0/src/common/pico_time/time.c.obj
                0x10001270                alarm_pool_add_alarm_at
 .text.alarm_pool_add_alarm_at_force_in_context
                0x10001344       0xb0 CMakeFiles/Tarefa_2.dir/C_/Users/KauanFarias/.pico-sdk/sdk/2.1.0/src/common/pico_time/time.c.obj
                0x10001344                alarm_pool_add_alarm_at_force_in_context
 .text.alarm_pool_cancel_alarm
                0x100013f4       0x74 CMakeFiles/Tarefa_2.dir/C_/Users/KauanFarias/.pico-sdk/sdk/2.1.0/src/common/pico_time/time.c.obj
                0x100013f4                alarm_pool_cancel_alarm
 .text.sleep_until
                0x10001468       0xd8 CMakeFiles/Tarefa_2.dir/C_/Users/KauanFarias/.pico-sdk/sdk/2.1.0/src/common/pico_time/time.c.obj
                0x10001468                sleep_until
 .text.sleep_ms
                0x10001540       0x38 CMakeFiles/Tarefa_2.dir/C_/Users/KauanFarias/.pico-sdk/sdk/2.1.0/src/common/pico_time/time.c.obj
                0x10001540                sleep_ms
 .text.best_effort_wfe_or_timeout
                0x10001578       0xe0 CMakeFiles/Tarefa_2.dir/C_/Users/KauanFarias/.pico-sdk/sdk/2.1.0/src/common/pico_time/time.c.obj
                0x10001578                best_effort_wfe_or_timeout
 .text.timer_hardware_alarm_claim
                0x10001658       0x14 CMakeFiles/Tarefa_2.dir/C_/Users/KauanFarias/.pico-sdk/sdk/2.1.0/src/rp2_common/hardware_timer/timer.c.obj
                0x10001658                timer_hardware_alarm_claim
 .text.timer_time_us_64
                0x1000166c       0x10 CMakeFiles/Tarefa_2.dir/C_/Users/KauanFarias/.pico-sdk/sdk/2.1.0/src/rp2_common/hardware_timer/timer.c.obj
                0x1000166c                timer_time_us_64
 .text.time_us_64
                0x1000167c       0x14 CMakeFiles/Tarefa_2.dir/C_/Users/KauanFarias/.pico-sdk/sdk/2.1.0/src/rp2_common/hardware_timer/timer.c.obj
                0x1000167c                time_us_64
 .text.busy_wait_us
                0x10001690       0x68 CMakeFiles/Tarefa_2.dir/C_/Users/KauanFarias/.pico-sdk/sdk/2.1.0/src/rp2_common/hardware_timer/timer.c.obj
                0x10001690                busy_wait_us
 .text.busy_wait_until
                0x100016f8       0x20 CMakeFiles/Tarefa_2.dir/C_/Users/KauanFarias/.pico-sdk/sdk/2.1.0/src/rp2_common/hardware_timer/timer.c.obj
                0x100016f8                busy_wait_until
 .text.uart_init
                0x10001718      0x120 CMakeFiles/Tarefa_2.dir/C_/Users/KauanFarias/.pico-sdk/sdk/2.1.0/src/rp2_common/hardware_uart/uart.c.obj
                0x10001718                uart_init
 .text.clock_configure_int_divider
                0x10001838       0xf4 CMakeFiles/Tarefa_2.dir/C_/Users/KauanFarias/.pico-sdk/sdk/2.1.0/src/rp2_common/hardware_clocks/clocks.c.obj
                0x10001838                clock_configure_int_divider
 .text.clock_configure_undivided
                0x1000192c       0xe8 CMakeFiles/Tarefa_2.dir/C_/Users/KauanFarias/.pico-sdk/sdk/2.1.0/src/rp2_common/hardware_clocks/clocks.c.obj
                0x1000192c                clock_configure_undivided
 .text.clock_get_hz
                0x10001a14        0xc CMakeFiles/Tarefa_2.dir/C_/Users/KauanFarias/.pico-sdk/sdk/2.1.0/src/rp2_common/hardware_clocks/clocks.c.obj
                0x10001a14                clock_get_hz
 .text.pll_init
                0x10001a20       0xa4 CMakeFiles/Tarefa_2.dir/C_/Users/KauanFarias/.pico-sdk/sdk/2.1.0/src/rp2_common/hardware_pll/pll.c.obj
                0x10001a20                pll_init
 .text.tick_start
                0x10001ac4       0x10 CMakeFiles/Tarefa_2.dir/C_/Users/KauanFarias/.pico-sdk/sdk/2.1.0/src/rp2_common/hardware_ticks/ticks.c.obj
                0x10001ac4                tick_start
 .text.rom_func_lookup
                0x10001ad4       0x10 CMakeFiles/Tarefa_2.dir/C_/Users/KauanFarias/.pico-sdk/sdk/2.1.0/src/rp2_common/pico_bootrom/bootrom.c.obj
                0x10001ad4                rom_func_lookup
 .text.rom_data_lookup
                0x10001ae4       0x10 CMakeFiles/Tarefa_2.dir/C_/Users/KauanFarias/.pico-sdk/sdk/2.1.0/src/rp2_common/pico_bootrom/bootrom.c.obj
                0x10001ae4                rom_data_lookup
 .text.rom_funcs_lookup
                0x10001af4       0x44 CMakeFiles/Tarefa_2.dir/C_/Users/KauanFarias/.pico-sdk/sdk/2.1.0/src/rp2_common/pico_bootrom/bootrom.c.obj
                0x10001af4                rom_funcs_lookup
 .text.xosc_init
                0x10001b38       0x28 CMakeFiles/Tarefa_2.dir/C_/Users/KauanFarias/.pico-sdk/sdk/2.1.0/src/rp2_common/hardware_xosc/xosc.c.obj
                0x10001b38                xosc_init
 .text.first_per_core_initializer
                0x10001b60        0x4 CMakeFiles/Tarefa_2.dir/C_/Users/KauanFarias/.pico-sdk/sdk/2.1.0/src/rp2_common/pico_runtime/runtime.c.obj
 .text.hard_assertion_failure
                0x10001b64        0xc CMakeFiles/Tarefa_2.dir/C_/Users/KauanFarias/.pico-sdk/sdk/2.1.0/src/rp2_common/pico_runtime/runtime.c.obj
                0x10001b64                hard_assertion_failure
 .text.runtime_run_initializers
                0x10001b70       0x28 CMakeFiles/Tarefa_2.dir/C_/Users/KauanFarias/.pico-sdk/sdk/2.1.0/src/rp2_common/pico_runtime/runtime.c.obj
                0x10001b70                runtime_run_initializers
 .text.runtime_init_early_resets
                0x10001b98       0x2c CMakeFiles/Tarefa_2.dir/C_/Users/KauanFarias/.pico-sdk/sdk/2.1.0/src/rp2_common/pico_runtime_init/runtime_init.c.obj
                0x10001b98                runtime_init_early_resets
 .text.runtime_init_usb_power_down
                0x10001bc4       0x1c CMakeFiles/Tarefa_2.dir/C_/Users/KauanFarias/.pico-sdk/sdk/2.1.0/src/rp2_common/pico_runtime_init/runtime_init.c.obj
                0x10001bc4                runtime_init_usb_power_down
 .text.runtime_init_post_clock_resets
                0x10001be0       0x20 CMakeFiles/Tarefa_2.dir/C_/Users/KauanFarias/.pico-sdk/sdk/2.1.0/src/rp2_common/pico_runtime_init/runtime_init.c.obj
                0x10001be0                runtime_init_post_clock_resets
 .text.runtime_init_rp2040_gpio_ie_disable
                0x10001c00       0x14 CMakeFiles/Tarefa_2.dir/C_/Users/KauanFarias/.pico-sdk/sdk/2.1.0/src/rp2_common/pico_runtime_init/runtime_init.c.obj
                0x10001c00                runtime_init_rp2040_gpio_ie_disable
 .text.runtime_init_spin_locks_reset
                0x10001c14        0x8 CMakeFiles/Tarefa_2.dir/C_/Users/KauanFarias/.pico-sdk/sdk/2.1.0/src/rp2_common/pico_runtime_init/runtime_init.c.obj
                0x10001c14                runtime_init_spin_locks_reset
 .text.runtime_init_install_ram_vector_table
                0x10001c1c       0x1c CMakeFiles/Tarefa_2.dir/C_/Users/KauanFarias/.pico-sdk/sdk/2.1.0/src/rp2_common/pico_runtime_init/runtime_init.c.obj
                0x10001c1c                runtime_init_install_ram_vector_table
 .text.runtime_init_clocks
                0x10001c38       0xd8 CMakeFiles/Tarefa_2.dir/C_/Users/KauanFarias/.pico-sdk/sdk/2.1.0/src/rp2_common/pico_runtime_init/runtime_init_clocks.c.obj
                0x10001c38                runtime_init_clocks
 .text          0x10001d10       0x10 CMakeFiles/Tarefa_2.dir/C_/Users/KauanFarias/.pico-sdk/sdk/2.1.0/src/rp2_common/pico_bit_ops/bit_ops_aeabi.S.obj
 .text.__wrap___aeabi_uidiv
                0x10001d20       0x4c CMakeFiles/Tarefa_2.dir/C_/Users/KauanFarias/.pico-sdk/sdk/2.1.0/src/rp2_common/pico_divider/divider_hardware.S.obj
                0x10001d20                __wrap___aeabi_uidiv
                0x10001d20                __wrap___aeabi_uidivmod
                0x10001d20                div_u32u32
                0x10001d20                divmod_u32u32
                0x10001d28                divmod_u32u32_unsafe
                0x10001d50                divmod_u32u32_savestate
 .text.__aeabi_double_init
                0x10001d6c       0xa4 CMakeFiles/Tarefa_2.dir/C_/Users/KauanFarias/.pico-sdk/sdk/2.1.0/src/rp2_common/pico_double/double_init_rom_rp2040.c.obj
                0x10001d6c                __aeabi_double_init
 .text.double_table_shim_on_use_helper
                0x10001e10       0x2c CMakeFiles/Tarefa_2.dir/C_/Users/KauanFarias/.pico-sdk/sdk/2.1.0/src/rp2_common/pico_double/double_v1_rom_shim_rp2040.S.obj
                0x10001e10                double_table_shim_on_use_helper
 .text.__aeabi_lmul
                0x10001e3c       0x32 CMakeFiles/Tarefa_2.dir/C_/Users/KauanFarias/.pico-sdk/sdk/2.1.0/src/rp2_common/pico_int64_ops/pico_int64_ops_aeabi.S.obj
                0x10001e3c                __wrap___aeabi_lmul
 *fill*         0x10001e6e        0x2 
 .text.__aeabi_float_init
                0x10001e70       0x64 CMakeFiles/Tarefa_2.dir/C_/Users/KauanFarias/.pico-sdk/sdk/2.1.0/src/rp2_common/pico_float/float_init_rom_rp2040.c.obj
                0x10001e70                __aeabi_float_init
 .text.float_table_shim_on_use_helper
                0x10001ed4       0x2c CMakeFiles/Tarefa_2.dir/C_/Users/KauanFarias/.pico-sdk/sdk/2.1.0/src/rp2_common/pico_float/float_v1_rom_shim_rp2040.S.obj
                0x10001ed4                float_table_shim_on_use_helper
 .text          0x10001f00       0x10 CMakeFiles/Tarefa_2.dir/C_/Users/KauanFarias/.pico-sdk/sdk/2.1.0/src/rp2_common/pico_mem_ops/mem_ops_aeabi.S.obj
                0x10001f00                __aeabi_mem_init
 .text.memcpy   0x10001f10        0xc CMakeFiles/Tarefa_2.dir/C_/Users/KauanFarias/.pico-sdk/sdk/2.1.0/src/rp2_common/pico_mem_ops/mem_ops_aeabi.S.obj
                0x10001f10                __wrap_memcpy
                0x10001f10                __wrap___aeabi_memcpy
 .text._out_char
                0x10001f1c       0x10 CMakeFiles/Tarefa_2.dir/C_/Users/KauanFarias/.pico-sdk/sdk/2.1.0/src/rp2_common/pico_printf/printf.c.obj
 .text.weak_raw_vprintf
                0x10001f2c       0x30 CMakeFiles/Tarefa_2.dir/C_/Users/KauanFarias/.pico-sdk/sdk/2.1.0/src/rp2_common/pico_printf/printf.c.obj
                0x10001f2c                weak_raw_vprintf
 .text._exit    0x10001f5c        0x4 CMakeFiles/Tarefa_2.dir/C_/Users/KauanFarias/.pico-sdk/sdk/2.1.0/src/rp2_common/pico_clib_interface/newlib_interface.c.obj
                0x10001f5c                _exit
 .text.exit     0x10001f60        0x8 CMakeFiles/Tarefa_2.dir/C_/Users/KauanFarias/.pico-sdk/sdk/2.1.0/src/rp2_common/pico_clib_interface/newlib_interface.c.obj
                0x10001f60                exit
 .text.runtime_init
                0x10001f68       0x2c CMakeFiles/Tarefa_2.dir/C_/Users/KauanFarias/.pico-sdk/sdk/2.1.0/src/rp2_common/pico_clib_interface/newlib_interface.c.obj
                0x10001f68                runtime_init
 .text.stdio_out_chars_no_crlf
                0x10001f94       0x10 CMakeFiles/Tarefa_2.dir/C_/Users/KauanFarias/.pico-sdk/sdk/2.1.0/src/rp2_common/pico_stdio/stdio.c.obj
 .text.stdio_out_chars_crlf
                0x10001fa4       0x94 CMakeFiles/Tarefa_2.dir/C_/Users/KauanFarias/.pico-sdk/sdk/2.1.0/src/rp2_common/pico_stdio/stdio.c.obj
 .text.stdio_put_string
                0x10002038      0x100 CMakeFiles/Tarefa_2.dir/C_/Users/KauanFarias/.pico-sdk/sdk/2.1.0/src/rp2_common/pico_stdio/stdio.c.obj
                0x10002038                stdio_put_string
 .text.stdio_set_driver_enabled
                0x10002138       0x30 CMakeFiles/Tarefa_2.dir/C_/Users/KauanFarias/.pico-sdk/sdk/2.1.0/src/rp2_common/pico_stdio/stdio.c.obj
                0x10002138                stdio_set_driver_enabled
 .text.stdio_init_all
                0x10002168        0xc CMakeFiles/Tarefa_2.dir/C_/Users/KauanFarias/.pico-sdk/sdk/2.1.0/src/rp2_common/pico_stdio/stdio.c.obj
                0x10002168                stdio_init_all
 .text.__wrap_putchar
                0x10002174       0x98 CMakeFiles/Tarefa_2.dir/C_/Users/KauanFarias/.pico-sdk/sdk/2.1.0/src/rp2_common/pico_stdio/stdio.c.obj
                0x10002174                __wrap_putchar
                0x10002174                stdio_putchar
 .text.__wrap_puts
                0x1000220c       0x3c CMakeFiles/Tarefa_2.dir/C_/Users/KauanFarias/.pico-sdk/sdk/2.1.0/src/rp2_common/pico_stdio/stdio.c.obj
                0x1000220c                stdio_puts
                0x1000220c                __wrap_puts
 .text.stdio_uart_out_chars
                0x10002248       0x4c CMakeFiles/Tarefa_2.dir/C_/Users/KauanFarias/.pico-sdk/sdk/2.1.0/src/rp2_common/pico_stdio_uart/stdio_uart.c.obj
 .text.stdio_uart_in_chars
                0x10002294       0x90 CMakeFiles/Tarefa_2.dir/C_/Users/KauanFarias/.pico-sdk/sdk/2.1.0/src/rp2_common/pico_stdio_uart/stdio_uart.c.obj
                0x10002294                stdio_uart_in_chars
 .text.on_uart_rx
                0x10002324       0x28 CMakeFiles/Tarefa_2.dir/C_/Users/KauanFarias/.pico-sdk/sdk/2.1.0/src/rp2_common/pico_stdio_uart/stdio_uart.c.obj
 .text.stdio_uart_out_flush
                0x1000234c       0x14 CMakeFiles/Tarefa_2.dir/C_/Users/KauanFarias/.pico-sdk/sdk/2.1.0/src/rp2_common/pico_stdio_uart/stdio_uart.c.obj
 .text.stdio_uart_set_chars_available_callback
                0x10002360       0x84 CMakeFiles/Tarefa_2.dir/C_/Users/KauanFarias/.pico-sdk/sdk/2.1.0/src/rp2_common/pico_stdio_uart/stdio_uart.c.obj
 .text.stdio_uart_init
                0x100023e4       0x50 CMakeFiles/Tarefa_2.dir/C_/Users/KauanFarias/.pico-sdk/sdk/2.1.0/src/rp2_common/pico_stdio_uart/stdio_uart.c.obj
                0x100023e4                stdio_uart_init
 .text.strlen   0x10002434       0x5c C:/Users/KauanFarias/.pico-sdk/toolchain/13_3_Rel1/bin/../lib/gcc/arm-none-eabi/13.3.1/thumb/v6-m/nofp\libg.a(libc_a-strlen-stub.o)
                0x10002434                strlen
 *(.fini)
 .fini          0x10002490        0x4 C:/Users/KauanFarias/.pico-sdk/toolchain/13_3_Rel1/bin/../lib/gcc/arm-none-eabi/13.3.1/thumb/v6-m/nofp/crti.o
                0x10002490                _fini
 *fill*         0x10002494        0x4 
 .fini.__stub   0x10002498       0x30 linker stubs
 *crtbegin.o(.ctors)
 *crtbegin?.o(.ctors)
 *(EXCLUDE_FILE(*crtend.o *crtend?.o) .ctors)
 *(SORT_BY_NAME(.ctors.*))
 *(.ctors)
 *crtbegin.o(.dtors)
 *crtbegin?.o(.dtors)
 *(EXCLUDE_FILE(*crtend.o *crtend?.o) .dtors)
 *(SORT_BY_NAME(.dtors.*))
 *(.dtors)
                0x100024c8                        . = ALIGN (0x4)
                0x100024c8                        PROVIDE (__preinit_array_start = .)
 *(SORT_BY_NAME(.preinit_array.*))
 .preinit_array.00100
                0x100024c8        0x4 CMakeFiles/Tarefa_2.dir/C_/Users/KauanFarias/.pico-sdk/sdk/2.1.0/src/rp2_common/pico_runtime_init/runtime_init.c.obj
                0x100024c8                __pre_init_runtime_init_early_resets
 .preinit_array.00101
                0x100024cc        0x4 CMakeFiles/Tarefa_2.dir/C_/Users/KauanFarias/.pico-sdk/sdk/2.1.0/src/rp2_common/pico_runtime_init/runtime_init.c.obj
                0x100024cc                __pre_init_runtime_init_usb_power_down
 .preinit_array.00275
                0x100024d0        0x4 CMakeFiles/Tarefa_2.dir/C_/Users/KauanFarias/.pico-sdk/sdk/2.1.0/src/rp2_common/pico_bit_ops/bit_ops_aeabi.S.obj
 .preinit_array.00300
                0x100024d4        0x4 CMakeFiles/Tarefa_2.dir/C_/Users/KauanFarias/.pico-sdk/sdk/2.1.0/src/rp2_common/pico_mem_ops/mem_ops_aeabi.S.obj
 .preinit_array.00350
                0x100024d8        0x4 CMakeFiles/Tarefa_2.dir/C_/Users/KauanFarias/.pico-sdk/sdk/2.1.0/src/rp2_common/pico_double/double_aeabi_rp2040.S.obj
 .preinit_array.00350
                0x100024dc        0x4 CMakeFiles/Tarefa_2.dir/C_/Users/KauanFarias/.pico-sdk/sdk/2.1.0/src/rp2_common/pico_float/float_aeabi_rp2040.S.obj
 .preinit_array.00500
                0x100024e0        0x4 CMakeFiles/Tarefa_2.dir/C_/Users/KauanFarias/.pico-sdk/sdk/2.1.0/src/rp2_common/pico_runtime_init/runtime_init.c.obj
                0x100024e0                __pre_init_runtime_init_clocks
 .preinit_array.00600
                0x100024e4        0x4 CMakeFiles/Tarefa_2.dir/C_/Users/KauanFarias/.pico-sdk/sdk/2.1.0/src/rp2_common/pico_runtime_init/runtime_init.c.obj
                0x100024e4                __pre_init_runtime_init_post_clock_resets
 .preinit_array.00700
                0x100024e8        0x4 CMakeFiles/Tarefa_2.dir/C_/Users/KauanFarias/.pico-sdk/sdk/2.1.0/src/rp2_common/pico_runtime_init/runtime_init.c.obj
                0x100024e8                __pre_init_runtime_init_rp2040_gpio_ie_disable
 .preinit_array.01000
                0x100024ec        0x4 CMakeFiles/Tarefa_2.dir/C_/Users/KauanFarias/.pico-sdk/sdk/2.1.0/src/rp2_common/pico_runtime_init/runtime_init.c.obj
                0x100024ec                __pre_init_runtime_init_spin_locks_reset
 .preinit_array.01100
                0x100024f0        0x4 CMakeFiles/Tarefa_2.dir/C_/Users/KauanFarias/.pico-sdk/sdk/2.1.0/src/common/pico_sync/mutex.c.obj
                0x100024f0                __pre_init_runtime_init_mutex
 .preinit_array.10080
                0x100024f4        0x4 CMakeFiles/Tarefa_2.dir/C_/Users/KauanFarias/.pico-sdk/sdk/2.1.0/src/rp2_common/pico_runtime_init/runtime_init.c.obj
                0x100024f4                __pre_init_runtime_init_install_ram_vector_table
 .preinit_array.11000
                0x100024f8        0x4 CMakeFiles/Tarefa_2.dir/C_/Users/KauanFarias/.pico-sdk/sdk/2.1.0/src/common/pico_time/time.c.obj
                0x100024f8                __pre_init_runtime_init_default_alarm_pool
 .preinit_array.YYYYY
                0x100024fc        0x4 CMakeFiles/Tarefa_2.dir/C_/Users/KauanFarias/.pico-sdk/sdk/2.1.0/src/rp2_common/pico_runtime/runtime.c.obj
                0x100024fc                __pre_init_first_per_core_initializer
 .preinit_array.ZZZZZ.01200
                0x10002500        0x4 CMakeFiles/Tarefa_2.dir/C_/Users/KauanFarias/.pico-sdk/sdk/2.1.0/src/rp2_common/hardware_irq/irq.c.obj
                0x10002500                __pre_init_runtime_init_per_core_irq_priorities
 *(.preinit_array)
                0x10002504                        PROVIDE (__preinit_array_end = .)
                0x10002504                        . = ALIGN (0x4)
                0x10002504                        PROVIDE (__init_array_start = .)
 *(SORT_BY_NAME(.init_array.*))
 *(.init_array)
 .init_array    0x10002504        0x4 C:/Users/KauanFarias/.pico-sdk/toolchain/13_3_Rel1/bin/../lib/gcc/arm-none-eabi/13.3.1/thumb/v6-m/nofp/crtbegin.o
                0x10002508                        PROVIDE (__init_array_end = .)
                0x10002508                        . = ALIGN (0x4)
                [!provide]                        PROVIDE (__fini_array_start = .)
 *(SORT_BY_NAME(.fini_array.*))
 *(.fini_array)
                [!provide]                        PROVIDE (__fini_array_end = .)
 *(.eh_frame*)
 .eh_frame      0x10002508        0x0 C:/Users/KauanFarias/.pico-sdk/toolchain/13_3_Rel1/bin/../lib/gcc/arm-none-eabi/13.3.1/thumb/v6-m/nofp/crtbegin.o
                0x10002508                        . = ALIGN (0x4)

.glue_7         0x10002508        0x0
 .glue_7        0x10002508        0x0 linker stubs

.glue_7t        0x10002508        0x0
 .glue_7t       0x10002508        0x0 linker stubs

.vfp11_veneer   0x10002508        0x0
 .vfp11_veneer  0x10002508        0x0 linker stubs

.v4_bx          0x10002508        0x0
 .v4_bx         0x10002508        0x0 linker stubs

.iplt           0x10002508        0x0
 .iplt          0x10002508        0x0 C:/Users/KauanFarias/.pico-sdk/toolchain/13_3_Rel1/bin/../lib/gcc/arm-none-eabi/13.3.1/thumb/v6-m/nofp/crtbegin.o

.rodata         0x10002508      0x134
 *(EXCLUDE_FILE(*libm.a: *libc.a:*lib_a-mem*.o *libgcc.a:) .rodata*)
 .rodata.panic.str1.4
                0x10002508       0xb4 CMakeFiles/Tarefa_2.dir/C_/Users/KauanFarias/.pico-sdk/sdk/2.1.0/src/rp2_common/pico_platform_panic/panic.c.obj
                                 0x12 (size before relaxing)
 .rodata.timer_hardware_alarm_claim.str1.4
                0x100025bc       0x22 CMakeFiles/Tarefa_2.dir/C_/Users/KauanFarias/.pico-sdk/sdk/2.1.0/src/rp2_common/hardware_timer/timer.c.obj
 .rodata.hard_assertion_failure.str1.4
                0x100025bc        0xc CMakeFiles/Tarefa_2.dir/C_/Users/KauanFarias/.pico-sdk/sdk/2.1.0/src/rp2_common/pico_runtime/runtime.c.obj
 .rodata.str1.4
                0x100025bc       0x44 CMakeFiles/Tarefa_2.dir/C_/Users/KauanFarias/.pico-sdk/sdk/2.1.0/src/rp2_common/pico_standard_binary_info/standard_binary_info.c.obj
 .rodata.__bi_84
                0x100025bc        0xc CMakeFiles/Tarefa_2.dir/C_/Users/KauanFarias/.pico-sdk/sdk/2.1.0/src/rp2_common/pico_standard_binary_info/standard_binary_info.c.obj
 .rodata.__bi_78
                0x100025c8        0xc CMakeFiles/Tarefa_2.dir/C_/Users/KauanFarias/.pico-sdk/sdk/2.1.0/src/rp2_common/pico_standard_binary_info/standard_binary_info.c.obj
 .rodata.__bi_60
                0x100025d4        0xc CMakeFiles/Tarefa_2.dir/C_/Users/KauanFarias/.pico-sdk/sdk/2.1.0/src/rp2_common/pico_standard_binary_info/standard_binary_info.c.obj
 .rodata.__bi_54
                0x100025e0        0xc CMakeFiles/Tarefa_2.dir/C_/Users/KauanFarias/.pico-sdk/sdk/2.1.0/src/rp2_common/pico_standard_binary_info/standard_binary_info.c.obj
 .rodata.__bi_48
                0x100025ec        0xc CMakeFiles/Tarefa_2.dir/C_/Users/KauanFarias/.pico-sdk/sdk/2.1.0/src/rp2_common/pico_standard_binary_info/standard_binary_info.c.obj
 .rodata.__bi_42
                0x100025f8        0xc CMakeFiles/Tarefa_2.dir/C_/Users/KauanFarias/.pico-sdk/sdk/2.1.0/src/rp2_common/pico_standard_binary_info/standard_binary_info.c.obj
 .rodata.__bi_34
                0x10002604        0xc CMakeFiles/Tarefa_2.dir/C_/Users/KauanFarias/.pico-sdk/sdk/2.1.0/src/rp2_common/pico_standard_binary_info/standard_binary_info.c.obj
 .rodata.__bi_26
                0x10002610        0xc CMakeFiles/Tarefa_2.dir/C_/Users/KauanFarias/.pico-sdk/sdk/2.1.0/src/rp2_common/pico_standard_binary_info/standard_binary_info.c.obj
 .rodata.crlf_str.0
                0x1000261c        0x2 CMakeFiles/Tarefa_2.dir/C_/Users/KauanFarias/.pico-sdk/sdk/2.1.0/src/rp2_common/pico_stdio/stdio.c.obj
 .rodata.str1.4
                0x1000261e       0x2c CMakeFiles/Tarefa_2.dir/C_/Users/KauanFarias/.pico-sdk/sdk/2.1.0/src/rp2_common/pico_stdio_uart/stdio_uart.c.obj
 *fill*         0x1000261e        0x2 
 .rodata.__bi_45.4
                0x10002620        0xc CMakeFiles/Tarefa_2.dir/C_/Users/KauanFarias/.pico-sdk/sdk/2.1.0/src/rp2_common/pico_stdio_uart/stdio_uart.c.obj
 .rodata.__bi_49.5
                0x1000262c        0x8 CMakeFiles/Tarefa_2.dir/C_/Users/KauanFarias/.pico-sdk/sdk/2.1.0/src/rp2_common/pico_stdio_uart/stdio_uart.c.obj
 .rodata.__bi_50.6
                0x10002634        0x8 CMakeFiles/Tarefa_2.dir/C_/Users/KauanFarias/.pico-sdk/sdk/2.1.0/src/rp2_common/pico_stdio_uart/stdio_uart.c.obj
                0x1000263c                        . = ALIGN (0x4)
 *(SORT_BY_ALIGNMENT(SORT_BY_NAME(.flashdata*)))
                0x1000263c                        . = ALIGN (0x4)

.ARM.extab
 *(.ARM.extab* .gnu.linkonce.armextab.*)
                0x1000263c                        __exidx_start = .

.ARM.exidx
 *(.ARM.exidx* .gnu.linkonce.armexidx.*)
                0x1000263c                        __exidx_end = .
                0x1000263c                        . = ALIGN (0x4)
                0x1000263c                        __binary_info_start = .

.binary_info    0x1000263c       0x2c
 *(.binary_info.keep.*)
 .binary_info.keep.__bi_ptr84
                0x1000263c        0x4 CMakeFiles/Tarefa_2.dir/C_/Users/KauanFarias/.pico-sdk/sdk/2.1.0/src/rp2_common/pico_standard_binary_info/standard_binary_info.c.obj
 .binary_info.keep.__bi_ptr78
                0x10002640        0x4 CMakeFiles/Tarefa_2.dir/C_/Users/KauanFarias/.pico-sdk/sdk/2.1.0/src/rp2_common/pico_standard_binary_info/standard_binary_info.c.obj
 .binary_info.keep.__bi_ptr60
                0x10002644        0x4 CMakeFiles/Tarefa_2.dir/C_/Users/KauanFarias/.pico-sdk/sdk/2.1.0/src/rp2_common/pico_standard_binary_info/standard_binary_info.c.obj
 .binary_info.keep.__bi_ptr54
                0x10002648        0x4 CMakeFiles/Tarefa_2.dir/C_/Users/KauanFarias/.pico-sdk/sdk/2.1.0/src/rp2_common/pico_standard_binary_info/standard_binary_info.c.obj
 .binary_info.keep.__bi_ptr48
                0x1000264c        0x4 CMakeFiles/Tarefa_2.dir/C_/Users/KauanFarias/.pico-sdk/sdk/2.1.0/src/rp2_common/pico_standard_binary_info/standard_binary_info.c.obj
 .binary_info.keep.__bi_ptr42
                0x10002650        0x4 CMakeFiles/Tarefa_2.dir/C_/Users/KauanFarias/.pico-sdk/sdk/2.1.0/src/rp2_common/pico_standard_binary_info/standard_binary_info.c.obj
 .binary_info.keep.__bi_ptr34
                0x10002654        0x4 CMakeFiles/Tarefa_2.dir/C_/Users/KauanFarias/.pico-sdk/sdk/2.1.0/src/rp2_common/pico_standard_binary_info/standard_binary_info.c.obj
 .binary_info.keep.__bi_ptr26
                0x10002658        0x4 CMakeFiles/Tarefa_2.dir/C_/Users/KauanFarias/.pico-sdk/sdk/2.1.0/src/rp2_common/pico_standard_binary_info/standard_binary_info.c.obj
 *(.binary_info.*)
 .binary_info.__bi_ptr50
                0x1000265c        0x4 CMakeFiles/Tarefa_2.dir/C_/Users/KauanFarias/.pico-sdk/sdk/2.1.0/src/rp2_common/pico_stdio_uart/stdio_uart.c.obj
 .binary_info.__bi_ptr49
                0x10002660        0x4 CMakeFiles/Tarefa_2.dir/C_/Users/KauanFarias/.pico-sdk/sdk/2.1.0/src/rp2_common/pico_stdio_uart/stdio_uart.c.obj
 .binary_info.__bi_ptr45
                0x10002664        0x4 CMakeFiles/Tarefa_2.dir/C_/Users/KauanFarias/.pico-sdk/sdk/2.1.0/src/rp2_common/pico_stdio_uart/stdio_uart.c.obj
                0x10002668                        __binary_info_end = .

.rel.dyn        0x10002668        0x0
 .rel.iplt      0x10002668        0x0 C:/Users/KauanFarias/.pico-sdk/toolchain/13_3_Rel1/bin/../lib/gcc/arm-none-eabi/13.3.1/thumb/v6-m/nofp/crtbegin.o
                0x10002668                        . = ALIGN (0x4)

.ram_vector_table
                0x20000000       0xc0
 *(.ram_vector_table)
 .ram_vector_table
                0x20000000       0xc0 CMakeFiles/Tarefa_2.dir/C_/Users/KauanFarias/.pico-sdk/sdk/2.1.0/src/rp2_common/pico_runtime_init/runtime_init.c.obj
                0x20000000                ram_vector_table

.uninitialized_data
                0x200000c0        0x0
                0x200000c0                        . = ALIGN (0x4)
 *(.uninitialized_data*)

.data           0x200000c0      0x180 load address 0x10002668
                0x200000c0                        __data_start__ = .
 *(vtable)
 *(.time_critical*)
 .time_critical.mutex_try_enter_block_until
                0x200000c0       0x9c CMakeFiles/Tarefa_2.dir/C_/Users/KauanFarias/.pico-sdk/sdk/2.1.0/src/common/pico_sync/mutex.c.obj
                0x200000c0                mutex_try_enter_block_until
 .time_critical.mutex_exit
                0x2000015c       0x28 CMakeFiles/Tarefa_2.dir/C_/Users/KauanFarias/.pico-sdk/sdk/2.1.0/src/common/pico_sync/mutex.c.obj
                0x2000015c                mutex_exit
 *(.text*)
 .text          0x20000184        0x4 C:/Users/KauanFarias/.pico-sdk/toolchain/13_3_Rel1/bin/../lib/gcc/arm-none-eabi/13.3.1/thumb/v6-m/nofp\libgcc.a(_dvmd_tls.o)
                0x20000184                __aeabi_idiv0
                0x20000184                __aeabi_ldiv0
 .text.__stub   0x20000188       0x10 linker stubs
                0x20000198                        . = ALIGN (0x4)
 *(.rodata*)
                0x20000198                        . = ALIGN (0x4)
 *(.data*)
 .data.striped_spin_lock_num
                0x20000198        0x1 CMakeFiles/Tarefa_2.dir/C_/Users/KauanFarias/.pico-sdk/sdk/2.1.0/src/rp2_common/hardware_sync/sync.c.obj
 *fill*         0x20000199        0x3 
 .data          0x2000019c       0x48 CMakeFiles/Tarefa_2.dir/C_/Users/KauanFarias/.pico-sdk/sdk/2.1.0/src/rp2_common/hardware_irq/irq_handler_chain.S.obj
                0x2000019c                irq_handler_chain_slots
                0x200001cc                irq_handler_chain_first_slot
                0x200001d6                irq_handler_chain_remove_tail
 .data.default_alarm_pool
                0x200001e4       0x18 CMakeFiles/Tarefa_2.dir/C_/Users/KauanFarias/.pico-sdk/sdk/2.1.0/src/common/pico_time/time.c.obj
 *fill*         0x200001fc        0x4 
 .data.aeabi_bits_funcs
                0x20000200       0x10 CMakeFiles/Tarefa_2.dir/C_/Users/KauanFarias/.pico-sdk/sdk/2.1.0/src/rp2_common/pico_bit_ops/bit_ops_aeabi.S.obj
                0x20000200                aeabi_bits_funcs
                0x20000210                aeabi_bits_funcs_end
 .data.aeabi_mem_funcs
                0x20000210       0x10 CMakeFiles/Tarefa_2.dir/C_/Users/KauanFarias/.pico-sdk/sdk/2.1.0/src/rp2_common/pico_mem_ops/mem_ops_aeabi.S.obj
                0x20000210                aeabi_mem_funcs
                0x20000220                aeabi_mem_funcs_end
 .data.stdio_uart
                0x20000220       0x18 CMakeFiles/Tarefa_2.dir/C_/Users/KauanFarias/.pico-sdk/sdk/2.1.0/src/rp2_common/pico_stdio_uart/stdio_uart.c.obj
                0x20000220                stdio_uart
                0x20000238                        . = ALIGN (0x4)
 *(.after_data.*)
                0x20000238                        . = ALIGN (0x4)
                0x20000238                        PROVIDE (__mutex_array_start = .)
 *(SORT_BY_NAME(.mutex_array.*))
 *(.mutex_array)
 .mutex_array   0x20000238        0x8 CMakeFiles/Tarefa_2.dir/C_/Users/KauanFarias/.pico-sdk/sdk/2.1.0/src/rp2_common/pico_stdio/stdio.c.obj
                0x20000240                        PROVIDE (__mutex_array_end = .)
                0x20000240                        . = ALIGN (0x4)
 *(.jcr)
                0x20000240                        . = ALIGN (0x4)

.tm_clone_table
                0x20000240        0x0 load address 0x100027e8
 .tm_clone_table
                0x20000240        0x0 C:/Users/KauanFarias/.pico-sdk/toolchain/13_3_Rel1/bin/../lib/gcc/arm-none-eabi/13.3.1/thumb/v6-m/nofp/crtbegin.o
 .tm_clone_table
                0x20000240        0x0 C:/Users/KauanFarias/.pico-sdk/toolchain/13_3_Rel1/bin/../lib/gcc/arm-none-eabi/13.3.1/thumb/v6-m/nofp/crtend.o

.igot.plt       0x20000240        0x0 load address 0x100027e8
 .igot.plt      0x20000240        0x0 C:/Users/KauanFarias/.pico-sdk/toolchain/13_3_Rel1/bin/../lib/gcc/arm-none-eabi/13.3.1/thumb/v6-m/nofp/crtbegin.o

.tdata          0x20000240        0x0 load address 0x100027e8
                0x20000240                        . = ALIGN (0x4)
 *(.tdata .tdata.* .gnu.linkonce.td.*)
                0x20000240                        __tdata_end = .
                0x20000240                        PROVIDE (__data_end__ = .)
                0x10002668                        __etext = LOADADDR (.data)

.tbss           0x20000240        0x0 load address 0x100027e8
                0x20000240                        . = ALIGN (0x4)
                0x20000240                        __bss_start__ = .
                0x20000240                        __tls_base = .
 *(.tbss .tbss.* .gnu.linkonce.tb.*)
 *(.tcommon)
                0x20000240                        __tls_end = .

.bss            0x20000240      0x40c load address 0x100027e8
                0x20000240                        . = ALIGN (0x4)
                0x20000240                        __tbss_end = .
 *(SORT_BY_ALIGNMENT(SORT_BY_NAME(.bss*)))
 .bss.default_alarm_pool_entries
                0x20000240      0x180 CMakeFiles/Tarefa_2.dir/C_/Users/KauanFarias/.pico-sdk/sdk/2.1.0/src/common/pico_time/time.c.obj
 .bss.sd_table  0x200003c0      0x100 CMakeFiles/Tarefa_2.dir/C_/Users/KauanFarias/.pico-sdk/sdk/2.1.0/src/rp2_common/pico_double/double_init_rom_rp2040.c.obj
                0x200003c0                sd_table
 .bss.sf_table  0x200004c0      0x100 CMakeFiles/Tarefa_2.dir/C_/Users/KauanFarias/.pico-sdk/sdk/2.1.0/src/rp2_common/pico_float/float_init_rom_rp2040.c.obj
                0x200004c0                sf_table
 .bss.callbacks
                0x200005c0        0x8 CMakeFiles/Tarefa_2.dir/C_/Users/KauanFarias/.pico-sdk/sdk/2.1.0/src/rp2_common/hardware_gpio/gpio.c.obj
 .bss.chars_available_callback
                0x200005c8        0x4 CMakeFiles/Tarefa_2.dir/C_/Users/KauanFarias/.pico-sdk/sdk/2.1.0/src/rp2_common/pico_stdio_uart/stdio_uart.c.obj
 .bss.chars_available_param
                0x200005cc        0x4 CMakeFiles/Tarefa_2.dir/C_/Users/KauanFarias/.pico-sdk/sdk/2.1.0/src/rp2_common/pico_stdio_uart/stdio_uart.c.obj
 .bss.claimed   0x200005d0        0x1 CMakeFiles/Tarefa_2.dir/C_/Users/KauanFarias/.pico-sdk/sdk/2.1.0/src/rp2_common/hardware_timer/timer.c.obj
 *fill*         0x200005d1        0x3 
 .bss.configured_freq
                0x200005d4       0x28 CMakeFiles/Tarefa_2.dir/C_/Users/KauanFarias/.pico-sdk/sdk/2.1.0/src/rp2_common/hardware_clocks/clocks.c.obj
 .bss.drivers   0x200005fc        0x4 CMakeFiles/Tarefa_2.dir/C_/Users/KauanFarias/.pico-sdk/sdk/2.1.0/src/rp2_common/pico_stdio/stdio.c.obj
 .bss.filter    0x20000600        0x4 CMakeFiles/Tarefa_2.dir/C_/Users/KauanFarias/.pico-sdk/sdk/2.1.0/src/rp2_common/pico_stdio/stdio.c.obj
 .bss.lazy_vsnprintf
                0x20000604        0x4 CMakeFiles/Tarefa_2.dir/C_/Users/KauanFarias/.pico-sdk/sdk/2.1.0/src/rp2_common/pico_printf/printf.c.obj
 .bss.object.0  0x20000608       0x18 C:/Users/KauanFarias/.pico-sdk/toolchain/13_3_Rel1/bin/../lib/gcc/arm-none-eabi/13.3.1/thumb/v6-m/nofp/crtbegin.o
 .bss.pools     0x20000620       0x10 CMakeFiles/Tarefa_2.dir/C_/Users/KauanFarias/.pico-sdk/sdk/2.1.0/src/common/pico_time/time.c.obj
 .bss.raw_irq_mask
                0x20000630        0x8 CMakeFiles/Tarefa_2.dir/C_/Users/KauanFarias/.pico-sdk/sdk/2.1.0/src/rp2_common/hardware_gpio/gpio.c.obj
 .bss.sf_clz_func
                0x20000638        0x4 CMakeFiles/Tarefa_2.dir/C_/Users/KauanFarias/.pico-sdk/sdk/2.1.0/src/rp2_common/pico_double/double_init_rom_rp2040.c.obj
                0x20000638                sf_clz_func
 .bss.sleep_notifier
                0x2000063c        0x4 CMakeFiles/Tarefa_2.dir/C_/Users/KauanFarias/.pico-sdk/sdk/2.1.0/src/common/pico_time/time.c.obj
 .bss.uart_char_to_line_feed
                0x20000640        0x4 CMakeFiles/Tarefa_2.dir/C_/Users/KauanFarias/.pico-sdk/sdk/2.1.0/src/rp2_common/hardware_uart/uart.c.obj
                0x20000640                uart_char_to_line_feed
 .bss.uart_instance
                0x20000644        0x4 CMakeFiles/Tarefa_2.dir/C_/Users/KauanFarias/.pico-sdk/sdk/2.1.0/src/rp2_common/pico_stdio_uart/stdio_uart.c.obj
 .bss.irq_handler_chain_free_slot_head
                0x20000648        0x1 CMakeFiles/Tarefa_2.dir/C_/Users/KauanFarias/.pico-sdk/sdk/2.1.0/src/rp2_common/hardware_irq/irq.c.obj
 .bss.timer_active
                0x20000649        0x1 CMakeFiles/Tarefa_2.dir/Tarefa_2.c.obj
                0x20000649                timer_active
 *(COMMON)
                0x2000064c                        . = ALIGN (0x4)
 *fill*         0x2000064a        0x2 
                0x2000064c                        __bss_end__ = .

.heap           0x2000064c      0x800 load address 0x100027e8
                0x2000064c                        __end__ = .
                0x2000064c                        end = __end__
 *(.heap*)
 .heap          0x2000064c      0x800 CMakeFiles/Tarefa_2.dir/C_/Users/KauanFarias/.pico-sdk/sdk/2.1.0/src/rp2_common/pico_crt0/crt0.S.obj
                0x20040000                        __HeapLimit = (ORIGIN (RAM) + LENGTH (RAM))

.scratch_x      0x20040000        0x0 load address 0x100027e8
                0x20040000                        __scratch_x_start__ = .
 *(.scratch_x.*)
                0x20040000                        . = ALIGN (0x4)
                0x20040000                        __scratch_x_end__ = .
                0x100027e8                        __scratch_x_source__ = LOADADDR (.scratch_x)

.scratch_y      0x20041000        0x0 load address 0x100027e8
                0x20041000                        __scratch_y_start__ = .
 *(.scratch_y.*)
                0x20041000                        . = ALIGN (0x4)
                0x20041000                        __scratch_y_end__ = .
                0x100027e8                        __scratch_y_source__ = LOADADDR (.scratch_y)

.stack1_dummy
 *(.stack1*)

.stack_dummy    0x20041000      0x800
 *(.stack*)
 .stack         0x20041000      0x800 CMakeFiles/Tarefa_2.dir/C_/Users/KauanFarias/.pico-sdk/sdk/2.1.0/src/rp2_common/pico_crt0/crt0.S.obj

.flash_end      0x100027e8        0x0
 *(.embedded_end_block*)
                0x100027e8                        PROVIDE (__flash_binary_end = .)
                0x20040000                        __StackLimit = (ORIGIN (RAM) + LENGTH (RAM))
                0x20041000                        __StackOneTop = (ORIGIN (SCRATCH_X) + LENGTH (SCRATCH_X))
                0x20042000                        __StackTop = (ORIGIN (SCRATCH_Y) + LENGTH (SCRATCH_Y))
                0x20041000                        __StackOneBottom = (__StackOneTop - SIZEOF (.stack1_dummy))
                0x20041800                        __StackBottom = (__StackTop - SIZEOF (.stack_dummy))
                0x20042000                        PROVIDE (__stack = __StackTop)
                [!provide]                        PROVIDE (__heap_start = __end__)
                [!provide]                        PROVIDE (__heap_end = __HeapLimit)
                [!provide]                        PROVIDE (__tls_align = MAX (ALIGNOF (.tdata), ALIGNOF (.tbss)))
                [!provide]                        PROVIDE (__tls_size_align = (((__tls_size + __tls_align) - 0x1) & ~ ((__tls_align - 0x1))))
                [!provide]                        PROVIDE (__arm32_tls_tcb_offset = MAX (0x8, __tls_align))
                [!provide]                        PROVIDE (_end = __end__)
                [!provide]                        PROVIDE (__llvm_libc_heap_limit = __HeapLimit)
                0x00000001                        ASSERT ((__StackLimit >= __HeapLimit), region RAM overflowed)
                0x00000001                        ASSERT (((__binary_info_header_end - __logical_binary_start) <= 0x100), Binary info must be in first 256 bytes of the binary)
LOAD CMakeFiles/Tarefa_2.dir/Tarefa_2.c.obj
LOAD CMakeFiles/Tarefa_2.dir/C_/Users/KauanFarias/.pico-sdk/sdk/2.1.0/src/rp2_common/pico_stdlib/stdlib.c.obj
LOAD CMakeFiles/Tarefa_2.dir/C_/Users/KauanFarias/.pico-sdk/sdk/2.1.0/src/rp2_common/hardware_gpio/gpio.c.obj
LOAD CMakeFiles/Tarefa_2.dir/C_/Users/KauanFarias/.pico-sdk/sdk/2.1.0/src/rp2040/pico_platform/platform.c.obj
LOAD CMakeFiles/Tarefa_2.dir/C_/Users/KauanFarias/.pico-sdk/sdk/2.1.0/src/rp2_common/pico_platform_panic/panic.c.obj
LOAD CMakeFiles/Tarefa_2.dir/C_/Users/KauanFarias/.pico-sdk/sdk/2.1.0/src/common/hardware_claim/claim.c.obj
LOAD CMakeFiles/Tarefa_2.dir/C_/Users/KauanFarias/.pico-sdk/sdk/2.1.0/src/rp2_common/hardware_sync/sync.c.obj
LOAD CMakeFiles/Tarefa_2.dir/C_/Users/KauanFarias/.pico-sdk/sdk/2.1.0/src/rp2_common/hardware_sync_spin_lock/sync_spin_lock.c.obj
LOAD CMakeFiles/Tarefa_2.dir/C_/Users/KauanFarias/.pico-sdk/sdk/2.1.0/src/rp2_common/hardware_irq/irq.c.obj
LOAD CMakeFiles/Tarefa_2.dir/C_/Users/KauanFarias/.pico-sdk/sdk/2.1.0/src/rp2_common/hardware_irq/irq_handler_chain.S.obj
LOAD CMakeFiles/Tarefa_2.dir/C_/Users/KauanFarias/.pico-sdk/sdk/2.1.0/src/common/pico_sync/sem.c.obj
LOAD CMakeFiles/Tarefa_2.dir/C_/Users/KauanFarias/.pico-sdk/sdk/2.1.0/src/common/pico_sync/lock_core.c.obj
LOAD CMakeFiles/Tarefa_2.dir/C_/Users/KauanFarias/.pico-sdk/sdk/2.1.0/src/common/pico_sync/mutex.c.obj
LOAD CMakeFiles/Tarefa_2.dir/C_/Users/KauanFarias/.pico-sdk/sdk/2.1.0/src/common/pico_sync/critical_section.c.obj
LOAD CMakeFiles/Tarefa_2.dir/C_/Users/KauanFarias/.pico-sdk/sdk/2.1.0/src/common/pico_time/time.c.obj
LOAD CMakeFiles/Tarefa_2.dir/C_/Users/KauanFarias/.pico-sdk/sdk/2.1.0/src/common/pico_time/timeout_helper.c.obj
LOAD CMakeFiles/Tarefa_2.dir/C_/Users/KauanFarias/.pico-sdk/sdk/2.1.0/src/rp2_common/hardware_timer/timer.c.obj
LOAD CMakeFiles/Tarefa_2.dir/C_/Users/KauanFarias/.pico-sdk/sdk/2.1.0/src/common/pico_util/datetime.c.obj
LOAD CMakeFiles/Tarefa_2.dir/C_/Users/KauanFarias/.pico-sdk/sdk/2.1.0/src/common/pico_util/pheap.c.obj
LOAD CMakeFiles/Tarefa_2.dir/C_/Users/KauanFarias/.pico-sdk/sdk/2.1.0/src/common/pico_util/queue.c.obj
LOAD CMakeFiles/Tarefa_2.dir/C_/Users/KauanFarias/.pico-sdk/sdk/2.1.0/src/rp2_common/hardware_uart/uart.c.obj
LOAD CMakeFiles/Tarefa_2.dir/C_/Users/KauanFarias/.pico-sdk/sdk/2.1.0/src/rp2_common/hardware_clocks/clocks.c.obj
LOAD CMakeFiles/Tarefa_2.dir/C_/Users/KauanFarias/.pico-sdk/sdk/2.1.0/src/rp2_common/hardware_pll/pll.c.obj
LOAD CMakeFiles/Tarefa_2.dir/C_/Users/KauanFarias/.pico-sdk/sdk/2.1.0/src/rp2_common/hardware_vreg/vreg.c.obj
LOAD CMakeFiles/Tarefa_2.dir/C_/Users/KauanFarias/.pico-sdk/sdk/2.1.0/src/rp2_common/hardware_watchdog/watchdog.c.obj
LOAD CMakeFiles/Tarefa_2.dir/C_/Users/KauanFarias/.pico-sdk/sdk/2.1.0/src/rp2_common/hardware_ticks/ticks.c.obj
LOAD CMakeFiles/Tarefa_2.dir/C_/Users/KauanFarias/.pico-sdk/sdk/2.1.0/src/rp2_common/pico_bootrom/bootrom.c.obj
LOAD CMakeFiles/Tarefa_2.dir/C_/Users/KauanFarias/.pico-sdk/sdk/2.1.0/src/rp2_common/pico_bootrom/bootrom_lock.c.obj
LOAD CMakeFiles/Tarefa_2.dir/C_/Users/KauanFarias/.pico-sdk/sdk/2.1.0/src/rp2_common/hardware_boot_lock/boot_lock.c.obj
LOAD CMakeFiles/Tarefa_2.dir/C_/Users/KauanFarias/.pico-sdk/sdk/2.1.0/src/rp2_common/pico_flash/flash.c.obj
LOAD CMakeFiles/Tarefa_2.dir/C_/Users/KauanFarias/.pico-sdk/sdk/2.1.0/src/rp2_common/hardware_xosc/xosc.c.obj
LOAD CMakeFiles/Tarefa_2.dir/C_/Users/KauanFarias/.pico-sdk/sdk/2.1.0/src/rp2_common/hardware_divider/divider.S.obj
LOAD CMakeFiles/Tarefa_2.dir/C_/Users/KauanFarias/.pico-sdk/sdk/2.1.0/src/rp2_common/pico_runtime/runtime.c.obj
LOAD CMakeFiles/Tarefa_2.dir/C_/Users/KauanFarias/.pico-sdk/sdk/2.1.0/src/rp2_common/pico_runtime_init/runtime_init.c.obj
LOAD CMakeFiles/Tarefa_2.dir/C_/Users/KauanFarias/.pico-sdk/sdk/2.1.0/src/rp2_common/pico_runtime_init/runtime_init_clocks.c.obj
LOAD CMakeFiles/Tarefa_2.dir/C_/Users/KauanFarias/.pico-sdk/sdk/2.1.0/src/rp2_common/pico_runtime_init/runtime_init_stack_guard.c.obj
LOAD CMakeFiles/Tarefa_2.dir/C_/Users/KauanFarias/.pico-sdk/sdk/2.1.0/src/rp2_common/pico_bit_ops/bit_ops_aeabi.S.obj
LOAD CMakeFiles/Tarefa_2.dir/C_/Users/KauanFarias/.pico-sdk/sdk/2.1.0/src/rp2_common/pico_divider/divider_hardware.S.obj
LOAD CMakeFiles/Tarefa_2.dir/C_/Users/KauanFarias/.pico-sdk/sdk/2.1.0/src/rp2_common/pico_double/double_aeabi_rp2040.S.obj
LOAD CMakeFiles/Tarefa_2.dir/C_/Users/KauanFarias/.pico-sdk/sdk/2.1.0/src/rp2_common/pico_double/double_init_rom_rp2040.c.obj
LOAD CMakeFiles/Tarefa_2.dir/C_/Users/KauanFarias/.pico-sdk/sdk/2.1.0/src/rp2_common/pico_double/double_math.c.obj
LOAD CMakeFiles/Tarefa_2.dir/C_/Users/KauanFarias/.pico-sdk/sdk/2.1.0/src/rp2_common/pico_double/double_v1_rom_shim_rp2040.S.obj
LOAD CMakeFiles/Tarefa_2.dir/C_/Users/KauanFarias/.pico-sdk/sdk/2.1.0/src/rp2_common/pico_int64_ops/pico_int64_ops_aeabi.S.obj
LOAD CMakeFiles/Tarefa_2.dir/C_/Users/KauanFarias/.pico-sdk/sdk/2.1.0/src/rp2_common/pico_float/float_aeabi_rp2040.S.obj
LOAD CMakeFiles/Tarefa_2.dir/C_/Users/KauanFarias/.pico-sdk/sdk/2.1.0/src/rp2_common/pico_float/float_init_rom_rp2040.c.obj
LOAD CMakeFiles/Tarefa_2.dir/C_/Users/KauanFarias/.pico-sdk/sdk/2.1.0/src/rp2_common/pico_float/float_math.c.obj
LOAD CMakeFiles/Tarefa_2.dir/C_/Users/KauanFarias/.pico-sdk/sdk/2.1.0/src/rp2_common/pico_float/float_v1_rom_shim_rp2040.S.obj
LOAD CMakeFiles/Tarefa_2.dir/C_/Users/KauanFarias/.pico-sdk/sdk/2.1.0/src/rp2_common/pico_malloc/malloc.c.obj
LOAD CMakeFiles/Tarefa_2.dir/C_/Users/KauanFarias/.pico-sdk/sdk/2.1.0/src/rp2_common/pico_mem_ops/mem_ops_aeabi.S.obj
LOAD CMakeFiles/Tarefa_2.dir/C_/Users/KauanFarias/.pico-sdk/sdk/2.1.0/src/rp2_common/pico_atomic/atomic.c.obj
LOAD CMakeFiles/Tarefa_2.dir/C_/Users/KauanFarias/.pico-sdk/sdk/2.1.0/src/rp2_common/pico_cxx_options/new_delete.cpp.obj
LOAD CMakeFiles/Tarefa_2.dir/C_/Users/KauanFarias/.pico-sdk/sdk/2.1.0/src/rp2_common/pico_standard_binary_info/standard_binary_info.c.obj
LOAD CMakeFiles/Tarefa_2.dir/C_/Users/KauanFarias/.pico-sdk/sdk/2.1.0/src/rp2_common/pico_printf/printf.c.obj
LOAD CMakeFiles/Tarefa_2.dir/C_/Users/KauanFarias/.pico-sdk/sdk/2.1.0/src/rp2_common/pico_crt0/crt0.S.obj
LOAD CMakeFiles/Tarefa_2.dir/C_/Users/KauanFarias/.pico-sdk/sdk/2.1.0/src/rp2_common/pico_clib_interface/newlib_interface.c.obj
LOAD CMakeFiles/Tarefa_2.dir/C_/Users/KauanFarias/.pico-sdk/sdk/2.1.0/src/rp2_common/pico_stdio/stdio.c.obj
LOAD CMakeFiles/Tarefa_2.dir/C_/Users/KauanFarias/.pico-sdk/sdk/2.1.0/src/rp2_common/pico_stdio_uart/stdio_uart.c.obj
LOAD pico-sdk/src/rp2040/boot_stage2/CMakeFiles/bs2_default_library.dir/./bs2_default_padded_checksummed.S.obj
LOAD C:/Users/KauanFarias/.pico-sdk/toolchain/13_3_Rel1/bin/../lib/gcc/arm-none-eabi/13.3.1/thumb/v6-m/nofp\libstdc++.a
LOAD C:/Users/KauanFarias/.pico-sdk/toolchain/13_3_Rel1/bin/../lib/gcc/arm-none-eabi/13.3.1/thumb/v6-m/nofp\libm.a
START GROUP
LOAD C:/Users/KauanFarias/.pico-sdk/toolchain/13_3_Rel1/bin/../lib/gcc/arm-none-eabi/13.3.1/thumb/v6-m/nofp\libgcc.a
LOAD C:/Users/KauanFarias/.pico-sdk/toolchain/13_3_Rel1/bin/../lib/gcc/arm-none-eabi/13.3.1/thumb/v6-m/nofp\libg.a
LOAD C:/Users/KauanFarias/.pico-sdk/toolchain/13_3_Rel1/bin/../lib/gcc/arm-none-eabi/13.3.1/thumb/v6-m/nofp\libc.a
END GROUP
START GROUP
LOAD C:/Users/KauanFarias/.pico-sdk/toolchain/13_3_Rel1/bin/../lib/gcc/arm-none-eabi/13.3.1/thumb/v6-m/nofp\libgcc.a
LOAD C:/Users/KauanFarias/.pico-sdk/toolchain/13_3_Rel1/bin/../lib/gcc/arm-none-eabi/13.3.1/thumb/v6-m/nofp\libc.a
LOAD C:/Users/KauanFarias/.pico-sdk/toolchain/13_3_Rel1/bin/../lib/gcc/arm-none-eabi/13.3.1/thumb/v6-m/nofp\libnosys.a
END GROUP
LOAD C:/Users/KauanFarias/.pico-sdk/toolchain/13_3_Rel1/bin/../lib/gcc/arm-none-eabi/13.3.1/thumb/v6-m/nofp/crtend.o
LOAD C:/Users/KauanFarias/.pico-sdk/toolchain/13_3_Rel1/bin/../lib/gcc/arm-none-eabi/13.3.1/thumb/v6-m/nofp/crtn.o
OUTPUT(Tarefa_2.elf elf32-littlearm)
LOAD linker stubs

.ARM.attributes
                0x00000000       0x28
 .ARM.attributes
                0x00000000       0x1e C:/Users/KauanFarias/.pico-sdk/toolchain/13_3_Rel1/bin/../lib/gcc/arm-none-eabi/13.3.1/thumb/v6-m/nofp/crti.o
 .ARM.attributes
                0x0000001e       0x2c C:/Users/KauanFarias/.pico-sdk/toolchain/13_3_Rel1/bin/../lib/gcc/arm-none-eabi/13.3.1/thumb/v6-m/nofp/crtbegin.o
 .ARM.attributes
                0x0000004a       0x2c CMakeFiles/Tarefa_2.dir/Tarefa_2.c.obj
 .ARM.attributes
                0x00000076       0x2c CMakeFiles/Tarefa_2.dir/C_/Users/KauanFarias/.pico-sdk/sdk/2.1.0/src/rp2_common/hardware_gpio/gpio.c.obj
 .ARM.attributes
                0x000000a2       0x2c CMakeFiles/Tarefa_2.dir/C_/Users/KauanFarias/.pico-sdk/sdk/2.1.0/src/rp2_common/pico_platform_panic/panic.c.obj
 .ARM.attributes
                0x000000ce       0x2c CMakeFiles/Tarefa_2.dir/C_/Users/KauanFarias/.pico-sdk/sdk/2.1.0/src/common/hardware_claim/claim.c.obj
 .ARM.attributes
                0x000000fa       0x2c CMakeFiles/Tarefa_2.dir/C_/Users/KauanFarias/.pico-sdk/sdk/2.1.0/src/rp2_common/hardware_sync/sync.c.obj
 .ARM.attributes
                0x00000126       0x2c CMakeFiles/Tarefa_2.dir/C_/Users/KauanFarias/.pico-sdk/sdk/2.1.0/src/rp2_common/hardware_sync_spin_lock/sync_spin_lock.c.obj
 .ARM.attributes
                0x00000152       0x2c CMakeFiles/Tarefa_2.dir/C_/Users/KauanFarias/.pico-sdk/sdk/2.1.0/src/rp2_common/hardware_irq/irq.c.obj
 .ARM.attributes
                0x0000017e       0x22 CMakeFiles/Tarefa_2.dir/C_/Users/KauanFarias/.pico-sdk/sdk/2.1.0/src/rp2_common/hardware_irq/irq_handler_chain.S.obj
 .ARM.attributes
                0x000001a0       0x2c CMakeFiles/Tarefa_2.dir/C_/Users/KauanFarias/.pico-sdk/sdk/2.1.0/src/common/pico_sync/lock_core.c.obj
 .ARM.attributes
                0x000001cc       0x2c CMakeFiles/Tarefa_2.dir/C_/Users/KauanFarias/.pico-sdk/sdk/2.1.0/src/common/pico_sync/mutex.c.obj
 .ARM.attributes
                0x000001f8       0x2c CMakeFiles/Tarefa_2.dir/C_/Users/KauanFarias/.pico-sdk/sdk/2.1.0/src/common/pico_time/time.c.obj
 .ARM.attributes
                0x00000224       0x2c CMakeFiles/Tarefa_2.dir/C_/Users/KauanFarias/.pico-sdk/sdk/2.1.0/src/rp2_common/hardware_timer/timer.c.obj
 .ARM.attributes
                0x00000250       0x2c CMakeFiles/Tarefa_2.dir/C_/Users/KauanFarias/.pico-sdk/sdk/2.1.0/src/rp2_common/hardware_uart/uart.c.obj
 .ARM.attributes
                0x0000027c       0x2c CMakeFiles/Tarefa_2.dir/C_/Users/KauanFarias/.pico-sdk/sdk/2.1.0/src/rp2_common/hardware_clocks/clocks.c.obj
 .ARM.attributes
                0x000002a8       0x2c CMakeFiles/Tarefa_2.dir/C_/Users/KauanFarias/.pico-sdk/sdk/2.1.0/src/rp2_common/hardware_pll/pll.c.obj
 .ARM.attributes
                0x000002d4       0x2c CMakeFiles/Tarefa_2.dir/C_/Users/KauanFarias/.pico-sdk/sdk/2.1.0/src/rp2_common/hardware_ticks/ticks.c.obj
 .ARM.attributes
                0x00000300       0x2c CMakeFiles/Tarefa_2.dir/C_/Users/KauanFarias/.pico-sdk/sdk/2.1.0/src/rp2_common/pico_bootrom/bootrom.c.obj
 .ARM.attributes
                0x0000032c       0x2c CMakeFiles/Tarefa_2.dir/C_/Users/KauanFarias/.pico-sdk/sdk/2.1.0/src/rp2_common/hardware_xosc/xosc.c.obj
 .ARM.attributes
                0x00000358       0x2c CMakeFiles/Tarefa_2.dir/C_/Users/KauanFarias/.pico-sdk/sdk/2.1.0/src/rp2_common/pico_runtime/runtime.c.obj
 .ARM.attributes
                0x00000384       0x2c CMakeFiles/Tarefa_2.dir/C_/Users/KauanFarias/.pico-sdk/sdk/2.1.0/src/rp2_common/pico_runtime_init/runtime_init.c.obj
 .ARM.attributes
                0x000003b0       0x2c CMakeFiles/Tarefa_2.dir/C_/Users/KauanFarias/.pico-sdk/sdk/2.1.0/src/rp2_common/pico_runtime_init/runtime_init_clocks.c.obj
 .ARM.attributes
                0x000003dc       0x22 CMakeFiles/Tarefa_2.dir/C_/Users/KauanFarias/.pico-sdk/sdk/2.1.0/src/rp2_common/pico_bit_ops/bit_ops_aeabi.S.obj
 .ARM.attributes
                0x000003fe       0x22 CMakeFiles/Tarefa_2.dir/C_/Users/KauanFarias/.pico-sdk/sdk/2.1.0/src/rp2_common/pico_divider/divider_hardware.S.obj
 .ARM.attributes
                0x00000420       0x22 CMakeFiles/Tarefa_2.dir/C_/Users/KauanFarias/.pico-sdk/sdk/2.1.0/src/rp2_common/pico_double/double_aeabi_rp2040.S.obj
 .ARM.attributes
                0x00000442       0x2c CMakeFiles/Tarefa_2.dir/C_/Users/KauanFarias/.pico-sdk/sdk/2.1.0/src/rp2_common/pico_double/double_init_rom_rp2040.c.obj
 .ARM.attributes
                0x0000046e       0x22 CMakeFiles/Tarefa_2.dir/C_/Users/KauanFarias/.pico-sdk/sdk/2.1.0/src/rp2_common/pico_double/double_v1_rom_shim_rp2040.S.obj
 .ARM.attributes
                0x00000490       0x22 CMakeFiles/Tarefa_2.dir/C_/Users/KauanFarias/.pico-sdk/sdk/2.1.0/src/rp2_common/pico_int64_ops/pico_int64_ops_aeabi.S.obj
 .ARM.attributes
                0x000004b2       0x22 CMakeFiles/Tarefa_2.dir/C_/Users/KauanFarias/.pico-sdk/sdk/2.1.0/src/rp2_common/pico_float/float_aeabi_rp2040.S.obj
 .ARM.attributes
                0x000004d4       0x2c CMakeFiles/Tarefa_2.dir/C_/Users/KauanFarias/.pico-sdk/sdk/2.1.0/src/rp2_common/pico_float/float_init_rom_rp2040.c.obj
 .ARM.attributes
                0x00000500       0x22 CMakeFiles/Tarefa_2.dir/C_/Users/KauanFarias/.pico-sdk/sdk/2.1.0/src/rp2_common/pico_float/float_v1_rom_shim_rp2040.S.obj
 .ARM.attributes
                0x00000522       0x22 CMakeFiles/Tarefa_2.dir/C_/Users/KauanFarias/.pico-sdk/sdk/2.1.0/src/rp2_common/pico_mem_ops/mem_ops_aeabi.S.obj
 .ARM.attributes
                0x00000544       0x2c CMakeFiles/Tarefa_2.dir/C_/Users/KauanFarias/.pico-sdk/sdk/2.1.0/src/rp2_common/pico_standard_binary_info/standard_binary_info.c.obj
 .ARM.attributes
                0x00000570       0x2c CMakeFiles/Tarefa_2.dir/C_/Users/KauanFarias/.pico-sdk/sdk/2.1.0/src/rp2_common/pico_printf/printf.c.obj
 .ARM.attributes
                0x0000059c       0x22 CMakeFiles/Tarefa_2.dir/C_/Users/KauanFarias/.pico-sdk/sdk/2.1.0/src/rp2_common/pico_crt0/crt0.S.obj
 .ARM.attributes
                0x000005be       0x2c CMakeFiles/Tarefa_2.dir/C_/Users/KauanFarias/.pico-sdk/sdk/2.1.0/src/rp2_common/pico_clib_interface/newlib_interface.c.obj
 .ARM.attributes
                0x000005ea       0x2c CMakeFiles/Tarefa_2.dir/C_/Users/KauanFarias/.pico-sdk/sdk/2.1.0/src/rp2_common/pico_stdio/stdio.c.obj
 .ARM.attributes
                0x00000616       0x2c CMakeFiles/Tarefa_2.dir/C_/Users/KauanFarias/.pico-sdk/sdk/2.1.0/src/rp2_common/pico_stdio_uart/stdio_uart.c.obj
 .ARM.attributes
                0x00000642       0x22 pico-sdk/src/rp2040/boot_stage2/CMakeFiles/bs2_default_library.dir/./bs2_default_padded_checksummed.S.obj
 .ARM.attributes
                0x00000664       0x1e C:/Users/KauanFarias/.pico-sdk/toolchain/13_3_Rel1/bin/../lib/gcc/arm-none-eabi/13.3.1/thumb/v6-m/nofp\libgcc.a(_dvmd_tls.o)
 .ARM.attributes
                0x00000682       0x2c C:/Users/KauanFarias/.pico-sdk/toolchain/13_3_Rel1/bin/../lib/gcc/arm-none-eabi/13.3.1/thumb/v6-m/nofp\libg.a(libc_a-strlen-stub.o)
 .ARM.attributes
                0x000006ae       0x2c C:/Users/KauanFarias/.pico-sdk/toolchain/13_3_Rel1/bin/../lib/gcc/arm-none-eabi/13.3.1/thumb/v6-m/nofp/crtend.o

.comment        0x00000000       0x45
 .comment       0x00000000       0x45 CMakeFiles/Tarefa_2.dir/Tarefa_2.c.obj
                                 0x46 (size before relaxing)
 .comment       0x00000045       0x46 CMakeFiles/Tarefa_2.dir/C_/Users/KauanFarias/.pico-sdk/sdk/2.1.0/src/rp2_common/hardware_gpio/gpio.c.obj
 .comment       0x00000045       0x46 CMakeFiles/Tarefa_2.dir/C_/Users/KauanFarias/.pico-sdk/sdk/2.1.0/src/rp2_common/pico_platform_panic/panic.c.obj
 .comment       0x00000045       0x46 CMakeFiles/Tarefa_2.dir/C_/Users/KauanFarias/.pico-sdk/sdk/2.1.0/src/common/hardware_claim/claim.c.obj
 .comment       0x00000045       0x46 CMakeFiles/Tarefa_2.dir/C_/Users/KauanFarias/.pico-sdk/sdk/2.1.0/src/rp2_common/hardware_sync/sync.c.obj
 .comment       0x00000045       0x46 CMakeFiles/Tarefa_2.dir/C_/Users/KauanFarias/.pico-sdk/sdk/2.1.0/src/rp2_common/hardware_sync_spin_lock/sync_spin_lock.c.obj
 .comment       0x00000045       0x46 CMakeFiles/Tarefa_2.dir/C_/Users/KauanFarias/.pico-sdk/sdk/2.1.0/src/rp2_common/hardware_irq/irq.c.obj
 .comment       0x00000045       0x46 CMakeFiles/Tarefa_2.dir/C_/Users/KauanFarias/.pico-sdk/sdk/2.1.0/src/common/pico_sync/lock_core.c.obj
 .comment       0x00000045       0x46 CMakeFiles/Tarefa_2.dir/C_/Users/KauanFarias/.pico-sdk/sdk/2.1.0/src/common/pico_sync/mutex.c.obj
 .comment       0x00000045       0x46 CMakeFiles/Tarefa_2.dir/C_/Users/KauanFarias/.pico-sdk/sdk/2.1.0/src/common/pico_time/time.c.obj
 .comment       0x00000045       0x46 CMakeFiles/Tarefa_2.dir/C_/Users/KauanFarias/.pico-sdk/sdk/2.1.0/src/rp2_common/hardware_timer/timer.c.obj
 .comment       0x00000045       0x46 CMakeFiles/Tarefa_2.dir/C_/Users/KauanFarias/.pico-sdk/sdk/2.1.0/src/rp2_common/hardware_uart/uart.c.obj
 .comment       0x00000045       0x46 CMakeFiles/Tarefa_2.dir/C_/Users/KauanFarias/.pico-sdk/sdk/2.1.0/src/rp2_common/hardware_clocks/clocks.c.obj
 .comment       0x00000045       0x46 CMakeFiles/Tarefa_2.dir/C_/Users/KauanFarias/.pico-sdk/sdk/2.1.0/src/rp2_common/hardware_pll/pll.c.obj
 .comment       0x00000045       0x46 CMakeFiles/Tarefa_2.dir/C_/Users/KauanFarias/.pico-sdk/sdk/2.1.0/src/rp2_common/hardware_ticks/ticks.c.obj
 .comment       0x00000045       0x46 CMakeFiles/Tarefa_2.dir/C_/Users/KauanFarias/.pico-sdk/sdk/2.1.0/src/rp2_common/pico_bootrom/bootrom.c.obj
 .comment       0x00000045       0x46 CMakeFiles/Tarefa_2.dir/C_/Users/KauanFarias/.pico-sdk/sdk/2.1.0/src/rp2_common/hardware_xosc/xosc.c.obj
 .comment       0x00000045       0x46 CMakeFiles/Tarefa_2.dir/C_/Users/KauanFarias/.pico-sdk/sdk/2.1.0/src/rp2_common/pico_runtime/runtime.c.obj
 .comment       0x00000045       0x46 CMakeFiles/Tarefa_2.dir/C_/Users/KauanFarias/.pico-sdk/sdk/2.1.0/src/rp2_common/pico_runtime_init/runtime_init.c.obj
 .comment       0x00000045       0x46 CMakeFiles/Tarefa_2.dir/C_/Users/KauanFarias/.pico-sdk/sdk/2.1.0/src/rp2_common/pico_runtime_init/runtime_init_clocks.c.obj
 .comment       0x00000045       0x46 CMakeFiles/Tarefa_2.dir/C_/Users/KauanFarias/.pico-sdk/sdk/2.1.0/src/rp2_common/pico_double/double_init_rom_rp2040.c.obj
 .comment       0x00000045       0x46 CMakeFiles/Tarefa_2.dir/C_/Users/KauanFarias/.pico-sdk/sdk/2.1.0/src/rp2_common/pico_float/float_init_rom_rp2040.c.obj
 .comment       0x00000045       0x46 CMakeFiles/Tarefa_2.dir/C_/Users/KauanFarias/.pico-sdk/sdk/2.1.0/src/rp2_common/pico_standard_binary_info/standard_binary_info.c.obj
 .comment       0x00000045       0x46 CMakeFiles/Tarefa_2.dir/C_/Users/KauanFarias/.pico-sdk/sdk/2.1.0/src/rp2_common/pico_printf/printf.c.obj
 .comment       0x00000045       0x46 CMakeFiles/Tarefa_2.dir/C_/Users/KauanFarias/.pico-sdk/sdk/2.1.0/src/rp2_common/pico_clib_interface/newlib_interface.c.obj
 .comment       0x00000045       0x46 CMakeFiles/Tarefa_2.dir/C_/Users/KauanFarias/.pico-sdk/sdk/2.1.0/src/rp2_common/pico_stdio/stdio.c.obj
 .comment       0x00000045       0x46 CMakeFiles/Tarefa_2.dir/C_/Users/KauanFarias/.pico-sdk/sdk/2.1.0/src/rp2_common/pico_stdio_uart/stdio_uart.c.obj

.debug_info     0x00000000    0x1d1e2
 .debug_info    0x00000000     0x12ee CMakeFiles/Tarefa_2.dir/Tarefa_2.c.obj
 .debug_info    0x000012ee     0x2437 CMakeFiles/Tarefa_2.dir/C_/Users/KauanFarias/.pico-sdk/sdk/2.1.0/src/rp2_common/hardware_gpio/gpio.c.obj
 .debug_info    0x00003725      0x1bf CMakeFiles/Tarefa_2.dir/C_/Users/KauanFarias/.pico-sdk/sdk/2.1.0/src/rp2_common/pico_platform_panic/panic.c.obj
 .debug_info    0x000038e4      0x995 CMakeFiles/Tarefa_2.dir/C_/Users/KauanFarias/.pico-sdk/sdk/2.1.0/src/common/hardware_claim/claim.c.obj
 .debug_info    0x00004279      0x458 CMakeFiles/Tarefa_2.dir/C_/Users/KauanFarias/.pico-sdk/sdk/2.1.0/src/rp2_common/hardware_sync/sync.c.obj
 .debug_info    0x000046d1      0x245 CMakeFiles/Tarefa_2.dir/C_/Users/KauanFarias/.pico-sdk/sdk/2.1.0/src/rp2_common/hardware_sync_spin_lock/sync_spin_lock.c.obj
 .debug_info    0x00004916     0x21a8 CMakeFiles/Tarefa_2.dir/C_/Users/KauanFarias/.pico-sdk/sdk/2.1.0/src/rp2_common/hardware_irq/irq.c.obj
 .debug_info    0x00006abe      0x15f CMakeFiles/Tarefa_2.dir/C_/Users/KauanFarias/.pico-sdk/sdk/2.1.0/src/common/pico_sync/lock_core.c.obj
 .debug_info    0x00006c1d     0x2803 CMakeFiles/Tarefa_2.dir/C_/Users/KauanFarias/.pico-sdk/sdk/2.1.0/src/common/pico_sync/mutex.c.obj
 .debug_info    0x00009420     0x485e CMakeFiles/Tarefa_2.dir/C_/Users/KauanFarias/.pico-sdk/sdk/2.1.0/src/common/pico_time/time.c.obj
 .debug_info    0x0000dc7e     0x2b11 CMakeFiles/Tarefa_2.dir/C_/Users/KauanFarias/.pico-sdk/sdk/2.1.0/src/rp2_common/hardware_timer/timer.c.obj
 .debug_info    0x0001078f     0x195f CMakeFiles/Tarefa_2.dir/C_/Users/KauanFarias/.pico-sdk/sdk/2.1.0/src/rp2_common/hardware_uart/uart.c.obj
 .debug_info    0x000120ee     0x2935 CMakeFiles/Tarefa_2.dir/C_/Users/KauanFarias/.pico-sdk/sdk/2.1.0/src/rp2_common/hardware_clocks/clocks.c.obj
 .debug_info    0x00014a23      0x4e5 CMakeFiles/Tarefa_2.dir/C_/Users/KauanFarias/.pico-sdk/sdk/2.1.0/src/rp2_common/hardware_pll/pll.c.obj
 .debug_info    0x00014f08      0x248 CMakeFiles/Tarefa_2.dir/C_/Users/KauanFarias/.pico-sdk/sdk/2.1.0/src/rp2_common/hardware_ticks/ticks.c.obj
 .debug_info    0x00015150      0x633 CMakeFiles/Tarefa_2.dir/C_/Users/KauanFarias/.pico-sdk/sdk/2.1.0/src/rp2_common/pico_bootrom/bootrom.c.obj
 .debug_info    0x00015783      0x1cc CMakeFiles/Tarefa_2.dir/C_/Users/KauanFarias/.pico-sdk/sdk/2.1.0/src/rp2_common/hardware_xosc/xosc.c.obj
 .debug_info    0x0001594f      0x21a CMakeFiles/Tarefa_2.dir/C_/Users/KauanFarias/.pico-sdk/sdk/2.1.0/src/rp2_common/pico_runtime/runtime.c.obj
 .debug_info    0x00015b69      0x795 CMakeFiles/Tarefa_2.dir/C_/Users/KauanFarias/.pico-sdk/sdk/2.1.0/src/rp2_common/pico_runtime_init/runtime_init.c.obj
 .debug_info    0x000162fe      0x780 CMakeFiles/Tarefa_2.dir/C_/Users/KauanFarias/.pico-sdk/sdk/2.1.0/src/rp2_common/pico_runtime_init/runtime_init_clocks.c.obj
 .debug_info    0x00016a7e       0x23 CMakeFiles/Tarefa_2.dir/C_/Users/KauanFarias/.pico-sdk/sdk/2.1.0/src/rp2_common/pico_bit_ops/bit_ops_aeabi.S.obj
 .debug_info    0x00016aa1       0x23 CMakeFiles/Tarefa_2.dir/C_/Users/KauanFarias/.pico-sdk/sdk/2.1.0/src/rp2_common/pico_divider/divider_hardware.S.obj
 .debug_info    0x00016ac4       0x23 CMakeFiles/Tarefa_2.dir/C_/Users/KauanFarias/.pico-sdk/sdk/2.1.0/src/rp2_common/pico_double/double_aeabi_rp2040.S.obj
 .debug_info    0x00016ae7      0x28a CMakeFiles/Tarefa_2.dir/C_/Users/KauanFarias/.pico-sdk/sdk/2.1.0/src/rp2_common/pico_double/double_init_rom_rp2040.c.obj
 .debug_info    0x00016d71       0x23 CMakeFiles/Tarefa_2.dir/C_/Users/KauanFarias/.pico-sdk/sdk/2.1.0/src/rp2_common/pico_double/double_v1_rom_shim_rp2040.S.obj
 .debug_info    0x00016d94       0x24 CMakeFiles/Tarefa_2.dir/C_/Users/KauanFarias/.pico-sdk/sdk/2.1.0/src/rp2_common/pico_int64_ops/pico_int64_ops_aeabi.S.obj
 .debug_info    0x00016db8       0x23 CMakeFiles/Tarefa_2.dir/C_/Users/KauanFarias/.pico-sdk/sdk/2.1.0/src/rp2_common/pico_float/float_aeabi_rp2040.S.obj
 .debug_info    0x00016ddb      0x28a CMakeFiles/Tarefa_2.dir/C_/Users/KauanFarias/.pico-sdk/sdk/2.1.0/src/rp2_common/pico_float/float_init_rom_rp2040.c.obj
 .debug_info    0x00017065       0x23 CMakeFiles/Tarefa_2.dir/C_/Users/KauanFarias/.pico-sdk/sdk/2.1.0/src/rp2_common/pico_float/float_v1_rom_shim_rp2040.S.obj
 .debug_info    0x00017088       0x23 CMakeFiles/Tarefa_2.dir/C_/Users/KauanFarias/.pico-sdk/sdk/2.1.0/src/rp2_common/pico_mem_ops/mem_ops_aeabi.S.obj
 .debug_info    0x000170ab      0x2e2 CMakeFiles/Tarefa_2.dir/C_/Users/KauanFarias/.pico-sdk/sdk/2.1.0/src/rp2_common/pico_standard_binary_info/standard_binary_info.c.obj
 .debug_info    0x0001738d     0x211a CMakeFiles/Tarefa_2.dir/C_/Users/KauanFarias/.pico-sdk/sdk/2.1.0/src/rp2_common/pico_printf/printf.c.obj
 .debug_info    0x000194a7       0x23 CMakeFiles/Tarefa_2.dir/C_/Users/KauanFarias/.pico-sdk/sdk/2.1.0/src/rp2_common/pico_crt0/crt0.S.obj
 .debug_info    0x000194ca      0xb54 CMakeFiles/Tarefa_2.dir/C_/Users/KauanFarias/.pico-sdk/sdk/2.1.0/src/rp2_common/pico_clib_interface/newlib_interface.c.obj
 .debug_info    0x0001a01e     0x1cdd CMakeFiles/Tarefa_2.dir/C_/Users/KauanFarias/.pico-sdk/sdk/2.1.0/src/rp2_common/pico_stdio/stdio.c.obj
 .debug_info    0x0001bcfb     0x14e7 CMakeFiles/Tarefa_2.dir/C_/Users/KauanFarias/.pico-sdk/sdk/2.1.0/src/rp2_common/pico_stdio_uart/stdio_uart.c.obj

.debug_abbrev   0x00000000     0x5392
 .debug_abbrev  0x00000000      0x3ba CMakeFiles/Tarefa_2.dir/Tarefa_2.c.obj
 .debug_abbrev  0x000003ba      0x4f9 CMakeFiles/Tarefa_2.dir/C_/Users/KauanFarias/.pico-sdk/sdk/2.1.0/src/rp2_common/hardware_gpio/gpio.c.obj
 .debug_abbrev  0x000008b3      0x12b CMakeFiles/Tarefa_2.dir/C_/Users/KauanFarias/.pico-sdk/sdk/2.1.0/src/rp2_common/pico_platform_panic/panic.c.obj
 .debug_abbrev  0x000009de      0x33b CMakeFiles/Tarefa_2.dir/C_/Users/KauanFarias/.pico-sdk/sdk/2.1.0/src/common/hardware_claim/claim.c.obj
 .debug_abbrev  0x00000d19      0x20d CMakeFiles/Tarefa_2.dir/C_/Users/KauanFarias/.pico-sdk/sdk/2.1.0/src/rp2_common/hardware_sync/sync.c.obj
 .debug_abbrev  0x00000f26      0x1bb CMakeFiles/Tarefa_2.dir/C_/Users/KauanFarias/.pico-sdk/sdk/2.1.0/src/rp2_common/hardware_sync_spin_lock/sync_spin_lock.c.obj
 .debug_abbrev  0x000010e1      0x5ff CMakeFiles/Tarefa_2.dir/C_/Users/KauanFarias/.pico-sdk/sdk/2.1.0/src/rp2_common/hardware_irq/irq.c.obj
 .debug_abbrev  0x000016e0       0xee CMakeFiles/Tarefa_2.dir/C_/Users/KauanFarias/.pico-sdk/sdk/2.1.0/src/common/pico_sync/lock_core.c.obj
 .debug_abbrev  0x000017ce      0x48c CMakeFiles/Tarefa_2.dir/C_/Users/KauanFarias/.pico-sdk/sdk/2.1.0/src/common/pico_sync/mutex.c.obj
 .debug_abbrev  0x00001c5a      0x67b CMakeFiles/Tarefa_2.dir/C_/Users/KauanFarias/.pico-sdk/sdk/2.1.0/src/common/pico_time/time.c.obj
 .debug_abbrev  0x000022d5      0x4f2 CMakeFiles/Tarefa_2.dir/C_/Users/KauanFarias/.pico-sdk/sdk/2.1.0/src/rp2_common/hardware_timer/timer.c.obj
 .debug_abbrev  0x000027c7      0x365 CMakeFiles/Tarefa_2.dir/C_/Users/KauanFarias/.pico-sdk/sdk/2.1.0/src/rp2_common/hardware_uart/uart.c.obj
 .debug_abbrev  0x00002b2c      0x4e2 CMakeFiles/Tarefa_2.dir/C_/Users/KauanFarias/.pico-sdk/sdk/2.1.0/src/rp2_common/hardware_clocks/clocks.c.obj
 .debug_abbrev  0x0000300e      0x1d2 CMakeFiles/Tarefa_2.dir/C_/Users/KauanFarias/.pico-sdk/sdk/2.1.0/src/rp2_common/hardware_pll/pll.c.obj
 .debug_abbrev  0x000031e0      0x145 CMakeFiles/Tarefa_2.dir/C_/Users/KauanFarias/.pico-sdk/sdk/2.1.0/src/rp2_common/hardware_ticks/ticks.c.obj
 .debug_abbrev  0x00003325      0x1d7 CMakeFiles/Tarefa_2.dir/C_/Users/KauanFarias/.pico-sdk/sdk/2.1.0/src/rp2_common/pico_bootrom/bootrom.c.obj
 .debug_abbrev  0x000034fc      0x11b CMakeFiles/Tarefa_2.dir/C_/Users/KauanFarias/.pico-sdk/sdk/2.1.0/src/rp2_common/hardware_xosc/xosc.c.obj
 .debug_abbrev  0x00003617      0x182 CMakeFiles/Tarefa_2.dir/C_/Users/KauanFarias/.pico-sdk/sdk/2.1.0/src/rp2_common/pico_runtime/runtime.c.obj
 .debug_abbrev  0x00003799      0x222 CMakeFiles/Tarefa_2.dir/C_/Users/KauanFarias/.pico-sdk/sdk/2.1.0/src/rp2_common/pico_runtime_init/runtime_init.c.obj
 .debug_abbrev  0x000039bb      0x294 CMakeFiles/Tarefa_2.dir/C_/Users/KauanFarias/.pico-sdk/sdk/2.1.0/src/rp2_common/pico_runtime_init/runtime_init_clocks.c.obj
 .debug_abbrev  0x00003c4f       0x12 CMakeFiles/Tarefa_2.dir/C_/Users/KauanFarias/.pico-sdk/sdk/2.1.0/src/rp2_common/pico_bit_ops/bit_ops_aeabi.S.obj
 .debug_abbrev  0x00003c61       0x12 CMakeFiles/Tarefa_2.dir/C_/Users/KauanFarias/.pico-sdk/sdk/2.1.0/src/rp2_common/pico_divider/divider_hardware.S.obj
 .debug_abbrev  0x00003c73       0x12 CMakeFiles/Tarefa_2.dir/C_/Users/KauanFarias/.pico-sdk/sdk/2.1.0/src/rp2_common/pico_double/double_aeabi_rp2040.S.obj
 .debug_abbrev  0x00003c85      0x17a CMakeFiles/Tarefa_2.dir/C_/Users/KauanFarias/.pico-sdk/sdk/2.1.0/src/rp2_common/pico_double/double_init_rom_rp2040.c.obj
 .debug_abbrev  0x00003dff       0x12 CMakeFiles/Tarefa_2.dir/C_/Users/KauanFarias/.pico-sdk/sdk/2.1.0/src/rp2_common/pico_double/double_v1_rom_shim_rp2040.S.obj
 .debug_abbrev  0x00003e11       0x14 CMakeFiles/Tarefa_2.dir/C_/Users/KauanFarias/.pico-sdk/sdk/2.1.0/src/rp2_common/pico_int64_ops/pico_int64_ops_aeabi.S.obj
 .debug_abbrev  0x00003e25       0x12 CMakeFiles/Tarefa_2.dir/C_/Users/KauanFarias/.pico-sdk/sdk/2.1.0/src/rp2_common/pico_float/float_aeabi_rp2040.S.obj
 .debug_abbrev  0x00003e37      0x173 CMakeFiles/Tarefa_2.dir/C_/Users/KauanFarias/.pico-sdk/sdk/2.1.0/src/rp2_common/pico_float/float_init_rom_rp2040.c.obj
 .debug_abbrev  0x00003faa       0x12 CMakeFiles/Tarefa_2.dir/C_/Users/KauanFarias/.pico-sdk/sdk/2.1.0/src/rp2_common/pico_float/float_v1_rom_shim_rp2040.S.obj
 .debug_abbrev  0x00003fbc       0x12 CMakeFiles/Tarefa_2.dir/C_/Users/KauanFarias/.pico-sdk/sdk/2.1.0/src/rp2_common/pico_mem_ops/mem_ops_aeabi.S.obj
 .debug_abbrev  0x00003fce       0xb8 CMakeFiles/Tarefa_2.dir/C_/Users/KauanFarias/.pico-sdk/sdk/2.1.0/src/rp2_common/pico_standard_binary_info/standard_binary_info.c.obj
 .debug_abbrev  0x00004086      0x525 CMakeFiles/Tarefa_2.dir/C_/Users/KauanFarias/.pico-sdk/sdk/2.1.0/src/rp2_common/pico_printf/printf.c.obj
 .debug_abbrev  0x000045ab       0x12 CMakeFiles/Tarefa_2.dir/C_/Users/KauanFarias/.pico-sdk/sdk/2.1.0/src/rp2_common/pico_crt0/crt0.S.obj
 .debug_abbrev  0x000045bd      0x352 CMakeFiles/Tarefa_2.dir/C_/Users/KauanFarias/.pico-sdk/sdk/2.1.0/src/rp2_common/pico_clib_interface/newlib_interface.c.obj
 .debug_abbrev  0x0000490f      0x5eb CMakeFiles/Tarefa_2.dir/C_/Users/KauanFarias/.pico-sdk/sdk/2.1.0/src/rp2_common/pico_stdio/stdio.c.obj
 .debug_abbrev  0x00004efa      0x498 CMakeFiles/Tarefa_2.dir/C_/Users/KauanFarias/.pico-sdk/sdk/2.1.0/src/rp2_common/pico_stdio_uart/stdio_uart.c.obj

.debug_loclists
                0x00000000    0x10798
 .debug_loclists
                0x00000000      0x63b CMakeFiles/Tarefa_2.dir/Tarefa_2.c.obj
 .debug_loclists
                0x0000063b     0x1a03 CMakeFiles/Tarefa_2.dir/C_/Users/KauanFarias/.pico-sdk/sdk/2.1.0/src/rp2_common/hardware_gpio/gpio.c.obj
 .debug_loclists
                0x0000203e      0x36e CMakeFiles/Tarefa_2.dir/C_/Users/KauanFarias/.pico-sdk/sdk/2.1.0/src/common/hardware_claim/claim.c.obj
 .debug_loclists
                0x000023ac       0xf1 CMakeFiles/Tarefa_2.dir/C_/Users/KauanFarias/.pico-sdk/sdk/2.1.0/src/rp2_common/hardware_sync/sync.c.obj
 .debug_loclists
                0x0000249d       0x7d CMakeFiles/Tarefa_2.dir/C_/Users/KauanFarias/.pico-sdk/sdk/2.1.0/src/rp2_common/hardware_sync_spin_lock/sync_spin_lock.c.obj
 .debug_loclists
                0x0000251a     0x116f CMakeFiles/Tarefa_2.dir/C_/Users/KauanFarias/.pico-sdk/sdk/2.1.0/src/rp2_common/hardware_irq/irq.c.obj
 .debug_loclists
                0x00003689       0x41 CMakeFiles/Tarefa_2.dir/C_/Users/KauanFarias/.pico-sdk/sdk/2.1.0/src/common/pico_sync/lock_core.c.obj
 .debug_loclists
                0x000036ca      0xafa CMakeFiles/Tarefa_2.dir/C_/Users/KauanFarias/.pico-sdk/sdk/2.1.0/src/common/pico_sync/mutex.c.obj
 .debug_loclists
                0x000041c4     0x24bd CMakeFiles/Tarefa_2.dir/C_/Users/KauanFarias/.pico-sdk/sdk/2.1.0/src/common/pico_time/time.c.obj
 .debug_loclists
                0x00006681     0x1a12 CMakeFiles/Tarefa_2.dir/C_/Users/KauanFarias/.pico-sdk/sdk/2.1.0/src/rp2_common/hardware_timer/timer.c.obj
 .debug_loclists
                0x00008093      0xc90 CMakeFiles/Tarefa_2.dir/C_/Users/KauanFarias/.pico-sdk/sdk/2.1.0/src/rp2_common/hardware_uart/uart.c.obj
 .debug_loclists
                0x00008d23     0x28a5 CMakeFiles/Tarefa_2.dir/C_/Users/KauanFarias/.pico-sdk/sdk/2.1.0/src/rp2_common/hardware_clocks/clocks.c.obj
 .debug_loclists
                0x0000b5c8      0x1e0 CMakeFiles/Tarefa_2.dir/C_/Users/KauanFarias/.pico-sdk/sdk/2.1.0/src/rp2_common/hardware_pll/pll.c.obj
 .debug_loclists
                0x0000b7a8       0x47 CMakeFiles/Tarefa_2.dir/C_/Users/KauanFarias/.pico-sdk/sdk/2.1.0/src/rp2_common/hardware_ticks/ticks.c.obj
 .debug_loclists
                0x0000b7ef      0x38a CMakeFiles/Tarefa_2.dir/C_/Users/KauanFarias/.pico-sdk/sdk/2.1.0/src/rp2_common/pico_bootrom/bootrom.c.obj
 .debug_loclists
                0x0000bb79       0x48 CMakeFiles/Tarefa_2.dir/C_/Users/KauanFarias/.pico-sdk/sdk/2.1.0/src/rp2_common/hardware_xosc/xosc.c.obj
 .debug_loclists
                0x0000bbc1       0x7e CMakeFiles/Tarefa_2.dir/C_/Users/KauanFarias/.pico-sdk/sdk/2.1.0/src/rp2_common/pico_runtime/runtime.c.obj
 .debug_loclists
                0x0000bc3f       0xba CMakeFiles/Tarefa_2.dir/C_/Users/KauanFarias/.pico-sdk/sdk/2.1.0/src/rp2_common/pico_runtime_init/runtime_init.c.obj
 .debug_loclists
                0x0000bcf9       0x74 CMakeFiles/Tarefa_2.dir/C_/Users/KauanFarias/.pico-sdk/sdk/2.1.0/src/rp2_common/pico_runtime_init/runtime_init_clocks.c.obj
 .debug_loclists
                0x0000bd6d       0x3d CMakeFiles/Tarefa_2.dir/C_/Users/KauanFarias/.pico-sdk/sdk/2.1.0/src/rp2_common/pico_double/double_init_rom_rp2040.c.obj
 .debug_loclists
                0x0000bdaa       0x59 CMakeFiles/Tarefa_2.dir/C_/Users/KauanFarias/.pico-sdk/sdk/2.1.0/src/rp2_common/pico_float/float_init_rom_rp2040.c.obj
 .debug_loclists
                0x0000be03     0x2f65 CMakeFiles/Tarefa_2.dir/C_/Users/KauanFarias/.pico-sdk/sdk/2.1.0/src/rp2_common/pico_printf/printf.c.obj
 .debug_loclists
                0x0000ed68      0x431 CMakeFiles/Tarefa_2.dir/C_/Users/KauanFarias/.pico-sdk/sdk/2.1.0/src/rp2_common/pico_clib_interface/newlib_interface.c.obj
 .debug_loclists
                0x0000f199      0xeab CMakeFiles/Tarefa_2.dir/C_/Users/KauanFarias/.pico-sdk/sdk/2.1.0/src/rp2_common/pico_stdio/stdio.c.obj
 .debug_loclists
                0x00010044      0x754 CMakeFiles/Tarefa_2.dir/C_/Users/KauanFarias/.pico-sdk/sdk/2.1.0/src/rp2_common/pico_stdio_uart/stdio_uart.c.obj

.debug_aranges  0x00000000      0xf40
 .debug_aranges
                0x00000000       0x40 CMakeFiles/Tarefa_2.dir/Tarefa_2.c.obj
 .debug_aranges
                0x00000040      0x120 CMakeFiles/Tarefa_2.dir/C_/Users/KauanFarias/.pico-sdk/sdk/2.1.0/src/rp2_common/hardware_gpio/gpio.c.obj
 .debug_aranges
                0x00000160       0x28 CMakeFiles/Tarefa_2.dir/C_/Users/KauanFarias/.pico-sdk/sdk/2.1.0/src/rp2_common/pico_platform_panic/panic.c.obj
 .debug_aranges
                0x00000188       0x48 CMakeFiles/Tarefa_2.dir/C_/Users/KauanFarias/.pico-sdk/sdk/2.1.0/src/common/hardware_claim/claim.c.obj
 .debug_aranges
                0x000001d0       0x48 CMakeFiles/Tarefa_2.dir/C_/Users/KauanFarias/.pico-sdk/sdk/2.1.0/src/rp2_common/hardware_sync/sync.c.obj
 .debug_aranges
                0x00000218       0x28 CMakeFiles/Tarefa_2.dir/C_/Users/KauanFarias/.pico-sdk/sdk/2.1.0/src/rp2_common/hardware_sync_spin_lock/sync_spin_lock.c.obj
 .debug_aranges
                0x00000240       0xb0 CMakeFiles/Tarefa_2.dir/C_/Users/KauanFarias/.pico-sdk/sdk/2.1.0/src/rp2_common/hardware_irq/irq.c.obj
 .debug_aranges
                0x000002f0       0x20 CMakeFiles/Tarefa_2.dir/C_/Users/KauanFarias/.pico-sdk/sdk/2.1.0/src/common/pico_sync/lock_core.c.obj
 .debug_aranges
                0x00000310       0x98 CMakeFiles/Tarefa_2.dir/C_/Users/KauanFarias/.pico-sdk/sdk/2.1.0/src/common/pico_sync/mutex.c.obj
 .debug_aranges
                0x000003a8       0xe0 CMakeFiles/Tarefa_2.dir/C_/Users/KauanFarias/.pico-sdk/sdk/2.1.0/src/common/pico_time/time.c.obj
 .debug_aranges
                0x00000488       0xf0 CMakeFiles/Tarefa_2.dir/C_/Users/KauanFarias/.pico-sdk/sdk/2.1.0/src/rp2_common/hardware_timer/timer.c.obj
 .debug_aranges
                0x00000578       0x58 CMakeFiles/Tarefa_2.dir/C_/Users/KauanFarias/.pico-sdk/sdk/2.1.0/src/rp2_common/hardware_uart/uart.c.obj
 .debug_aranges
                0x000005d0       0x90 CMakeFiles/Tarefa_2.dir/C_/Users/KauanFarias/.pico-sdk/sdk/2.1.0/src/rp2_common/hardware_clocks/clocks.c.obj
 .debug_aranges
                0x00000660       0x28 CMakeFiles/Tarefa_2.dir/C_/Users/KauanFarias/.pico-sdk/sdk/2.1.0/src/rp2_common/hardware_pll/pll.c.obj
 .debug_aranges
                0x00000688       0x30 CMakeFiles/Tarefa_2.dir/C_/Users/KauanFarias/.pico-sdk/sdk/2.1.0/src/rp2_common/hardware_ticks/ticks.c.obj
 .debug_aranges
                0x000006b8       0x40 CMakeFiles/Tarefa_2.dir/C_/Users/KauanFarias/.pico-sdk/sdk/2.1.0/src/rp2_common/pico_bootrom/bootrom.c.obj
 .debug_aranges
                0x000006f8       0x30 CMakeFiles/Tarefa_2.dir/C_/Users/KauanFarias/.pico-sdk/sdk/2.1.0/src/rp2_common/hardware_xosc/xosc.c.obj
 .debug_aranges
                0x00000728       0x38 CMakeFiles/Tarefa_2.dir/C_/Users/KauanFarias/.pico-sdk/sdk/2.1.0/src/rp2_common/pico_runtime/runtime.c.obj
 .debug_aranges
                0x00000760       0x48 CMakeFiles/Tarefa_2.dir/C_/Users/KauanFarias/.pico-sdk/sdk/2.1.0/src/rp2_common/pico_runtime_init/runtime_init.c.obj
 .debug_aranges
                0x000007a8       0x20 CMakeFiles/Tarefa_2.dir/C_/Users/KauanFarias/.pico-sdk/sdk/2.1.0/src/rp2_common/pico_runtime_init/runtime_init_clocks.c.obj
 .debug_aranges
                0x000007c8       0x60 CMakeFiles/Tarefa_2.dir/C_/Users/KauanFarias/.pico-sdk/sdk/2.1.0/src/rp2_common/pico_bit_ops/bit_ops_aeabi.S.obj
 .debug_aranges
                0x00000828       0x40 CMakeFiles/Tarefa_2.dir/C_/Users/KauanFarias/.pico-sdk/sdk/2.1.0/src/rp2_common/pico_divider/divider_hardware.S.obj
 .debug_aranges
                0x00000868      0x140 CMakeFiles/Tarefa_2.dir/C_/Users/KauanFarias/.pico-sdk/sdk/2.1.0/src/rp2_common/pico_double/double_aeabi_rp2040.S.obj
 .debug_aranges
                0x000009a8       0x20 CMakeFiles/Tarefa_2.dir/C_/Users/KauanFarias/.pico-sdk/sdk/2.1.0/src/rp2_common/pico_double/double_init_rom_rp2040.c.obj
 .debug_aranges
                0x000009c8       0xc8 CMakeFiles/Tarefa_2.dir/C_/Users/KauanFarias/.pico-sdk/sdk/2.1.0/src/rp2_common/pico_double/double_v1_rom_shim_rp2040.S.obj
 .debug_aranges
                0x00000a90       0x20 CMakeFiles/Tarefa_2.dir/C_/Users/KauanFarias/.pico-sdk/sdk/2.1.0/src/rp2_common/pico_int64_ops/pico_int64_ops_aeabi.S.obj
 .debug_aranges
                0x00000ab0      0x130 CMakeFiles/Tarefa_2.dir/C_/Users/KauanFarias/.pico-sdk/sdk/2.1.0/src/rp2_common/pico_float/float_aeabi_rp2040.S.obj
 .debug_aranges
                0x00000be0       0x20 CMakeFiles/Tarefa_2.dir/C_/Users/KauanFarias/.pico-sdk/sdk/2.1.0/src/rp2_common/pico_float/float_init_rom_rp2040.c.obj
 .debug_aranges
                0x00000c00       0x50 CMakeFiles/Tarefa_2.dir/C_/Users/KauanFarias/.pico-sdk/sdk/2.1.0/src/rp2_common/pico_float/float_v1_rom_shim_rp2040.S.obj
 .debug_aranges
                0x00000c50       0x38 CMakeFiles/Tarefa_2.dir/C_/Users/KauanFarias/.pico-sdk/sdk/2.1.0/src/rp2_common/pico_mem_ops/mem_ops_aeabi.S.obj
 .debug_aranges
                0x00000c88       0x18 CMakeFiles/Tarefa_2.dir/C_/Users/KauanFarias/.pico-sdk/sdk/2.1.0/src/rp2_common/pico_standard_binary_info/standard_binary_info.c.obj
 .debug_aranges
                0x00000ca0       0x90 CMakeFiles/Tarefa_2.dir/C_/Users/KauanFarias/.pico-sdk/sdk/2.1.0/src/rp2_common/pico_printf/printf.c.obj
 .debug_aranges
                0x00000d30       0x28 CMakeFiles/Tarefa_2.dir/C_/Users/KauanFarias/.pico-sdk/sdk/2.1.0/src/rp2_common/pico_crt0/crt0.S.obj
 .debug_aranges
                0x00000d58       0xa0 CMakeFiles/Tarefa_2.dir/C_/Users/KauanFarias/.pico-sdk/sdk/2.1.0/src/rp2_common/pico_clib_interface/newlib_interface.c.obj
 .debug_aranges
                0x00000df8       0xc8 CMakeFiles/Tarefa_2.dir/C_/Users/KauanFarias/.pico-sdk/sdk/2.1.0/src/rp2_common/pico_stdio/stdio.c.obj
 .debug_aranges
                0x00000ec0       0x80 CMakeFiles/Tarefa_2.dir/C_/Users/KauanFarias/.pico-sdk/sdk/2.1.0/src/rp2_common/pico_stdio_uart/stdio_uart.c.obj

.debug_rnglists
                0x00000000     0x2cf9
 .debug_rnglists
                0x00000000       0x91 CMakeFiles/Tarefa_2.dir/Tarefa_2.c.obj
 .debug_rnglists
                0x00000091      0x5c7 CMakeFiles/Tarefa_2.dir/C_/Users/KauanFarias/.pico-sdk/sdk/2.1.0/src/rp2_common/hardware_gpio/gpio.c.obj
 .debug_rnglists
                0x00000658       0x19 CMakeFiles/Tarefa_2.dir/C_/Users/KauanFarias/.pico-sdk/sdk/2.1.0/src/rp2_common/pico_platform_panic/panic.c.obj
 .debug_rnglists
                0x00000671       0xc5 CMakeFiles/Tarefa_2.dir/C_/Users/KauanFarias/.pico-sdk/sdk/2.1.0/src/common/hardware_claim/claim.c.obj
 .debug_rnglists
                0x00000736       0x67 CMakeFiles/Tarefa_2.dir/C_/Users/KauanFarias/.pico-sdk/sdk/2.1.0/src/rp2_common/hardware_sync/sync.c.obj
 .debug_rnglists
                0x0000079d       0x3d CMakeFiles/Tarefa_2.dir/C_/Users/KauanFarias/.pico-sdk/sdk/2.1.0/src/rp2_common/hardware_sync_spin_lock/sync_spin_lock.c.obj
 .debug_rnglists
                0x000007da      0x355 CMakeFiles/Tarefa_2.dir/C_/Users/KauanFarias/.pico-sdk/sdk/2.1.0/src/rp2_common/hardware_irq/irq.c.obj
 .debug_rnglists
                0x00000b2f       0x1f CMakeFiles/Tarefa_2.dir/C_/Users/KauanFarias/.pico-sdk/sdk/2.1.0/src/common/pico_sync/lock_core.c.obj
 .debug_rnglists
                0x00000b4e      0x32c CMakeFiles/Tarefa_2.dir/C_/Users/KauanFarias/.pico-sdk/sdk/2.1.0/src/common/pico_sync/mutex.c.obj
 .debug_rnglists
                0x00000e7a      0x77c CMakeFiles/Tarefa_2.dir/C_/Users/KauanFarias/.pico-sdk/sdk/2.1.0/src/common/pico_time/time.c.obj
 .debug_rnglists
                0x000015f6      0x2c6 CMakeFiles/Tarefa_2.dir/C_/Users/KauanFarias/.pico-sdk/sdk/2.1.0/src/rp2_common/hardware_timer/timer.c.obj
 .debug_rnglists
                0x000018bc      0x259 CMakeFiles/Tarefa_2.dir/C_/Users/KauanFarias/.pico-sdk/sdk/2.1.0/src/rp2_common/hardware_uart/uart.c.obj
 .debug_rnglists
                0x00001b15      0x4ad CMakeFiles/Tarefa_2.dir/C_/Users/KauanFarias/.pico-sdk/sdk/2.1.0/src/rp2_common/hardware_clocks/clocks.c.obj
 .debug_rnglists
                0x00001fc2       0x5c CMakeFiles/Tarefa_2.dir/C_/Users/KauanFarias/.pico-sdk/sdk/2.1.0/src/rp2_common/hardware_pll/pll.c.obj
 .debug_rnglists
                0x0000201e       0x2b CMakeFiles/Tarefa_2.dir/C_/Users/KauanFarias/.pico-sdk/sdk/2.1.0/src/rp2_common/hardware_ticks/ticks.c.obj
 .debug_rnglists
                0x00002049      0x10c CMakeFiles/Tarefa_2.dir/C_/Users/KauanFarias/.pico-sdk/sdk/2.1.0/src/rp2_common/pico_bootrom/bootrom.c.obj
 .debug_rnglists
                0x00002155       0x2b CMakeFiles/Tarefa_2.dir/C_/Users/KauanFarias/.pico-sdk/sdk/2.1.0/src/rp2_common/hardware_xosc/xosc.c.obj
 .debug_rnglists
                0x00002180       0x3d CMakeFiles/Tarefa_2.dir/C_/Users/KauanFarias/.pico-sdk/sdk/2.1.0/src/rp2_common/pico_runtime/runtime.c.obj
 .debug_rnglists
                0x000021bd       0x49 CMakeFiles/Tarefa_2.dir/C_/Users/KauanFarias/.pico-sdk/sdk/2.1.0/src/rp2_common/pico_runtime_init/runtime_init.c.obj
 .debug_rnglists
                0x00002206       0x20 CMakeFiles/Tarefa_2.dir/C_/Users/KauanFarias/.pico-sdk/sdk/2.1.0/src/rp2_common/pico_runtime_init/runtime_init_clocks.c.obj
 .debug_rnglists
                0x00002226       0x43 CMakeFiles/Tarefa_2.dir/C_/Users/KauanFarias/.pico-sdk/sdk/2.1.0/src/rp2_common/pico_bit_ops/bit_ops_aeabi.S.obj
 .debug_rnglists
                0x00002269       0x2c CMakeFiles/Tarefa_2.dir/C_/Users/KauanFarias/.pico-sdk/sdk/2.1.0/src/rp2_common/pico_divider/divider_hardware.S.obj
 .debug_rnglists
                0x00002295       0xed CMakeFiles/Tarefa_2.dir/C_/Users/KauanFarias/.pico-sdk/sdk/2.1.0/src/rp2_common/pico_double/double_aeabi_rp2040.S.obj
 .debug_rnglists
                0x00002382       0x14 CMakeFiles/Tarefa_2.dir/C_/Users/KauanFarias/.pico-sdk/sdk/2.1.0/src/rp2_common/pico_double/double_init_rom_rp2040.c.obj
 .debug_rnglists
                0x00002396       0x99 CMakeFiles/Tarefa_2.dir/C_/Users/KauanFarias/.pico-sdk/sdk/2.1.0/src/rp2_common/pico_double/double_v1_rom_shim_rp2040.S.obj
 .debug_rnglists
                0x0000242f       0xdf CMakeFiles/Tarefa_2.dir/C_/Users/KauanFarias/.pico-sdk/sdk/2.1.0/src/rp2_common/pico_float/float_aeabi_rp2040.S.obj
 .debug_rnglists
                0x0000250e       0x13 CMakeFiles/Tarefa_2.dir/C_/Users/KauanFarias/.pico-sdk/sdk/2.1.0/src/rp2_common/pico_float/float_init_rom_rp2040.c.obj
 .debug_rnglists
                0x00002521       0x38 CMakeFiles/Tarefa_2.dir/C_/Users/KauanFarias/.pico-sdk/sdk/2.1.0/src/rp2_common/pico_float/float_v1_rom_shim_rp2040.S.obj
 .debug_rnglists
                0x00002559       0x25 CMakeFiles/Tarefa_2.dir/C_/Users/KauanFarias/.pico-sdk/sdk/2.1.0/src/rp2_common/pico_mem_ops/mem_ops_aeabi.S.obj
 .debug_rnglists
                0x0000257e      0x27c CMakeFiles/Tarefa_2.dir/C_/Users/KauanFarias/.pico-sdk/sdk/2.1.0/src/rp2_common/pico_printf/printf.c.obj
 .debug_rnglists
                0x000027fa       0x1b CMakeFiles/Tarefa_2.dir/C_/Users/KauanFarias/.pico-sdk/sdk/2.1.0/src/rp2_common/pico_crt0/crt0.S.obj
 .debug_rnglists